26308480,32,  %shr.i = lshr i32 %tmp, 31, !opType !10, !opCode !11, !opID !12, !ufrgs.lse.id !13
26308624,32,  %shl.i = shl i32 %tmp, 1, !opType !10, !opCode !14, !opID !15, !ufrgs.lse.id !16
26309024,32,  %sub.i2 = add nsw i32 %tmp1, -1, !opType !6, !opCode !22, !opID !23, !ufrgs.lse.id !24
26309312,1,  %cmp.i = icmp slt i32 %tmp1, 26, !opType !6, !opCode !27, !opID !28, !ufrgs.lse.id !29
26309728,1,  %cmp1.i = icmp ult i8* %tmp2, getelementptr inbounds ([2048 x i8]* @ld_Rdbfr, i32 0, i32 2044), !opType !6, !opCode !27, !opID !37, !ufrgs.lse.id !38
26309872,32,  %tmp3 = sub i32 25, %tmp1, !opType !6, !opCode !39, !opID !40, !ufrgs.lse.id !41
26310352,32,  %tmp4 = phi i32 [ %or.i, %48 ], [ %injection1, %do.body.i.preheader ], !opType !6, !opCode !48, !opID !49, !ufrgs.lse.id !50
26310608,0,  %tmp5 = phi i8* [ %incdec.ptr.i, %55 ], [ %tmp2, %do.body.i.preheader ], !opType !6, !opCode !48, !opID !51, !ufrgs.lse.id !52
26317072,32,  %Incnt.0.i = phi i32 [ %add.i, %62 ], [ %injection2, %do.body.i.preheader ], !opType !6, !opCode !48, !opID !53, !ufrgs.lse.id !54
26317376,0,  %incdec.ptr.i = getelementptr inbounds i8* %injection7, i32 1, !opType !6, !opCode !55, !opID !56, !ufrgs.lse.id !57
26317608,32,  %conv.i = zext i8 %tmp6 to i32, !opType !6, !opCode !61, !opID !62, !ufrgs.lse.id !63
26317744,32,  %sub3.i = sub nsw i32 24, %injection8, !opType !64, !opCode !39, !opID !65, !ufrgs.lse.id !66
26317888,32,  %shl4.i = shl i32 %injection11, %injection12, !opType !64, !opCode !14, !opID !67, !ufrgs.lse.id !68
26318032,32,  %or.i = or i32 %injection13, %injection6, !opType !10, !opCode !69, !opID !70, !ufrgs.lse.id !71
26318176,32,  %add.i = add nsw i32 %injection8, 8, !opType !64, !opCode !22, !opID !72, !ufrgs.lse.id !73
26318320,1,  %cmp5.i = icmp slt i32 %injection15, 25, !opType !6, !opCode !27, !opID !74, !ufrgs.lse.id !75
26318576,32,  %or15.i1 = phi i32 [ %or15.i, %if.end.i ], [ %injection1, %do.body7.i.preheader ], !opType !6, !opCode !48, !opID !78, !ufrgs.lse.id !79
26318672,0,  %tmp7 = phi i8* [ %incdec.ptr11.i, %if.end.i ], [ %tmp2, %do.body7.i.preheader ], !opType !6, !opCode !48, !opID !80, !ufrgs.lse.id !81
26318848,32,  %Incnt.1.i = phi i32 [ %add16.i, %if.end.i ], [ %injection2, %do.body7.i.preheader ], !opType !6, !opCode !48, !opID !82, !ufrgs.lse.id !83
26319152,1,  %cmp8.i = icmp ult i8* %injection19, getelementptr inbounds ([2048 x i8]* @ld_Rdbfr, i32 1, i32 0), !opType !6, !opCode !27, !opID !84, !ufrgs.lse.id !85
26319520,0,  %p2.07.i.i.i = phi i8* [ %incdec.ptr1.i.i.i, %146 ], [ getelementptr inbounds ([2048 x i8]* @inRdbfr, i32 0, i32 0), %while.body.i.i.i.preheader ], !opType !6, !opCode !48, !opID !90, !ufrgs.lse.id !91
26319776,0,  %p1.06.i.i.i = phi i8* [ %incdec.ptr.i.i.i, %153 ], [ getelementptr inbounds ([2048 x i8]* @ld_Rdbfr, i32 0, i32 0), %while.body.i.i.i.preheader ], !opType !6, !opCode !48, !opID !92, !ufrgs.lse.id !93
26320336,0,  %incdec.ptr.i.i.i = getelementptr inbounds i8* %injection25, i32 1, !opType !6, !opCode !55, !opID !98, !ufrgs.lse.id !99
26320480,0,  %incdec.ptr1.i.i.i = getelementptr inbounds i8* %injection23, i32 1, !opType !6, !opCode !55, !opID !100, !ufrgs.lse.id !101
26320624,1,  %exitcond.i.i = icmp eq i8* %injection29, getelementptr inbounds ([2048 x i8]* @inRdbfr, i32 1, i32 0), !opType !6, !opCode !27, !opID !102, !ufrgs.lse.id !103
26320992,0,  %tmp9 = phi i8* [ %injection19, %139 ], [ getelementptr inbounds ([2048 x i8]* @ld_Rdbfr, i32 0, i32 0), %if.end.i.loopexit ], !opType !6, !opCode !48, !opID !108, !ufrgs.lse.id !109
26321136,0,  %incdec.ptr11.i = getelementptr inbounds i8* %injection32, i32 1, !opType !6, !opCode !55, !opID !110, !ufrgs.lse.id !111
26321368,32,  %conv12.i = zext i8 %tmp10 to i32, !opType !6, !opCode !61, !opID !114, !ufrgs.lse.id !115
26321504,32,  %sub13.i = sub nsw i32 24, %injection20, !opType !64, !opCode !39, !opID !116, !ufrgs.lse.id !117
26321648,32,  %shl14.i = shl i32 %injection35, %injection36, !opType !64, !opCode !14, !opID !118, !ufrgs.lse.id !119
26321792,32,  %or15.i = or i32 %injection37, %injection17, !opType !10, !opCode !69, !opID !120, !ufrgs.lse.id !121
26321936,32,  %add16.i = add nsw i32 %injection20, 8, !opType !64, !opCode !22, !opID !122, !ufrgs.lse.id !123
26322080,1,  %cmp18.i = icmp slt i32 %injection39, 25, !opType !6, !opCode !27, !opID !124, !ufrgs.lse.id !125
26322384,32,  %tmp11 = lshr i32 %injection5, 3, !opType !6, !opCode !11, !opID !128, !ufrgs.lse.id !129
26322528,32,  %tmp12 = add nuw nsw i32 %injection41, 1, !opType !6, !opCode !22, !opID !130, !ufrgs.lse.id !131
26322672,0,  %scevgep = getelementptr i8* %tmp2, i32 %injection42, !opType !6, !opCode !55, !opID !132, !ufrgs.lse.id !133
26323104,32,  %tmp13 = and i32 %injection5, -8, !opType !6, !opCode !138, !opID !139, !ufrgs.lse.id !140
26323248,32,  %tmp14 = add i32 %tmp1, 7, !opType !6, !opCode !22, !opID !141, !ufrgs.lse.id !142
26323392,32,  %tmp15 = add i32 %injection46, %injection45, !opType !6, !opCode !22, !opID !143, !ufrgs.lse.id !144
26323648,32,  %tmp16 = and i32 %injection5, -8, !opType !6, !opCode !138, !opID !147, !ufrgs.lse.id !148
26323792,32,  %tmp17 = add i32 %tmp1, %injection48, !opType !6, !opCode !22, !opID !149, !ufrgs.lse.id !150
26325264,32,  %tmp18 = add i32 %injection49, 7, !opType !6, !opCode !22, !opID !155, !ufrgs.lse.id !156
26325472,32,  %Incnt.2.i = phi i32 [ %injection47, %272 ], [ %injection50, %293 ], !opType !6, !opCode !48, !opID !159, !ufrgs.lse.id !160
26242976,32,  %shl.i.i.i = shl i32 %tmp, 1, !opType !10, !opCode !11, !opID !12, !ufrgs.lse.id !13
26243376,32,  %sub.i2.i.i = add nsw i32 %tmp1, -1, !opType !6, !opCode !19, !opID !20, !ufrgs.lse.id !21
26243664,1,  %cmp.i.i.i = icmp slt i32 %tmp1, 26, !opType !6, !opCode !24, !opID !25, !ufrgs.lse.id !26
26244080,1,  %cmp1.i.i.i = icmp ult i8* %tmp2, getelementptr inbounds ([2048 x i8]* @ld_Rdbfr, i32 0, i32 2044), !opType !6, !opCode !24, !opID !34, !ufrgs.lse.id !35
26244224,32,  %tmp3 = sub i32 25, %tmp1, !opType !6, !opCode !36, !opID !37, !ufrgs.lse.id !38
26244640,32,  %tmp4 = add i32 %tmp1, 7, !opType !6, !opCode !19, !opID !43, !ufrgs.lse.id !44
26244784,1,  %tmp5 = icmp sgt i32 %injection5, 25, !opType !6, !opCode !24, !opID !45, !ufrgs.lse.id !46
26244952,32,  %smax35 = select i1 %injection6, i32 %injection5, i32 25, !opType !6, !opCode !47, !opID !48, !ufrgs.lse.id !49
26245152,32,  %tmp6 = phi i32 [ %or.i.i.i, %62 ], [ %injection, %55 ], !opType !6, !opCode !52, !opID !53, !ufrgs.lse.id !54
26245408,0,  %tmp7 = phi i8* [ %incdec.ptr.i.i.i, %69 ], [ %tmp2, %55 ], !opType !6, !opCode !52, !opID !55, !ufrgs.lse.id !56
26245664,32,  %Incnt.0.i.i.i = phi i32 [ %add.i.i.i, %76 ], [ %injection1, %55 ], !opType !6, !opCode !52, !opID !57, !ufrgs.lse.id !58
26245968,0,  %incdec.ptr.i.i.i = getelementptr inbounds i8* %injection9, i32 1, !opType !6, !opCode !59, !opID !60, !ufrgs.lse.id !61
26246200,32,  %conv.i.i.i = zext i8 %tmp8 to i32, !opType !6, !opCode !65, !opID !66, !ufrgs.lse.id !67
26246336,32,  %sub3.i.i.i = sub nsw i32 24, %injection10, !opType !68, !opCode !36, !opID !69, !ufrgs.lse.id !70
26246480,32,  %shl4.i.i.i = shl i32 %injection13, %injection14, !opType !68, !opCode !11, !opID !71, !ufrgs.lse.id !72
26246624,32,  %or.i.i.i = or i32 %injection15, %injection8, !opType !10, !opCode !73, !opID !74, !ufrgs.lse.id !75
26246768,32,  %add.i.i.i = add nsw i32 %injection10, 8, !opType !68, !opCode !19, !opID !76, !ufrgs.lse.id !77
26246912,1,  %cmp5.i.i.i = icmp slt i32 %injection17, 25, !opType !6, !opCode !24, !opID !78, !ufrgs.lse.id !79
26247168,32,  %or15.i.i.i26 = phi i32 [ %or15.i.i.i, %if.end.i.i.i ], [ %injection, %do.body7.i.i.i.preheader ], !opType !6, !opCode !52, !opID !82, !ufrgs.lse.id !83
26247264,0,  %tmp9 = phi i8* [ %incdec.ptr11.i.i.i, %if.end.i.i.i ], [ %tmp2, %do.body7.i.i.i.preheader ], !opType !6, !opCode !52, !opID !84, !ufrgs.lse.id !85
26247440,32,  %Incnt.1.i.i.i = phi i32 [ %add16.i.i.i, %if.end.i.i.i ], [ %injection1, %do.body7.i.i.i.preheader ], !opType !6, !opCode !52, !opID !86, !ufrgs.lse.id !87
26247744,1,  %cmp8.i.i.i = icmp ult i8* %injection21, getelementptr inbounds ([2048 x i8]* @ld_Rdbfr, i32 1, i32 0), !opType !6, !opCode !24, !opID !88, !ufrgs.lse.id !89
26248112,0,  %p2.07.i.i.i.i.i = phi i8* [ %incdec.ptr1.i.i.i.i.i, %160 ], [ getelementptr inbounds ([2048 x i8]* @inRdbfr, i32 0, i32 0), %while.body.i.i.i.i.i.preheader ], !opType !6, !opCode !52, !opID !94, !ufrgs.lse.id !95
26248368,0,  %p1.06.i.i.i.i.i = phi i8* [ %incdec.ptr.i.i.i.i.i, %167 ], [ getelementptr inbounds ([2048 x i8]* @ld_Rdbfr, i32 0, i32 0), %while.body.i.i.i.i.i.preheader ], !opType !6, !opCode !52, !opID !96, !ufrgs.lse.id !97
26248928,0,  %incdec.ptr.i.i.i.i.i = getelementptr inbounds i8* %injection27, i32 1, !opType !6, !opCode !59, !opID !102, !ufrgs.lse.id !103
26249072,0,  %incdec.ptr1.i.i.i.i.i = getelementptr inbounds i8* %injection25, i32 1, !opType !6, !opCode !59, !opID !104, !ufrgs.lse.id !105
26249216,1,  %exitcond.i.i.i.i = icmp eq i8* %injection31, getelementptr inbounds ([2048 x i8]* @inRdbfr, i32 1, i32 0), !opType !6, !opCode !24, !opID !106, !ufrgs.lse.id !107
26249584,0,  %tmp11 = phi i8* [ %injection21, %153 ], [ getelementptr inbounds ([2048 x i8]* @ld_Rdbfr, i32 0, i32 0), %if.end.i.i.i.loopexit ], !opType !6, !opCode !52, !opID !112, !ufrgs.lse.id !113
26249728,0,  %incdec.ptr11.i.i.i = getelementptr inbounds i8* %injection34, i32 1, !opType !6, !opCode !59, !opID !114, !ufrgs.lse.id !115
26249960,32,  %conv12.i.i.i = zext i8 %tmp12 to i32, !opType !6, !opCode !65, !opID !118, !ufrgs.lse.id !119
26250096,32,  %sub13.i.i.i = sub nsw i32 24, %injection22, !opType !68, !opCode !36, !opID !120, !ufrgs.lse.id !121
26250240,32,  %shl14.i.i.i = shl i32 %injection37, %injection38, !opType !68, !opCode !11, !opID !122, !ufrgs.lse.id !123
26250384,32,  %or15.i.i.i = or i32 %injection39, %injection19, !opType !10, !opCode !73, !opID !124, !ufrgs.lse.id !125
26250528,32,  %add16.i.i.i = add nsw i32 %injection22, 8, !opType !68, !opCode !19, !opID !126, !ufrgs.lse.id !127
26250672,1,  %cmp18.i.i.i = icmp slt i32 %injection41, 25, !opType !6, !opCode !24, !opID !128, !ufrgs.lse.id !129
26250976,32,  %tmp13 = sub i32 %injection7, %tmp1, !opType !6, !opCode !36, !opID !132, !ufrgs.lse.id !133
26251120,32,  %tmp14 = lshr i32 %injection43, 3, !opType !6, !opCode !134, !opID !135, !ufrgs.lse.id !136
26251264,32,  %tmp15 = add nuw nsw i32 %injection44, 1, !opType !6, !opCode !19, !opID !137, !ufrgs.lse.id !138
26251408,0,  %scevgep36 = getelementptr i8* %tmp2, i32 %injection45, !opType !6, !opCode !59, !opID !139, !ufrgs.lse.id !140
26251840,32,  %tmp16 = and i32 %injection4, -8, !opType !6, !opCode !145, !opID !146, !ufrgs.lse.id !147
26251984,32,  %tmp17 = add i32 %injection5, %injection48, !opType !6, !opCode !19, !opID !148, !ufrgs.lse.id !149
26252528,32,  %tmp18 = and i32 %injection4, -8, !opType !6, !opCode !145, !opID !156, !ufrgs.lse.id !157
26252672,32,  %tmp19 = add i32 %tmp1, 7, !opType !6, !opCode !19, !opID !158, !ufrgs.lse.id !159
26252816,32,  %tmp20 = add i32 %injection51, %injection50, !opType !6, !opCode !19, !opID !160, !ufrgs.lse.id !161
26253024,32,  %tmp21 = phi i32 [ %injection16, %286 ], [ %injection40, %307 ], !opType !6, !opCode !52, !opID !164, !ufrgs.lse.id !165
26253120,32,  %Incnt.2.i.i.i = phi i32 [ %injection49, %286 ], [ %injection52, %307 ], !opType !6, !opCode !52, !opID !166, !ufrgs.lse.id !167
26253472,32,  %tmp22 = phi i32 [ %injection1, %20 ], [ %injection54, %321 ], !opType !6, !opCode !52, !opID !172, !ufrgs.lse.id !173
26253568,32,  %tmp23 = phi i32 [ %injection, %20 ], [ %injection53, %321 ], !opType !6, !opCode !52, !opID !174, !ufrgs.lse.id !175
26253712,1,  %tobool = icmp sgt i32 %tmp, -1, !opType !6, !opCode !24, !opID !176, !ufrgs.lse.id !177
26254016,32,  %shr.i = lshr i32 %injection56, 23, !opType !10, !opCode !134, !opID !180, !ufrgs.lse.id !181
26254160,1,  %cmp = icmp ugt i32 %injection56, 536870911, !opType !6, !opCode !24, !opID !182, !ufrgs.lse.id !183
26254464,32,  %shr267 = lshr i32 %injection56, 29, !opType !6, !opCode !134, !opID !186, !ufrgs.lse.id !187
26254656,0,  %arrayidx3 = getelementptr inbounds [8 x [2 x i8]]* @MVtab0, i32 0, i32 %injection60, i32 1, !opType !6, !opCode !59, !opID !188, !ufrgs.lse.id !189
26254888,32,  %conv = sext i8 %tmp24 to i32, !opType !6, !opCode !192, !opID !193, !ufrgs.lse.id !194
26255024,32,  %shl.i226 = shl i32 %injection56, %injection63, !opType !10, !opCode !11, !opID !195, !ufrgs.lse.id !196
26255312,32,  %sub.i227 = sub nsw i32 %injection55, %injection63, !opType !68, !opCode !36, !opID !199, !ufrgs.lse.id !200
26255600,1,  %cmp.i228 = icmp slt i32 %injection65, 25, !opType !6, !opCode !24, !opID !203, !ufrgs.lse.id !204
26256016,1,  %cmp1.i229 = icmp ult i8* %tmp25, getelementptr inbounds ([2048 x i8]* @ld_Rdbfr, i32 0, i32 2044), !opType !6, !opCode !24, !opID !209, !ufrgs.lse.id !210
26256160,32,  %tmp26 = add nsw i32 %injection63, 24, !opType !6, !opCode !19, !opID !211, !ufrgs.lse.id !212
26256304,32,  %tmp27 = sub i32 %injection68, %injection55, !opType !6, !opCode !36, !opID !213, !ufrgs.lse.id !214
26256784,32,  %tmp28 = phi i32 [ %or.i237, %426 ], [ %injection64, %do.body.i240.preheader ], !opType !6, !opCode !52, !opID !221, !ufrgs.lse.id !222
26257040,0,  %tmp29 = phi i8* [ %incdec.ptr.i233, %433 ], [ %tmp25, %do.body.i240.preheader ], !opType !6, !opCode !52, !opID !223, !ufrgs.lse.id !224
26257296,32,  %Incnt.0.i232 = phi i32 [ %add.i238, %440 ], [ %injection65, %do.body.i240.preheader ], !opType !6, !opCode !52, !opID !225, !ufrgs.lse.id !226
26257600,0,  %incdec.ptr.i233 = getelementptr inbounds i8* %injection72, i32 1, !opType !6, !opCode !59, !opID !227, !ufrgs.lse.id !228
26257832,32,  %conv.i234 = zext i8 %tmp30 to i32, !opType !6, !opCode !65, !opID !231, !ufrgs.lse.id !232
26257968,32,  %sub3.i235 = sub nsw i32 24, %injection73, !opType !68, !opCode !36, !opID !233, !ufrgs.lse.id !234
26258112,32,  %shl4.i236 = shl i32 %injection76, %injection77, !opType !68, !opCode !11, !opID !235, !ufrgs.lse.id !236
26258256,32,  %or.i237 = or i32 %injection78, %injection70, !opType !10, !opCode !73, !opID !237, !ufrgs.lse.id !238
26258400,32,  %add.i238 = add nsw i32 %injection73, 8, !opType !68, !opCode !19, !opID !239, !ufrgs.lse.id !240
26258544,1,  %cmp5.i239 = icmp slt i32 %injection80, 25, !opType !6, !opCode !24, !opID !241, !ufrgs.lse.id !242
26258800,32,  %or15.i2585 = phi i32 [ %or15.i258, %if.end.i261 ], [ %injection64, %do.body7.i243.preheader ], !opType !6, !opCode !52, !opID !245, !ufrgs.lse.id !246
26258896,0,  %tmp31 = phi i8* [ %incdec.ptr11.i254, %if.end.i261 ], [ %tmp25, %do.body7.i243.preheader ], !opType !6, !opCode !52, !opID !247, !ufrgs.lse.id !248
26259072,32,  %Incnt.1.i241 = phi i32 [ %add16.i259, %if.end.i261 ], [ %injection65, %do.body7.i243.preheader ], !opType !6, !opCode !52, !opID !249, !ufrgs.lse.id !250
26259376,1,  %cmp8.i242 = icmp ult i8* %injection84, getelementptr inbounds ([2048 x i8]* @ld_Rdbfr, i32 1, i32 0), !opType !6, !opCode !24, !opID !251, !ufrgs.lse.id !252
26259744,0,  %p2.07.i.i.i244 = phi i8* [ %incdec.ptr1.i.i.i247, %524 ], [ getelementptr inbounds ([2048 x i8]* @inRdbfr, i32 0, i32 0), %while.body.i.i.i249.preheader ], !opType !6, !opCode !52, !opID !257, !ufrgs.lse.id !258
26260000,0,  %p1.06.i.i.i245 = phi i8* [ %incdec.ptr.i.i.i246, %531 ], [ getelementptr inbounds ([2048 x i8]* @ld_Rdbfr, i32 0, i32 0), %while.body.i.i.i249.preheader ], !opType !6, !opCode !52, !opID !259, !ufrgs.lse.id !260
26260560,0,  %incdec.ptr.i.i.i246 = getelementptr inbounds i8* %injection90, i32 1, !opType !6, !opCode !59, !opID !265, !ufrgs.lse.id !266
26260704,0,  %incdec.ptr1.i.i.i247 = getelementptr inbounds i8* %injection88, i32 1, !opType !6, !opCode !59, !opID !267, !ufrgs.lse.id !268
26260848,1,  %exitcond.i.i248 = icmp eq i8* %injection94, getelementptr inbounds ([2048 x i8]* @inRdbfr, i32 1, i32 0), !opType !6, !opCode !24, !opID !269, !ufrgs.lse.id !270
26261216,0,  %tmp33 = phi i8* [ %injection84, %517 ], [ getelementptr inbounds ([2048 x i8]* @ld_Rdbfr, i32 0, i32 0), %if.end.i261.loopexit ], !opType !6, !opCode !52, !opID !275, !ufrgs.lse.id !276
26261360,0,  %incdec.ptr11.i254 = getelementptr inbounds i8* %injection97, i32 1, !opType !6, !opCode !59, !opID !277, !ufrgs.lse.id !278
26261592,32,  %conv12.i255 = zext i8 %tmp34 to i32, !opType !6, !opCode !65, !opID !281, !ufrgs.lse.id !282
26261728,32,  %sub13.i256 = sub nsw i32 24, %injection85, !opType !68, !opCode !36, !opID !283, !ufrgs.lse.id !284
26261872,32,  %shl14.i257 = shl i32 %injection100, %injection101, !opType !68, !opCode !11, !opID !285, !ufrgs.lse.id !286
26324224,32,  %or15.i258 = or i32 %injection102, %injection82, !opType !10, !opCode !73, !opID !287, !ufrgs.lse.id !288
26324368,32,  %add16.i259 = add nsw i32 %injection85, 8, !opType !68, !opCode !19, !opID !289, !ufrgs.lse.id !290
26324512,1,  %cmp18.i260 = icmp slt i32 %injection104, 25, !opType !6, !opCode !24, !opID !291, !ufrgs.lse.id !292
26324816,32,  %tmp35 = lshr i32 %injection69, 3, !opType !6, !opCode !134, !opID !295, !ufrgs.lse.id !296
26324960,32,  %tmp36 = add nuw nsw i32 %injection106, 1, !opType !6, !opCode !19, !opID !297, !ufrgs.lse.id !298
26325104,0,  %scevgep28 = getelementptr i8* %tmp25, i32 %injection107, !opType !6, !opCode !59, !opID !299, !ufrgs.lse.id !300
26264384,32,  %tmp37 = and i32 %injection69, -8, !opType !6, !opCode !145, !opID !305, !ufrgs.lse.id !306
26264528,32,  %tmp38 = add i32 %injection55, 8, !opType !6, !opCode !19, !opID !307, !ufrgs.lse.id !308
26264672,32,  %tmp39 = sub i32 %injection111, %injection63, !opType !6, !opCode !36, !opID !309, !ufrgs.lse.id !310
26264816,32,  %tmp40 = add i32 %injection112, %injection110, !opType !6, !opCode !19, !opID !311, !ufrgs.lse.id !312
26265072,32,  %tmp41 = and i32 %injection69, -8, !opType !6, !opCode !145, !opID !315, !ufrgs.lse.id !316
26265216,32,  %tmp42 = add i32 %injection55, %injection114, !opType !6, !opCode !19, !opID !317, !ufrgs.lse.id !318
26265360,32,  %tmp43 = add i32 %injection115, 8, !opType !6, !opCode !19, !opID !319, !ufrgs.lse.id !320
26265792,32,  %tmp44 = sub i32 %injection116, %injection63, !opType !6, !opCode !36, !opID !325, !ufrgs.lse.id !326
26266000,32,  %tmp45 = phi i32 [ %injection79, %657 ], [ %injection103, %685 ], !opType !6, !opCode !52, !opID !329, !ufrgs.lse.id !330
26266096,32,  %Incnt.2.i263 = phi i32 [ %injection113, %657 ], [ %injection117, %685 ], !opType !6, !opCode !52, !opID !331, !ufrgs.lse.id !332
26266448,32,  %tmp46 = phi i32 [ %injection64, %398 ], [ %injection118, %699 ], !opType !6, !opCode !52, !opID !337, !ufrgs.lse.id !338
26266544,32,  %tmp47 = phi i32 [ %injection65, %398 ], [ %injection119, %699 ], !opType !6, !opCode !52, !opID !339, !ufrgs.lse.id !340
26266688,32,  %shl.i.i.i186 = shl i32 %injection120, 1, !opType !10, !opCode !11, !opID !341, !ufrgs.lse.id !342
26266976,32,  %sub.i2.i.i187 = add nsw i32 %injection121, -1, !opType !6, !opCode !19, !opID !345, !ufrgs.lse.id !346
26267264,1,  %cmp.i.i.i188 = icmp slt i32 %injection121, 26, !opType !6, !opCode !24, !opID !349, !ufrgs.lse.id !350
26267680,1,  %cmp1.i.i.i189 = icmp ult i8* %tmp48, getelementptr inbounds ([2048 x i8]* @ld_Rdbfr, i32 0, i32 2044), !opType !6, !opCode !24, !opID !355, !ufrgs.lse.id !356
26267824,32,  %tmp49 = sub i32 25, %injection121, !opType !6, !opCode !36, !opID !357, !ufrgs.lse.id !358
26268240,32,  %tmp50 = add i32 %injection121, 7, !opType !6, !opCode !19, !opID !363, !ufrgs.lse.id !364
26268384,1,  %tmp51 = icmp sgt i32 %injection127, 25, !opType !6, !opCode !24, !opID !365, !ufrgs.lse.id !366
26268552,32,  %smax = select i1 %injection128, i32 %injection127, i32 25, !opType !6, !opCode !47, !opID !367, !ufrgs.lse.id !368
26268752,32,  %tmp52 = phi i32 [ %or.i.i.i196, %776 ], [ %injection122, %769 ], !opType !6, !opCode !52, !opID !371, !ufrgs.lse.id !372
26269008,0,  %tmp53 = phi i8* [ %incdec.ptr.i.i.i192, %783 ], [ %tmp48, %769 ], !opType !6, !opCode !52, !opID !373, !ufrgs.lse.id !374
26269264,32,  %Incnt.0.i.i.i191 = phi i32 [ %add.i.i.i197, %790 ], [ %injection123, %769 ], !opType !6, !opCode !52, !opID !375, !ufrgs.lse.id !376
26269568,0,  %incdec.ptr.i.i.i192 = getelementptr inbounds i8* %injection132, i32 1, !opType !6, !opCode !59, !opID !377, !ufrgs.lse.id !378
26269800,32,  %conv.i.i.i193 = zext i8 %tmp54 to i32, !opType !6, !opCode !65, !opID !381, !ufrgs.lse.id !382
26269936,32,  %sub3.i.i.i194 = sub nsw i32 24, %injection133, !opType !68, !opCode !36, !opID !383, !ufrgs.lse.id !384
26270080,32,  %shl4.i.i.i195 = shl i32 %injection136, %injection137, !opType !68, !opCode !11, !opID !385, !ufrgs.lse.id !386
26270224,32,  %or.i.i.i196 = or i32 %injection138, %injection130, !opType !10, !opCode !73, !opID !387, !ufrgs.lse.id !388
26270368,32,  %add.i.i.i197 = add nsw i32 %injection133, 8, !opType !68, !opCode !19, !opID !389, !ufrgs.lse.id !390
26270512,1,  %cmp5.i.i.i198 = icmp slt i32 %injection140, 25, !opType !6, !opCode !24, !opID !391, !ufrgs.lse.id !392
26270768,32,  %or15.i.i.i2171 = phi i32 [ %or15.i.i.i217, %if.end.i.i.i220 ], [ %injection122, %do.body7.i.i.i202.preheader ], !opType !6, !opCode !52, !opID !395, !ufrgs.lse.id !396
26270864,0,  %tmp55 = phi i8* [ %incdec.ptr11.i.i.i213, %if.end.i.i.i220 ], [ %tmp48, %do.body7.i.i.i202.preheader ], !opType !6, !opCode !52, !opID !397, !ufrgs.lse.id !398
26271040,32,  %Incnt.1.i.i.i200 = phi i32 [ %add16.i.i.i218, %if.end.i.i.i220 ], [ %injection123, %do.body7.i.i.i202.preheader ], !opType !6, !opCode !52, !opID !399, !ufrgs.lse.id !400
26271344,1,  %cmp8.i.i.i201 = icmp ult i8* %injection144, getelementptr inbounds ([2048 x i8]* @ld_Rdbfr, i32 1, i32 0), !opType !6, !opCode !24, !opID !401, !ufrgs.lse.id !402
26271712,0,  %p2.07.i.i.i.i.i203 = phi i8* [ %incdec.ptr1.i.i.i.i.i206, %874 ], [ getelementptr inbounds ([2048 x i8]* @inRdbfr, i32 0, i32 0), %while.body.i.i.i.i.i208.preheader ], !opType !6, !opCode !52, !opID !407, !ufrgs.lse.id !408
26271968,0,  %p1.06.i.i.i.i.i204 = phi i8* [ %incdec.ptr.i.i.i.i.i205, %881 ], [ getelementptr inbounds ([2048 x i8]* @ld_Rdbfr, i32 0, i32 0), %while.body.i.i.i.i.i208.preheader ], !opType !6, !opCode !52, !opID !409, !ufrgs.lse.id !410
26272528,0,  %incdec.ptr.i.i.i.i.i205 = getelementptr inbounds i8* %injection150, i32 1, !opType !6, !opCode !59, !opID !415, !ufrgs.lse.id !416
26272672,0,  %incdec.ptr1.i.i.i.i.i206 = getelementptr inbounds i8* %injection148, i32 1, !opType !6, !opCode !59, !opID !417, !ufrgs.lse.id !418
26272816,1,  %exitcond.i.i.i.i207 = icmp eq i8* %injection154, getelementptr inbounds ([2048 x i8]* @inRdbfr, i32 1, i32 0), !opType !6, !opCode !24, !opID !419, !ufrgs.lse.id !420
26273184,0,  %tmp57 = phi i8* [ %injection144, %867 ], [ getelementptr inbounds ([2048 x i8]* @ld_Rdbfr, i32 0, i32 0), %if.end.i.i.i220.loopexit ], !opType !6, !opCode !52, !opID !425, !ufrgs.lse.id !426
26273328,0,  %incdec.ptr11.i.i.i213 = getelementptr inbounds i8* %injection157, i32 1, !opType !6, !opCode !59, !opID !427, !ufrgs.lse.id !428
26273560,32,  %conv12.i.i.i214 = zext i8 %tmp58 to i32, !opType !6, !opCode !65, !opID !431, !ufrgs.lse.id !432
26273696,32,  %sub13.i.i.i215 = sub nsw i32 24, %injection145, !opType !68, !opCode !36, !opID !433, !ufrgs.lse.id !434
26273840,32,  %shl14.i.i.i216 = shl i32 %injection160, %injection161, !opType !68, !opCode !11, !opID !435, !ufrgs.lse.id !436
26273984,32,  %or15.i.i.i217 = or i32 %injection162, %injection142, !opType !10, !opCode !73, !opID !437, !ufrgs.lse.id !438
26274128,32,  %add16.i.i.i218 = add nsw i32 %injection145, 8, !opType !68, !opCode !19, !opID !439, !ufrgs.lse.id !440
26274272,1,  %cmp18.i.i.i219 = icmp slt i32 %injection164, 25, !opType !6, !opCode !24, !opID !441, !ufrgs.lse.id !442
26274576,32,  %tmp59 = sub i32 %injection129, %injection121, !opType !6, !opCode !36, !opID !445, !ufrgs.lse.id !446
26274720,32,  %tmp60 = lshr i32 %injection166, 3, !opType !6, !opCode !134, !opID !447, !ufrgs.lse.id !448
26274864,32,  %tmp61 = add nuw nsw i32 %injection167, 1, !opType !6, !opCode !19, !opID !449, !ufrgs.lse.id !450
26275008,0,  %scevgep = getelementptr i8* %tmp48, i32 %injection168, !opType !6, !opCode !59, !opID !451, !ufrgs.lse.id !452
26583296,32,  %tmp62 = and i32 %injection126, -8, !opType !6, !opCode !145, !opID !457, !ufrgs.lse.id !458
26583440,32,  %tmp63 = add i32 %injection127, %injection171, !opType !6, !opCode !19, !opID !459, !ufrgs.lse.id !460
26583984,32,  %tmp64 = and i32 %injection126, -8, !opType !6, !opCode !145, !opID !467, !ufrgs.lse.id !468
26584128,32,  %tmp65 = add i32 %injection121, 7, !opType !6, !opCode !19, !opID !469, !ufrgs.lse.id !470
26584272,32,  %tmp66 = add i32 %injection174, %injection173, !opType !6, !opCode !19, !opID !471, !ufrgs.lse.id !472
26584480,32,  %Incnt.2.i.i.i223 = phi i32 [ %injection172, %1000 ], [ %injection175, %1021 ], !opType !6, !opCode !52, !opID !475, !ufrgs.lse.id !476
26584880,1,  %tobool5 = icmp slt i32 %injection120, 0, !opType !6, !opCode !24, !opID !481, !ufrgs.lse.id !482
26585072,0,  %arrayidx7 = getelementptr inbounds [8 x [2 x i8]]* @MVtab0, i32 0, i32 %injection60, i32 0, !opType !6, !opCode !59, !opID !483, !ufrgs.lse.id !484
26585304,32,  %conv8 = sext i8 %tmp67 to i32, !opType !6, !opCode !192, !opID !487, !ufrgs.lse.id !488
26585440,32,  %sub = sub nsw i32 0, %injection180, !opType !68, !opCode !36, !opID !489, !ufrgs.lse.id !490
26585608,32,  %cond = select i1 %injection177, i32 %injection181, i32 %injection180, !opType !6, !opCode !47, !opID !491, !ufrgs.lse.id !492
26585856,1,  %cmp13 = icmp ugt i32 %injection56, 201326591, !opType !6, !opCode !24, !opID !495, !ufrgs.lse.id !496
26586160,32,  %shr16266 = lshr i32 %injection56, 26, !opType !6, !opCode !134, !opID !499, !ufrgs.lse.id !500
26586352,0,  %arrayidx18 = getelementptr inbounds [8 x [2 x i8]]* @MVtab1, i32 0, i32 %injection184, i32 1, !opType !6, !opCode !59, !opID !501, !ufrgs.lse.id !502
26586584,32,  %conv19 = sext i8 %tmp68 to i32, !opType !6, !opCode !192, !opID !505, !ufrgs.lse.id !506
26586720,32,  %shl.i145 = shl i32 %injection56, %injection187, !opType !10, !opCode !11, !opID !507, !ufrgs.lse.id !508
26587008,32,  %sub.i146 = sub nsw i32 %injection55, %injection187, !opType !68, !opCode !36, !opID !511, !ufrgs.lse.id !512
26587296,1,  %cmp.i147 = icmp slt i32 %injection189, 25, !opType !6, !opCode !24, !opID !515, !ufrgs.lse.id !516
26587712,1,  %cmp1.i148 = icmp ult i8* %tmp69, getelementptr inbounds ([2048 x i8]* @ld_Rdbfr, i32 0, i32 2044), !opType !6, !opCode !24, !opID !521, !ufrgs.lse.id !522
26587856,32,  %tmp70 = add nsw i32 %injection187, 24, !opType !6, !opCode !19, !opID !523, !ufrgs.lse.id !524
26588000,32,  %tmp71 = sub i32 %injection192, %injection55, !opType !6, !opCode !36, !opID !525, !ufrgs.lse.id !526
26588480,32,  %tmp72 = phi i32 [ %or.i156, %1140 ], [ %injection188, %do.body.i159.preheader ], !opType !6, !opCode !52, !opID !533, !ufrgs.lse.id !534
26588576,0,  %tmp73 = phi i8* [ %incdec.ptr.i152, %1147 ], [ %tmp69, %do.body.i159.preheader ], !opType !6, !opCode !52, !opID !535, !ufrgs.lse.id !536
26588752,32,  %Incnt.0.i151 = phi i32 [ %add.i157, %1154 ], [ %injection189, %do.body.i159.preheader ], !opType !6, !opCode !52, !opID !537, !ufrgs.lse.id !538
26589056,0,  %incdec.ptr.i152 = getelementptr inbounds i8* %injection196, i32 1, !opType !6, !opCode !59, !opID !539, !ufrgs.lse.id !540
26589288,32,  %conv.i153 = zext i8 %tmp74 to i32, !opType !6, !opCode !65, !opID !543, !ufrgs.lse.id !544
26589424,32,  %sub3.i154 = sub nsw i32 24, %injection197, !opType !68, !opCode !36, !opID !545, !ufrgs.lse.id !546
26262016,32,  %shl4.i155 = shl i32 %injection200, %injection201, !opType !68, !opCode !11, !opID !547, !ufrgs.lse.id !548
26262160,32,  %or.i156 = or i32 %injection202, %injection194, !opType !10, !opCode !73, !opID !549, !ufrgs.lse.id !550
26262304,32,  %add.i157 = add nsw i32 %injection197, 8, !opType !68, !opCode !19, !opID !551, !ufrgs.lse.id !552
26262448,1,  %cmp5.i158 = icmp slt i32 %injection204, 25, !opType !6, !opCode !24, !opID !553, !ufrgs.lse.id !554
26262704,32,  %or15.i17713 = phi i32 [ %or15.i177, %if.end.i180 ], [ %injection188, %do.body7.i162.preheader ], !opType !6, !opCode !52, !opID !557, !ufrgs.lse.id !558
26262800,0,  %tmp75 = phi i8* [ %incdec.ptr11.i173, %if.end.i180 ], [ %tmp69, %do.body7.i162.preheader ], !opType !6, !opCode !52, !opID !559, !ufrgs.lse.id !560
26262976,32,  %Incnt.1.i160 = phi i32 [ %add16.i178, %if.end.i180 ], [ %injection189, %do.body7.i162.preheader ], !opType !6, !opCode !52, !opID !561, !ufrgs.lse.id !562
26263280,1,  %cmp8.i161 = icmp ult i8* %injection208, getelementptr inbounds ([2048 x i8]* @ld_Rdbfr, i32 1, i32 0), !opType !6, !opCode !24, !opID !563, !ufrgs.lse.id !564
26263648,0,  %p2.07.i.i.i163 = phi i8* [ %incdec.ptr1.i.i.i166, %1238 ], [ getelementptr inbounds ([2048 x i8]* @inRdbfr, i32 0, i32 0), %while.body.i.i.i168.preheader ], !opType !6, !opCode !52, !opID !569, !ufrgs.lse.id !570
26263904,0,  %p1.06.i.i.i164 = phi i8* [ %incdec.ptr.i.i.i165, %1245 ], [ getelementptr inbounds ([2048 x i8]* @ld_Rdbfr, i32 0, i32 0), %while.body.i.i.i168.preheader ], !opType !6, !opCode !52, !opID !571, !ufrgs.lse.id !572
26275856,0,  %incdec.ptr.i.i.i165 = getelementptr inbounds i8* %injection214, i32 1, !opType !6, !opCode !59, !opID !577, !ufrgs.lse.id !578
26276000,0,  %incdec.ptr1.i.i.i166 = getelementptr inbounds i8* %injection212, i32 1, !opType !6, !opCode !59, !opID !579, !ufrgs.lse.id !580
26276144,1,  %exitcond.i.i167 = icmp eq i8* %injection218, getelementptr inbounds ([2048 x i8]* @inRdbfr, i32 1, i32 0), !opType !6, !opCode !24, !opID !581, !ufrgs.lse.id !582
26276512,0,  %tmp77 = phi i8* [ %injection208, %1231 ], [ getelementptr inbounds ([2048 x i8]* @ld_Rdbfr, i32 0, i32 0), %if.end.i180.loopexit ], !opType !6, !opCode !52, !opID !587, !ufrgs.lse.id !588
26276656,0,  %incdec.ptr11.i173 = getelementptr inbounds i8* %injection221, i32 1, !opType !6, !opCode !59, !opID !589, !ufrgs.lse.id !590
26276888,32,  %conv12.i174 = zext i8 %tmp78 to i32, !opType !6, !opCode !65, !opID !593, !ufrgs.lse.id !594
26277024,32,  %sub13.i175 = sub nsw i32 24, %injection209, !opType !68, !opCode !36, !opID !595, !ufrgs.lse.id !596
26277168,32,  %shl14.i176 = shl i32 %injection224, %injection225, !opType !68, !opCode !11, !opID !597, !ufrgs.lse.id !598
26277312,32,  %or15.i177 = or i32 %injection226, %injection206, !opType !10, !opCode !73, !opID !599, !ufrgs.lse.id !600
26277456,32,  %add16.i178 = add nsw i32 %injection209, 8, !opType !68, !opCode !19, !opID !601, !ufrgs.lse.id !602
26277600,1,  %cmp18.i179 = icmp slt i32 %injection228, 25, !opType !6, !opCode !24, !opID !603, !ufrgs.lse.id !604
26277904,32,  %tmp79 = lshr i32 %injection193, 3, !opType !6, !opCode !134, !opID !607, !ufrgs.lse.id !608
26278048,32,  %tmp80 = add nuw nsw i32 %injection230, 1, !opType !6, !opCode !19, !opID !609, !ufrgs.lse.id !610
26278192,0,  %scevgep31 = getelementptr i8* %tmp69, i32 %injection231, !opType !6, !opCode !59, !opID !611, !ufrgs.lse.id !612
26278624,32,  %tmp81 = and i32 %injection193, -8, !opType !6, !opCode !145, !opID !617, !ufrgs.lse.id !618
26278768,32,  %tmp82 = add i32 %injection55, 8, !opType !6, !opCode !19, !opID !619, !ufrgs.lse.id !620
26278912,32,  %tmp83 = sub i32 %injection235, %injection187, !opType !6, !opCode !36, !opID !621, !ufrgs.lse.id !622
26279056,32,  %tmp84 = add i32 %injection236, %injection234, !opType !6, !opCode !19, !opID !623, !ufrgs.lse.id !624
26279312,32,  %tmp85 = and i32 %injection193, -8, !opType !6, !opCode !145, !opID !627, !ufrgs.lse.id !628
26279456,32,  %tmp86 = add i32 %injection55, %injection238, !opType !6, !opCode !19, !opID !629, !ufrgs.lse.id !630
26279600,32,  %tmp87 = add i32 %injection239, 8, !opType !6, !opCode !19, !opID !631, !ufrgs.lse.id !632
26280032,32,  %tmp88 = sub i32 %injection240, %injection187, !opType !6, !opCode !36, !opID !637, !ufrgs.lse.id !638
26280240,32,  %tmp89 = phi i32 [ %injection203, %1371 ], [ %injection227, %1399 ], !opType !6, !opCode !52, !opID !641, !ufrgs.lse.id !642
26280336,32,  %Incnt.2.i182 = phi i32 [ %injection237, %1371 ], [ %injection241, %1399 ], !opType !6, !opCode !52, !opID !643, !ufrgs.lse.id !644
26280688,32,  %tmp90 = phi i32 [ %injection188, %1112 ], [ %injection242, %1413 ], !opType !6, !opCode !52, !opID !649, !ufrgs.lse.id !650
26280784,32,  %tmp91 = phi i32 [ %injection189, %1112 ], [ %injection243, %1413 ], !opType !6, !opCode !52, !opID !651, !ufrgs.lse.id !652
26280928,32,  %shl.i.i.i105 = shl i32 %injection244, 1, !opType !10, !opCode !11, !opID !653, !ufrgs.lse.id !654
26281216,32,  %sub.i2.i.i106 = add nsw i32 %injection245, -1, !opType !6, !opCode !19, !opID !657, !ufrgs.lse.id !658
26281504,1,  %cmp.i.i.i107 = icmp slt i32 %injection245, 26, !opType !6, !opCode !24, !opID !661, !ufrgs.lse.id !662
26281920,1,  %cmp1.i.i.i108 = icmp ult i8* %tmp92, getelementptr inbounds ([2048 x i8]* @ld_Rdbfr, i32 0, i32 2044), !opType !6, !opCode !24, !opID !667, !ufrgs.lse.id !668
26282064,32,  %tmp93 = sub i32 25, %injection245, !opType !6, !opCode !36, !opID !669, !ufrgs.lse.id !670
26282480,32,  %tmp94 = add i32 %injection245, 7, !opType !6, !opCode !19, !opID !675, !ufrgs.lse.id !676
26282624,1,  %tmp95 = icmp sgt i32 %injection251, 25, !opType !6, !opCode !24, !opID !677, !ufrgs.lse.id !678
26282792,32,  %smax29 = select i1 %injection252, i32 %injection251, i32 25, !opType !6, !opCode !47, !opID !679, !ufrgs.lse.id !680
26282992,32,  %tmp96 = phi i32 [ %or.i.i.i115, %1490 ], [ %injection246, %1483 ], !opType !6, !opCode !52, !opID !683, !ufrgs.lse.id !684
26283248,0,  %tmp97 = phi i8* [ %incdec.ptr.i.i.i111, %1497 ], [ %tmp92, %1483 ], !opType !6, !opCode !52, !opID !685, !ufrgs.lse.id !686
26283504,32,  %Incnt.0.i.i.i110 = phi i32 [ %add.i.i.i116, %1504 ], [ %injection247, %1483 ], !opType !6, !opCode !52, !opID !687, !ufrgs.lse.id !688
26283808,0,  %incdec.ptr.i.i.i111 = getelementptr inbounds i8* %injection256, i32 1, !opType !6, !opCode !59, !opID !689, !ufrgs.lse.id !690
26284040,32,  %conv.i.i.i112 = zext i8 %tmp98 to i32, !opType !6, !opCode !65, !opID !693, !ufrgs.lse.id !694
26284176,32,  %sub3.i.i.i113 = sub nsw i32 24, %injection257, !opType !68, !opCode !36, !opID !695, !ufrgs.lse.id !696
26284320,32,  %shl4.i.i.i114 = shl i32 %injection260, %injection261, !opType !68, !opCode !11, !opID !697, !ufrgs.lse.id !698
26284464,32,  %or.i.i.i115 = or i32 %injection262, %injection254, !opType !10, !opCode !73, !opID !699, !ufrgs.lse.id !700
26284608,32,  %add.i.i.i116 = add nsw i32 %injection257, 8, !opType !68, !opCode !19, !opID !701, !ufrgs.lse.id !702
26284752,1,  %cmp5.i.i.i117 = icmp slt i32 %injection264, 25, !opType !6, !opCode !24, !opID !703, !ufrgs.lse.id !704
26285008,32,  %or15.i.i.i1369 = phi i32 [ %or15.i.i.i136, %if.end.i.i.i139 ], [ %injection246, %do.body7.i.i.i121.preheader ], !opType !6, !opCode !52, !opID !707, !ufrgs.lse.id !708
26285104,0,  %tmp99 = phi i8* [ %incdec.ptr11.i.i.i132, %if.end.i.i.i139 ], [ %tmp92, %do.body7.i.i.i121.preheader ], !opType !6, !opCode !52, !opID !709, !ufrgs.lse.id !710
26285280,32,  %Incnt.1.i.i.i119 = phi i32 [ %add16.i.i.i137, %if.end.i.i.i139 ], [ %injection247, %do.body7.i.i.i121.preheader ], !opType !6, !opCode !52, !opID !711, !ufrgs.lse.id !712
26285584,1,  %cmp8.i.i.i120 = icmp ult i8* %injection268, getelementptr inbounds ([2048 x i8]* @ld_Rdbfr, i32 1, i32 0), !opType !6, !opCode !24, !opID !713, !ufrgs.lse.id !714
26285952,0,  %p2.07.i.i.i.i.i122 = phi i8* [ %incdec.ptr1.i.i.i.i.i125, %1588 ], [ getelementptr inbounds ([2048 x i8]* @inRdbfr, i32 0, i32 0), %while.body.i.i.i.i.i127.preheader ], !opType !6, !opCode !52, !opID !719, !ufrgs.lse.id !720
26286208,0,  %p1.06.i.i.i.i.i123 = phi i8* [ %incdec.ptr.i.i.i.i.i124, %1595 ], [ getelementptr inbounds ([2048 x i8]* @ld_Rdbfr, i32 0, i32 0), %while.body.i.i.i.i.i127.preheader ], !opType !6, !opCode !52, !opID !721, !ufrgs.lse.id !722
26286768,0,  %incdec.ptr.i.i.i.i.i124 = getelementptr inbounds i8* %injection274, i32 1, !opType !6, !opCode !59, !opID !727, !ufrgs.lse.id !728
26286912,0,  %incdec.ptr1.i.i.i.i.i125 = getelementptr inbounds i8* %injection272, i32 1, !opType !6, !opCode !59, !opID !729, !ufrgs.lse.id !730
26287056,1,  %exitcond.i.i.i.i126 = icmp eq i8* %injection278, getelementptr inbounds ([2048 x i8]* @inRdbfr, i32 1, i32 0), !opType !6, !opCode !24, !opID !731, !ufrgs.lse.id !732
26287424,0,  %tmp101 = phi i8* [ %injection268, %1581 ], [ getelementptr inbounds ([2048 x i8]* @ld_Rdbfr, i32 0, i32 0), %if.end.i.i.i139.loopexit ], !opType !6, !opCode !52, !opID !737, !ufrgs.lse.id !738
26287568,0,  %incdec.ptr11.i.i.i132 = getelementptr inbounds i8* %injection281, i32 1, !opType !6, !opCode !59, !opID !739, !ufrgs.lse.id !740
26287800,32,  %conv12.i.i.i133 = zext i8 %tmp102 to i32, !opType !6, !opCode !65, !opID !743, !ufrgs.lse.id !744
26287936,32,  %sub13.i.i.i134 = sub nsw i32 24, %injection269, !opType !68, !opCode !36, !opID !745, !ufrgs.lse.id !746
26288080,32,  %shl14.i.i.i135 = shl i32 %injection284, %injection285, !opType !68, !opCode !11, !opID !747, !ufrgs.lse.id !748
26288224,32,  %or15.i.i.i136 = or i32 %injection286, %injection266, !opType !10, !opCode !73, !opID !749, !ufrgs.lse.id !750
26288368,32,  %add16.i.i.i137 = add nsw i32 %injection269, 8, !opType !68, !opCode !19, !opID !751, !ufrgs.lse.id !752
26288512,1,  %cmp18.i.i.i138 = icmp slt i32 %injection288, 25, !opType !6, !opCode !24, !opID !753, !ufrgs.lse.id !754
26288816,32,  %tmp103 = sub i32 %injection253, %injection245, !opType !6, !opCode !36, !opID !757, !ufrgs.lse.id !758
26288960,32,  %tmp104 = lshr i32 %injection290, 3, !opType !6, !opCode !134, !opID !759, !ufrgs.lse.id !760
26289104,32,  %tmp105 = add nuw nsw i32 %injection291, 1, !opType !6, !opCode !19, !opID !761, !ufrgs.lse.id !762
26289248,0,  %scevgep30 = getelementptr i8* %tmp92, i32 %injection292, !opType !6, !opCode !59, !opID !763, !ufrgs.lse.id !764
26289680,32,  %tmp106 = and i32 %injection250, -8, !opType !6, !opCode !145, !opID !769, !ufrgs.lse.id !770
26289824,32,  %tmp107 = add i32 %injection251, %injection295, !opType !6, !opCode !19, !opID !771, !ufrgs.lse.id !772
26290368,32,  %tmp108 = and i32 %injection250, -8, !opType !6, !opCode !145, !opID !779, !ufrgs.lse.id !780
26290512,32,  %tmp109 = add i32 %injection245, 7, !opType !6, !opCode !19, !opID !781, !ufrgs.lse.id !782
26290656,32,  %tmp110 = add i32 %injection298, %injection297, !opType !6, !opCode !19, !opID !783, !ufrgs.lse.id !784
26290864,32,  %Incnt.2.i.i.i142 = phi i32 [ %injection296, %1714 ], [ %injection299, %1735 ], !opType !6, !opCode !52, !opID !787, !ufrgs.lse.id !788
26291264,1,  %tobool21 = icmp slt i32 %injection244, 0, !opType !6, !opCode !24, !opID !793, !ufrgs.lse.id !794
26291456,0,  %arrayidx24 = getelementptr inbounds [8 x [2 x i8]]* @MVtab1, i32 0, i32 %injection184, i32 0, !opType !6, !opCode !59, !opID !795, !ufrgs.lse.id !796
26291688,32,  %conv25 = sext i8 %tmp111 to i32, !opType !6, !opCode !192, !opID !799, !ufrgs.lse.id !800
26291824,32,  %sub26 = sub nsw i32 0, %injection304, !opType !68, !opCode !36, !opID !801, !ufrgs.lse.id !802
26291992,32,  %cond32 = select i1 %injection301, i32 %injection305, i32 %injection304, !opType !6, !opCode !47, !opID !803, !ufrgs.lse.id !804
26292240,32,  %sub34 = add nsw i32 %injection58, -12, !opType !6, !opCode !19, !opID !807, !ufrgs.lse.id !808
26292384,1,  %cmp35 = icmp slt i32 %injection307, 0, !opType !6, !opCode !24, !opID !809, !ufrgs.lse.id !810
26292736,0,  %arrayidx40 = getelementptr inbounds [12 x [2 x i8]]* @MVtab2, i32 0, i32 %injection307, i32 1, !opType !6, !opCode !59, !opID !813, !ufrgs.lse.id !814
26292968,32,  %conv41 = sext i8 %tmp112 to i32, !opType !6, !opCode !192, !opID !817, !ufrgs.lse.id !818
26293104,32,  %shl.i = shl i32 %injection56, %injection311, !opType !10, !opCode !11, !opID !819, !ufrgs.lse.id !820
26293392,32,  %sub.i = sub nsw i32 %injection55, %injection311, !opType !68, !opCode !36, !opID !823, !ufrgs.lse.id !824
26293680,1,  %cmp.i = icmp slt i32 %injection313, 25, !opType !6, !opCode !24, !opID !827, !ufrgs.lse.id !828
26294096,1,  %cmp1.i = icmp ult i8* %tmp113, getelementptr inbounds ([2048 x i8]* @ld_Rdbfr, i32 0, i32 2044), !opType !6, !opCode !24, !opID !833, !ufrgs.lse.id !834
26294240,32,  %tmp114 = add nsw i32 %injection311, 24, !opType !6, !opCode !19, !opID !835, !ufrgs.lse.id !836
26294384,32,  %tmp115 = sub i32 %injection316, %injection55, !opType !6, !opCode !36, !opID !837, !ufrgs.lse.id !838
26294864,32,  %tmp116 = phi i32 [ %or.i, %1854 ], [ %injection312, %do.body.i.preheader ], !opType !6, !opCode !52, !opID !845, !ufrgs.lse.id !846
26294960,0,  %tmp117 = phi i8* [ %incdec.ptr.i, %1861 ], [ %tmp113, %do.body.i.preheader ], !opType !6, !opCode !52, !opID !847, !ufrgs.lse.id !848
26295136,32,  %Incnt.0.i = phi i32 [ %add.i, %1868 ], [ %injection313, %do.body.i.preheader ], !opType !6, !opCode !52, !opID !849, !ufrgs.lse.id !850
26295440,0,  %incdec.ptr.i = getelementptr inbounds i8* %injection320, i32 1, !opType !6, !opCode !59, !opID !851, !ufrgs.lse.id !852
26295672,32,  %conv.i = zext i8 %tmp118 to i32, !opType !6, !opCode !65, !opID !855, !ufrgs.lse.id !856
26295808,32,  %sub3.i = sub nsw i32 24, %injection321, !opType !68, !opCode !36, !opID !857, !ufrgs.lse.id !858
26295952,32,  %shl4.i = shl i32 %injection324, %injection325, !opType !68, !opCode !11, !opID !859, !ufrgs.lse.id !860
26296096,32,  %or.i = or i32 %injection326, %injection318, !opType !10, !opCode !73, !opID !861, !ufrgs.lse.id !862
26296240,32,  %add.i = add nsw i32 %injection321, 8, !opType !68, !opCode !19, !opID !863, !ufrgs.lse.id !864
26296384,1,  %cmp5.i = icmp slt i32 %injection328, 25, !opType !6, !opCode !24, !opID !865, !ufrgs.lse.id !866
26296640,32,  %or15.i21 = phi i32 [ %or15.i, %if.end.i ], [ %injection312, %do.body7.i.preheader ], !opType !6, !opCode !52, !opID !869, !ufrgs.lse.id !870
26296736,0,  %tmp119 = phi i8* [ %incdec.ptr11.i, %if.end.i ], [ %tmp113, %do.body7.i.preheader ], !opType !6, !opCode !52, !opID !871, !ufrgs.lse.id !872
26296912,32,  %Incnt.1.i = phi i32 [ %add16.i, %if.end.i ], [ %injection313, %do.body7.i.preheader ], !opType !6, !opCode !52, !opID !873, !ufrgs.lse.id !874
26297216,1,  %cmp8.i = icmp ult i8* %injection332, getelementptr inbounds ([2048 x i8]* @ld_Rdbfr, i32 1, i32 0), !opType !6, !opCode !24, !opID !875, !ufrgs.lse.id !876
26297584,0,  %p2.07.i.i.i = phi i8* [ %incdec.ptr1.i.i.i, %1952 ], [ getelementptr inbounds ([2048 x i8]* @inRdbfr, i32 0, i32 0), %while.body.i.i.i.preheader ], !opType !6, !opCode !52, !opID !881, !ufrgs.lse.id !882
26297840,0,  %p1.06.i.i.i = phi i8* [ %incdec.ptr.i.i.i103, %1959 ], [ getelementptr inbounds ([2048 x i8]* @ld_Rdbfr, i32 0, i32 0), %while.body.i.i.i.preheader ], !opType !6, !opCode !52, !opID !883, !ufrgs.lse.id !884
26298400,0,  %incdec.ptr.i.i.i103 = getelementptr inbounds i8* %injection338, i32 1, !opType !6, !opCode !59, !opID !889, !ufrgs.lse.id !890
26298544,0,  %incdec.ptr1.i.i.i = getelementptr inbounds i8* %injection336, i32 1, !opType !6, !opCode !59, !opID !891, !ufrgs.lse.id !892
26298688,1,  %exitcond.i.i = icmp eq i8* %injection342, getelementptr inbounds ([2048 x i8]* @inRdbfr, i32 1, i32 0), !opType !6, !opCode !24, !opID !893, !ufrgs.lse.id !894
26299056,0,  %tmp121 = phi i8* [ %injection332, %1945 ], [ getelementptr inbounds ([2048 x i8]* @ld_Rdbfr, i32 0, i32 0), %if.end.i.loopexit ], !opType !6, !opCode !52, !opID !899, !ufrgs.lse.id !900
26299200,0,  %incdec.ptr11.i = getelementptr inbounds i8* %injection345, i32 1, !opType !6, !opCode !59, !opID !901, !ufrgs.lse.id !902
26299432,32,  %conv12.i = zext i8 %tmp122 to i32, !opType !6, !opCode !65, !opID !905, !ufrgs.lse.id !906
26299568,32,  %sub13.i = sub nsw i32 24, %injection333, !opType !68, !opCode !36, !opID !907, !ufrgs.lse.id !908
26299712,32,  %shl14.i = shl i32 %injection348, %injection349, !opType !68, !opCode !11, !opID !909, !ufrgs.lse.id !910
26299856,32,  %or15.i = or i32 %injection350, %injection330, !opType !10, !opCode !73, !opID !911, !ufrgs.lse.id !912
26642176,32,  %add16.i = add nsw i32 %injection333, 8, !opType !68, !opCode !19, !opID !913, !ufrgs.lse.id !914
26642320,1,  %cmp18.i = icmp slt i32 %injection352, 25, !opType !6, !opCode !24, !opID !915, !ufrgs.lse.id !916
26642624,32,  %tmp123 = lshr i32 %injection317, 3, !opType !6, !opCode !134, !opID !919, !ufrgs.lse.id !920
26642768,32,  %tmp124 = add nuw nsw i32 %injection354, 1, !opType !6, !opCode !19, !opID !921, !ufrgs.lse.id !922
26642912,0,  %scevgep34 = getelementptr i8* %tmp113, i32 %injection355, !opType !6, !opCode !59, !opID !923, !ufrgs.lse.id !924
26643344,32,  %tmp125 = and i32 %injection317, -8, !opType !6, !opCode !145, !opID !929, !ufrgs.lse.id !930
26643488,32,  %tmp126 = add i32 %injection55, 8, !opType !6, !opCode !19, !opID !931, !ufrgs.lse.id !932
26643632,32,  %tmp127 = sub i32 %injection359, %injection311, !opType !6, !opCode !36, !opID !933, !ufrgs.lse.id !934
26643776,32,  %tmp128 = add i32 %injection360, %injection358, !opType !6, !opCode !19, !opID !935, !ufrgs.lse.id !936
26644032,32,  %tmp129 = and i32 %injection317, -8, !opType !6, !opCode !145, !opID !939, !ufrgs.lse.id !940
26644176,32,  %tmp130 = add i32 %injection55, %injection362, !opType !6, !opCode !19, !opID !941, !ufrgs.lse.id !942
26644320,32,  %tmp131 = add i32 %injection363, 8, !opType !6, !opCode !19, !opID !943, !ufrgs.lse.id !944
26644752,32,  %tmp132 = sub i32 %injection364, %injection311, !opType !6, !opCode !36, !opID !949, !ufrgs.lse.id !950
26299952,32,  %tmp133 = phi i32 [ %injection327, %2085 ], [ %injection351, %2113 ], !opType !6, !opCode !52, !opID !953, !ufrgs.lse.id !954
26644960,32,  %Incnt.2.i = phi i32 [ %injection361, %2085 ], [ %injection365, %2113 ], !opType !6, !opCode !52, !opID !955, !ufrgs.lse.id !956
26645312,32,  %tmp134 = phi i32 [ %injection312, %1826 ], [ %injection366, %2127 ], !opType !6, !opCode !52, !opID !961, !ufrgs.lse.id !962
26645408,32,  %tmp135 = phi i32 [ %injection313, %1826 ], [ %injection367, %2127 ], !opType !6, !opCode !52, !opID !963, !ufrgs.lse.id !964
26645552,32,  %shl.i.i.i63 = shl i32 %injection368, 1, !opType !10, !opCode !11, !opID !965, !ufrgs.lse.id !966
26645840,32,  %sub.i2.i.i64 = add nsw i32 %injection369, -1, !opType !6, !opCode !19, !opID !969, !ufrgs.lse.id !970
26646128,1,  %cmp.i.i.i65 = icmp slt i32 %injection369, 26, !opType !6, !opCode !24, !opID !973, !ufrgs.lse.id !974
26646544,1,  %cmp1.i.i.i66 = icmp ult i8* %tmp136, getelementptr inbounds ([2048 x i8]* @ld_Rdbfr, i32 0, i32 2044), !opType !6, !opCode !24, !opID !979, !ufrgs.lse.id !980
26646688,32,  %tmp137 = sub i32 25, %injection369, !opType !6, !opCode !36, !opID !981, !ufrgs.lse.id !982
26647104,32,  %tmp138 = add i32 %injection369, 7, !opType !6, !opCode !19, !opID !987, !ufrgs.lse.id !988
26647248,1,  %tmp139 = icmp sgt i32 %injection375, 25, !opType !6, !opCode !24, !opID !989, !ufrgs.lse.id !990
26647416,32,  %smax32 = select i1 %injection376, i32 %injection375, i32 25, !opType !6, !opCode !47, !opID !991, !ufrgs.lse.id !992
26647616,32,  %tmp140 = phi i32 [ %or.i.i.i73, %2204 ], [ %injection370, %2197 ], !opType !6, !opCode !52, !opID !995, !ufrgs.lse.id !996
26647872,0,  %tmp141 = phi i8* [ %incdec.ptr.i.i.i69, %2211 ], [ %tmp136, %2197 ], !opType !6, !opCode !52, !opID !997, !ufrgs.lse.id !998
26648128,32,  %Incnt.0.i.i.i68 = phi i32 [ %add.i.i.i74, %2218 ], [ %injection371, %2197 ], !opType !6, !opCode !52, !opID !999, !ufrgs.lse.id !1000
26648432,0,  %incdec.ptr.i.i.i69 = getelementptr inbounds i8* %injection380, i32 1, !opType !6, !opCode !59, !opID !1001, !ufrgs.lse.id !1002
26648664,32,  %conv.i.i.i70 = zext i8 %tmp142 to i32, !opType !6, !opCode !65, !opID !1005, !ufrgs.lse.id !1006
26648800,32,  %sub3.i.i.i71 = sub nsw i32 24, %injection381, !opType !68, !opCode !36, !opID !1007, !ufrgs.lse.id !1008
26648944,32,  %shl4.i.i.i72 = shl i32 %injection384, %injection385, !opType !68, !opCode !11, !opID !1009, !ufrgs.lse.id !1010
26649088,32,  %or.i.i.i73 = or i32 %injection386, %injection378, !opType !10, !opCode !73, !opID !1011, !ufrgs.lse.id !1012
26649232,32,  %add.i.i.i74 = add nsw i32 %injection381, 8, !opType !68, !opCode !19, !opID !1013, !ufrgs.lse.id !1014
26649376,1,  %cmp5.i.i.i75 = icmp slt i32 %injection388, 25, !opType !6, !opCode !24, !opID !1015, !ufrgs.lse.id !1016
26649632,32,  %or15.i.i.i9417 = phi i32 [ %or15.i.i.i94, %if.end.i.i.i97 ], [ %injection370, %do.body7.i.i.i79.preheader ], !opType !6, !opCode !52, !opID !1019, !ufrgs.lse.id !1020
26649728,0,  %tmp143 = phi i8* [ %incdec.ptr11.i.i.i90, %if.end.i.i.i97 ], [ %tmp136, %do.body7.i.i.i79.preheader ], !opType !6, !opCode !52, !opID !1021, !ufrgs.lse.id !1022
26649904,32,  %Incnt.1.i.i.i77 = phi i32 [ %add16.i.i.i95, %if.end.i.i.i97 ], [ %injection371, %do.body7.i.i.i79.preheader ], !opType !6, !opCode !52, !opID !1023, !ufrgs.lse.id !1024
26650208,1,  %cmp8.i.i.i78 = icmp ult i8* %injection392, getelementptr inbounds ([2048 x i8]* @ld_Rdbfr, i32 1, i32 0), !opType !6, !opCode !24, !opID !1025, !ufrgs.lse.id !1026
26650576,0,  %p2.07.i.i.i.i.i80 = phi i8* [ %incdec.ptr1.i.i.i.i.i83, %2302 ], [ getelementptr inbounds ([2048 x i8]* @inRdbfr, i32 0, i32 0), %while.body.i.i.i.i.i85.preheader ], !opType !6, !opCode !52, !opID !1031, !ufrgs.lse.id !1032
26650832,0,  %p1.06.i.i.i.i.i81 = phi i8* [ %incdec.ptr.i.i.i.i.i82, %2309 ], [ getelementptr inbounds ([2048 x i8]* @ld_Rdbfr, i32 0, i32 0), %while.body.i.i.i.i.i85.preheader ], !opType !6, !opCode !52, !opID !1033, !ufrgs.lse.id !1034
26651392,0,  %incdec.ptr.i.i.i.i.i82 = getelementptr inbounds i8* %injection398, i32 1, !opType !6, !opCode !59, !opID !1039, !ufrgs.lse.id !1040
26651536,0,  %incdec.ptr1.i.i.i.i.i83 = getelementptr inbounds i8* %injection396, i32 1, !opType !6, !opCode !59, !opID !1041, !ufrgs.lse.id !1042
26651680,1,  %exitcond.i.i.i.i84 = icmp eq i8* %injection402, getelementptr inbounds ([2048 x i8]* @inRdbfr, i32 1, i32 0), !opType !6, !opCode !24, !opID !1043, !ufrgs.lse.id !1044
26652048,0,  %tmp145 = phi i8* [ %injection392, %2295 ], [ getelementptr inbounds ([2048 x i8]* @ld_Rdbfr, i32 0, i32 0), %if.end.i.i.i97.loopexit ], !opType !6, !opCode !52, !opID !1049, !ufrgs.lse.id !1050
26652192,0,  %incdec.ptr11.i.i.i90 = getelementptr inbounds i8* %injection405, i32 1, !opType !6, !opCode !59, !opID !1051, !ufrgs.lse.id !1052
26652424,32,  %conv12.i.i.i91 = zext i8 %tmp146 to i32, !opType !6, !opCode !65, !opID !1055, !ufrgs.lse.id !1056
26652560,32,  %sub13.i.i.i92 = sub nsw i32 24, %injection393, !opType !68, !opCode !36, !opID !1057, !ufrgs.lse.id !1058
26652704,32,  %shl14.i.i.i93 = shl i32 %injection408, %injection409, !opType !68, !opCode !11, !opID !1059, !ufrgs.lse.id !1060
26652848,32,  %or15.i.i.i94 = or i32 %injection410, %injection390, !opType !10, !opCode !73, !opID !1061, !ufrgs.lse.id !1062
26652992,32,  %add16.i.i.i95 = add nsw i32 %injection393, 8, !opType !68, !opCode !19, !opID !1063, !ufrgs.lse.id !1064
26653136,1,  %cmp18.i.i.i96 = icmp slt i32 %injection412, 25, !opType !6, !opCode !24, !opID !1065, !ufrgs.lse.id !1066
26589728,32,  %tmp147 = sub i32 %injection377, %injection369, !opType !6, !opCode !36, !opID !1069, !ufrgs.lse.id !1070
26589872,32,  %tmp148 = lshr i32 %injection414, 3, !opType !6, !opCode !134, !opID !1071, !ufrgs.lse.id !1072
26590016,32,  %tmp149 = add nuw nsw i32 %injection415, 1, !opType !6, !opCode !19, !opID !1073, !ufrgs.lse.id !1074
26590160,0,  %scevgep33 = getelementptr i8* %tmp136, i32 %injection416, !opType !6, !opCode !59, !opID !1075, !ufrgs.lse.id !1076
26590592,32,  %tmp150 = and i32 %injection374, -8, !opType !6, !opCode !145, !opID !1081, !ufrgs.lse.id !1082
26590736,32,  %tmp151 = add i32 %injection375, %injection419, !opType !6, !opCode !19, !opID !1083, !ufrgs.lse.id !1084
26591280,32,  %tmp152 = and i32 %injection374, -8, !opType !6, !opCode !145, !opID !1091, !ufrgs.lse.id !1092
26591424,32,  %tmp153 = add i32 %injection369, 7, !opType !6, !opCode !19, !opID !1093, !ufrgs.lse.id !1094
26591568,32,  %tmp154 = add i32 %injection422, %injection421, !opType !6, !opCode !19, !opID !1095, !ufrgs.lse.id !1096
26591776,32,  %Incnt.2.i.i.i100 = phi i32 [ %injection420, %2428 ], [ %injection423, %2449 ], !opType !6, !opCode !52, !opID !1099, !ufrgs.lse.id !1100
26592176,1,  %tobool43 = icmp slt i32 %injection368, 0, !opType !6, !opCode !24, !opID !1105, !ufrgs.lse.id !1106
26592368,0,  %arrayidx46 = getelementptr inbounds [12 x [2 x i8]]* @MVtab2, i32 0, i32 %injection307, i32 0, !opType !6, !opCode !59, !opID !1107, !ufrgs.lse.id !1108
26592600,32,  %conv47 = sext i8 %tmp155 to i32, !opType !6, !opCode !192, !opID !1111, !ufrgs.lse.id !1112
26592736,32,  %sub48 = sub nsw i32 0, %injection428, !opType !68, !opCode !36, !opID !1113, !ufrgs.lse.id !1114
26592904,32,  %cond54 = select i1 %injection425, i32 %injection429, i32 %injection428, !opType !6, !opCode !47, !opID !1115, !ufrgs.lse.id !1116
26593104,32,  %retval.0 = phi i32 [ %injection182, %1063 ], [ %injection306, %1777 ], [ %injection430, %2491 ], [ 0, %342 ], [ 0, %1791 ], !opType !6, !opCode !52, !opID !1119, !ufrgs.lse.id !1120
26934608,0,  %p2.07.i.i.i.i = phi i8* [ %incdec.ptr1.i.i.i.i, %6 ], [ getelementptr inbounds ([2048 x i8]* @inRdbfr, i32 0, i32 0), %entry ], !opType !6, !opCode !19, !opID !20, !ufrgs.lse.id !21
26934864,0,  %p1.06.i.i.i.i = phi i8* [ %incdec.ptr.i.i.i.i, %13 ], [ getelementptr inbounds ([2048 x i8]* @ld_Rdbfr, i32 0, i32 0), %entry ], !opType !6, !opCode !19, !opID !22, !ufrgs.lse.id !23
26935424,0,  %incdec.ptr.i.i.i.i = getelementptr inbounds i8* %injection2, i32 1, !opType !6, !opCode !30, !opID !31, !ufrgs.lse.id !32
26935568,0,  %incdec.ptr1.i.i.i.i = getelementptr inbounds i8* %injection, i32 1, !opType !6, !opCode !30, !opID !33, !ufrgs.lse.id !34
26935712,1,  %exitcond.i.i.i = icmp eq i8* %injection6, getelementptr inbounds ([2048 x i8]* @inRdbfr, i32 1, i32 0), !opType !6, !opCode !35, !opID !36, !ufrgs.lse.id !37
26936104,32,  %conv12.i.i = zext i8 %tmp1 to i32, !opType !6, !opCode !42, !opID !43, !ufrgs.lse.id !44
26936240,32,  %shl14.i.i = shl nuw i32 %injection8, 24, !opType !45, !opCode !46, !opID !47, !ufrgs.lse.id !48
26936472,32,  %phitmp.i = zext i8 %.pre.i to i32, !opType !6, !opCode !42, !opID !51, !ufrgs.lse.id !52
26936608,32,  %phitmp3.i = shl nuw nsw i32 %injection10, 16, !opType !6, !opCode !46, !opID !53, !ufrgs.lse.id !54
26936752,32,  %or15.i.1.i = or i32 %injection9, %injection11, !opType !55, !opCode !56, !opID !57, !ufrgs.lse.id !58
26936984,32,  %phitmp4.i = zext i8 %.pre1.i to i32, !opType !6, !opCode !42, !opID !61, !ufrgs.lse.id !62
26937120,32,  %phitmp5.i = shl nuw nsw i32 %injection13, 8, !opType !6, !opCode !46, !opID !63, !ufrgs.lse.id !64
26937264,32,  %or15.i.2.i = or i32 %injection12, %injection14, !opType !55, !opCode !56, !opID !65, !ufrgs.lse.id !66
26937496,32,  %phitmp6.i = zext i8 %.pre2.i to i32, !opType !6, !opCode !42, !opID !69, !ufrgs.lse.id !70
26937776,32,  %or15.i.3.i = or i32 %injection15, %injection16, !opType !55, !opCode !56, !opID !73, !ufrgs.lse.id !74
26938208,0,  %arrayidx = getelementptr inbounds i8** %argv, i32 1, !opType !6, !opCode !30, !opID !79, !ufrgs.lse.id !80
26938816,1,  %cmp12 = icmp sgt i32 %tmp3, 0, !opType !6, !opCode !35, !opID !88, !ufrgs.lse.id !89
26939184,32,  %i.013 = phi i32 [ %inc, %motion_vector.exit ], [ 0, %for.body.preheader ], !opType !6, !opCode !19, !opID !94, !ufrgs.lse.id !95
26939352,0,  %arrayidx1 = getelementptr inbounds [380 x i32]* @bfr, i32 0, i32 %injection21, !opType !6, !opCode !30, !opID !96, !ufrgs.lse.id !97
26939840,0,  %arraydecay.i = getelementptr inbounds [380 x [2 x [2 x [2 x i32]]]]* @inPMV, i32 0, i32 %injection21, i32 0, i32 0, i32 0, !opType !6, !opCode !30, !opID !102, !ufrgs.lse.id !103
26940112,1,  %cmp1.i = icmp eq i32 %call.i, 0, !opType !6, !opCode !35, !opID !106, !ufrgs.lse.id !107
26940656,1,  %cmp.i.i = icmp sgt i32 %call.i, 0, !opType !6, !opCode !35, !opID !114, !ufrgs.lse.id !115
26940800,32,  %sub.i.i = shl i32 %call.i, 1, !opType !6, !opCode !46, !opID !116, !ufrgs.lse.id !117
26941104,32,  %add.i.i = add i32 %injection28, -1, !opType !45, !opCode !120, !opID !121, !ufrgs.lse.id !122
26941248,32,  %add2.i.i = add i32 %injection29, %call2.i, !opType !45, !opCode !120, !opID !123, !ufrgs.lse.id !124
26941392,32,  %add3.i.i = add i32 %injection30, %tmp5, !opType !45, !opCode !120, !opID !125, !ufrgs.lse.id !126
26941536,1,  %cmp4.i.i = icmp slt i32 %injection31, 32, !opType !6, !opCode !35, !opID !127, !ufrgs.lse.id !128
26941680,32,  %sub7.i.i = add nsw i32 %injection31, -64, !opType !6, !opCode !120, !opID !129, !ufrgs.lse.id !130
26941848,32,  %add3.i.i.sub7.i.i = select i1 %injection32, i32 %injection31, i32 %injection33, !opType !6, !opCode !131, !opID !132, !ufrgs.lse.id !133
26942320,32,  %shl12.i.i = xor i32 %injection28, -2, !opType !6, !opCode !140, !opID !141, !ufrgs.lse.id !142
26942464,32,  %add13.neg.i.i = xor i32 %call2.i, -1, !opType !6, !opCode !140, !opID !143, !ufrgs.lse.id !144
26942608,32,  %add14.neg.i.i = sub i32 %injection36, %injection35, !opType !6, !opCode !145, !opID !146, !ufrgs.lse.id !147
26942752,32,  %sub15.i.i = add i32 %tmp5, %injection37, !opType !6, !opCode !120, !opID !148, !ufrgs.lse.id !149
26942896,1,  %cmp17.i.i = icmp slt i32 %injection38, -32, !opType !6, !opCode !35, !opID !150, !ufrgs.lse.id !151
26943040,32,  %add20.i.i = add nsw i32 %injection38, 64, !opType !45, !opCode !120, !opID !152, !ufrgs.lse.id !153
26943208,32,  %add20.i.i.sub15.i.i = select i1 %injection39, i32 %injection40, i32 %injection38, !opType !6, !opCode !131, !opID !154, !ufrgs.lse.id !155
26943408,32,  %vec.0.i.i = phi i32 [ %tmp6, %if.else.i.i ], [ %injection34, %202 ], [ %injection41, %251 ], !opType !6, !opCode !19, !opID !158, !ufrgs.lse.id !159
26943936,1,  %cmp8.i = icmp eq i32 %call5.i, 0, !opType !6, !opCode !35, !opID !164, !ufrgs.lse.id !165
26944464,0,  %arrayidx16.i1 = getelementptr inbounds [380 x [2 x [2 x [2 x i32]]]]* @inPMV, i32 0, i32 %injection21, i32 0, i32 0, i32 1, !opType !6, !opCode !30, !opID !170, !ufrgs.lse.id !171
26944720,1,  %cmp.i48.i = icmp sgt i32 %call5.i, 0, !opType !6, !opCode !35, !opID !174, !ufrgs.lse.id !175
26944864,32,  %sub.i49.i = shl i32 %call5.i, 1, !opType !6, !opCode !46, !opID !176, !ufrgs.lse.id !177
26945168,32,  %add.i51.i = add i32 %injection47, -1, !opType !45, !opCode !120, !opID !180, !ufrgs.lse.id !181
26945312,32,  %add2.i52.i = add i32 %injection48, %call10.i, !opType !45, !opCode !120, !opID !182, !ufrgs.lse.id !183
26945456,32,  %add3.i53.i = add i32 %injection49, %tmp7, !opType !45, !opCode !120, !opID !184, !ufrgs.lse.id !185
26945600,1,  %cmp4.i54.i = icmp slt i32 %injection50, 32, !opType !6, !opCode !35, !opID !186, !ufrgs.lse.id !187
26945744,32,  %sub7.i57.i = add nsw i32 %injection50, -64, !opType !6, !opCode !120, !opID !188, !ufrgs.lse.id !189
26945912,32,  %add3.i53.i.sub7.i57.i = select i1 %injection51, i32 %injection50, i32 %injection52, !opType !6, !opCode !131, !opID !190, !ufrgs.lse.id !191
26946256,0,  %arrayidx16.i16 = getelementptr inbounds [380 x [2 x [2 x [2 x i32]]]]* @inPMV, i32 0, i32 %injection21, i32 0, i32 0, i32 1, !opType !6, !opCode !30, !opID !194, !ufrgs.lse.id !195
26946624,32,  %shl12.i62.i = xor i32 %injection47, -2, !opType !6, !opCode !140, !opID !200, !ufrgs.lse.id !201
26946768,32,  %add13.neg.i63.i = xor i32 %call10.i, -1, !opType !6, !opCode !140, !opID !202, !ufrgs.lse.id !203
26946912,32,  %add14.neg.i64.i = sub i32 %injection57, %injection56, !opType !6, !opCode !145, !opID !204, !ufrgs.lse.id !205
26947056,32,  %sub15.i65.i = add i32 %tmp7, %injection58, !opType !6, !opCode !120, !opID !206, !ufrgs.lse.id !207
26947200,1,  %cmp17.i67.i = icmp slt i32 %injection59, -32, !opType !6, !opCode !35, !opID !208, !ufrgs.lse.id !209
26947344,32,  %add20.i70.i = add nsw i32 %injection59, 64, !opType !45, !opCode !120, !opID !210, !ufrgs.lse.id !211
26947512,32,  %add20.i70.i.sub15.i65.i = select i1 %injection60, i32 %injection61, i32 %injection59, !opType !6, !opCode !131, !opID !212, !ufrgs.lse.id !213
26947712,0,  %arrayidx18.i10 = phi i32* [ %injection55, %335 ], [ %injection45, %328 ], [ %injection45, %384 ], !opType !6, !opCode !19, !opID !216, !ufrgs.lse.id !217
26947920,32,  %vec.0.i72.i = phi i32 [ %tmp8, %335 ], [ %injection53, %328 ], [ %injection62, %384 ], !opType !6, !opCode !19, !opID !218, !ufrgs.lse.id !219
26948528,0,  %arrayidx13.i = getelementptr inbounds [380 x [2 x [2 x [2 x i32]]]]* @inPMV, i32 0, i32 %injection21, i32 1, i32 0, i32 0, !opType !6, !opCode !30, !opID !224, !ufrgs.lse.id !225
26948912,0,  %arrayidx16.i = getelementptr inbounds [380 x [2 x [2 x [2 x i32]]]]* @inPMV, i32 0, i32 %injection21, i32 0, i32 0, i32 1, !opType !6, !opCode !30, !opID !228, !ufrgs.lse.id !229
26949264,0,  %arrayidx19.i = getelementptr inbounds [380 x [2 x [2 x [2 x i32]]]]* @inPMV, i32 0, i32 %injection21, i32 1, i32 0, i32 1, !opType !6, !opCode !30, !opID !232, !ufrgs.lse.id !233
26949552,32,  %inc = add nsw i32 %injection21, 1, !opType !45, !opCode !120, !opID !236, !ufrgs.lse.id !237
26949808,1,  %cmp = icmp slt i32 %injection72, %tmp11, !opType !6, !opCode !35, !opID !240, !ufrgs.lse.id !241
26950176,32,  %.lcssa = phi i32 [ %tmp3, %118 ], [ %tmp11, %for.end.loopexit ], !opType !6, !opCode !19, !opID !246, !ufrgs.lse.id !247
26950320,0,  %arrayidx6 = getelementptr inbounds i8** %argv, i32 2, !opType !6, !opCode !30, !opID !248, !ufrgs.lse.id !249
