49155496,201,32,  %tmp = load i32* @ld_Bfr, align 4, !tbaa !2, !opType !6, !opCode !7, !opID !8
49155632,201,32,  %shr.i = lshr i32 %injection, 31, !opType !9, !opCode !10, !opID !11
49155776,201,32,  %shl.i = shl i32 %injection, 1, !opType !9, !opCode !12, !opID !13
49156040,201,32,  %tmp1 = load i32* @ld_Incnt, align 4, !tbaa !2, !opType !6, !opCode !7, !opID !16
49156176,201,32,  %sub.i2 = add nsw i32 %injection3, -1, !opType !6, !opCode !17, !opID !18
49156464,201,1,  %cmp.i = icmp slt i32 %injection3, 26, !opType !6, !opCode !20, !opID !21
49156744,20,0,  %tmp2 = load i8** @ld_Rdptr, align 4, !tbaa !24, !opType !6, !opCode !7, !opID !26
49156880,20,1,  %cmp1.i = icmp ult i8* %injection6, getelementptr inbounds ([2048 x i8]* @ld_Rdbfr, i32 0, i32 2044), !opType !6, !opCode !20, !opID !27
49157024,20,32,  %tmp3 = sub i32 25, %injection3, !opType !6, !opCode !28, !opID !29
49157504,20,32,  %tmp4 = phi i32 [ %or.i, %69 ], [ %injection2, %do.body.i.preheader ], !opType !6, !opCode !33, !opID !34
49157760,20,0,  %tmp5 = phi i8* [ %incdec.ptr.i, %76 ], [ %injection6, %do.body.i.preheader ], !opType !6, !opCode !33, !opID !35
49164176,20,32,  %Incnt.0.i = phi i32 [ %add.i, %83 ], [ %injection4, %do.body.i.preheader ], !opType !6, !opCode !33, !opID !36
49164480,20,0,  %incdec.ptr.i = getelementptr inbounds i8* %injection11, i32 1, !opType !6, !opCode !37, !opID !38
49164600,20,8,  %tmp6 = load i8* %injection11, align 1, !tbaa !39, !opType !6, !opCode !7, !opID !40
49164712,20,32,  %conv.i = zext i8 %injection15 to i32, !opType !6, !opCode !41, !opID !42
49164848,20,32,  %sub3.i = sub nsw i32 24, %injection12, !opType !43, !opCode !28, !opID !44
49164992,20,32,  %shl4.i = shl i32 %injection16, %injection17, !opType !43, !opCode !12, !opID !45
49165136,20,32,  %or.i = or i32 %injection18, %injection9, !opType !9, !opCode !46, !opID !47
49165280,20,32,  %add.i = add nsw i32 %injection12, 8, !opType !43, !opCode !17, !opID !48
49165424,20,1,  %cmp5.i = icmp slt i32 %injection20, 25, !opType !6, !opCode !20, !opID !49
49165680,0,32,  %or15.i1 = phi i32 [ %or15.i, %if.end.i ], [ %injection2, %do.body7.i.preheader ], !opType !6, !opCode !33, !opID !51
49165776,0,0,  %tmp7 = phi i8* [ %incdec.ptr11.i, %if.end.i ], [ %injection6, %do.body7.i.preheader ], !opType !6, !opCode !33, !opID !52
49165952,0,32,  %Incnt.1.i = phi i32 [ %add16.i, %if.end.i ], [ %injection4, %do.body7.i.preheader ], !opType !6, !opCode !33, !opID !53
49166256,0,1,  %cmp8.i = icmp ult i8* %injection24, getelementptr inbounds ([2048 x i8]* @ld_Rdbfr, i32 1, i32 0), !opType !6, !opCode !20, !opID !54
49166624,0,0,  %p2.07.i.i.i = phi i8* [ %incdec.ptr1.i.i.i, %174 ], [ getelementptr inbounds ([2048 x i8]* @inRdbfr, i32 0, i32 0), %while.body.i.i.i.preheader ], !opType !6, !opCode !33, !opID !57
49166880,0,0,  %p1.06.i.i.i = phi i8* [ %incdec.ptr.i.i.i, %181 ], [ getelementptr inbounds ([2048 x i8]* @ld_Rdbfr, i32 0, i32 0), %while.body.i.i.i.preheader ], !opType !6, !opCode !33, !opID !58
49167160,0,8,  %tmp8 = load i8* %injection28, align 1, !tbaa !39, !opType !6, !opCode !7, !opID !59
49167440,0,0,  %incdec.ptr.i.i.i = getelementptr inbounds i8* %injection30, i32 1, !opType !6, !opCode !37, !opID !61
49167584,0,0,  %incdec.ptr1.i.i.i = getelementptr inbounds i8* %injection28, i32 1, !opType !6, !opCode !37, !opID !62
49167728,0,1,  %exitcond.i.i = icmp eq i8* %injection35, getelementptr inbounds ([2048 x i8]* @inRdbfr, i32 1, i32 0), !opType !6, !opCode !20, !opID !63
49168096,0,0,  %tmp9 = phi i8* [ %injection24, %167 ], [ getelementptr inbounds ([2048 x i8]* @ld_Rdbfr, i32 0, i32 0), %if.end.i.loopexit ], !opType !6, !opCode !33, !opID !66
49168240,0,0,  %incdec.ptr11.i = getelementptr inbounds i8* %injection38, i32 1, !opType !6, !opCode !37, !opID !67
49168360,0,8,  %tmp10 = load i8* %injection38, align 1, !tbaa !39, !opType !6, !opCode !7, !opID !68
49168472,0,32,  %conv12.i = zext i8 %injection41 to i32, !opType !6, !opCode !41, !opID !69
49168608,0,32,  %sub13.i = sub nsw i32 24, %injection25, !opType !43, !opCode !28, !opID !70
49168752,0,32,  %shl14.i = shl i32 %injection42, %injection43, !opType !43, !opCode !12, !opID !71
49168896,0,32,  %or15.i = or i32 %injection44, %injection22, !opType !9, !opCode !46, !opID !72
49169040,0,32,  %add16.i = add nsw i32 %injection25, 8, !opType !43, !opCode !17, !opID !73
49169184,0,1,  %cmp18.i = icmp slt i32 %injection46, 25, !opType !6, !opCode !20, !opID !74
49169488,20,32,  %tmp11 = lshr i32 %injection8, 3, !opType !6, !opCode !10, !opID !76
49169632,20,32,  %tmp12 = add nuw nsw i32 %injection48, 1, !opType !6, !opCode !17, !opID !77
49169776,20,0,  %scevgep = getelementptr i8* %injection6, i32 %injection49, !opType !6, !opCode !37, !opID !78
49170208,20,32,  %tmp13 = and i32 %injection8, -8, !opType !6, !opCode !81, !opID !82
49170352,20,32,  %tmp14 = add i32 %injection3, 7, !opType !6, !opCode !17, !opID !83
49170496,20,32,  %tmp15 = add i32 %injection53, %injection52, !opType !6, !opCode !17, !opID !84
49170752,0,32,  %tmp16 = and i32 %injection8, -8, !opType !6, !opCode !81, !opID !86
49170896,0,32,  %tmp17 = add i32 %injection3, %injection55, !opType !6, !opCode !17, !opID !87
49172368,0,32,  %tmp18 = add i32 %injection56, 7, !opType !6, !opCode !17, !opID !90
49172576,20,32,  %Incnt.2.i = phi i32 [ %injection54, %314 ], [ %injection57, %335 ], !opType !6, !opCode !33, !opID !92
49090024,672,32,  %tmp = load i32* @ld_Bfr, align 4, !tbaa !2, !opType !6, !opCode !7, !opID !8
49090160,672,32,  %shl.i.i.i = shl i32 %injection, 1, !opType !9, !opCode !10, !opID !11
49090424,672,32,  %tmp1 = load i32* @ld_Incnt, align 4, !tbaa !2, !opType !6, !opCode !7, !opID !14
49090560,672,32,  %sub.i2.i.i = add nsw i32 %injection2, -1, !opType !6, !opCode !15, !opID !16
49090848,672,1,  %cmp.i.i.i = icmp slt i32 %injection2, 26, !opType !6, !opCode !18, !opID !19
49091128,87,0,  %tmp2 = load i8** @ld_Rdptr, align 4, !tbaa !22, !opType !6, !opCode !7, !opID !24
49091264,87,1,  %cmp1.i.i.i = icmp ult i8* %injection5, getelementptr inbounds ([2048 x i8]* @ld_Rdbfr, i32 0, i32 2044), !opType !6, !opCode !18, !opID !25
49091408,87,32,  %tmp3 = sub i32 25, %injection2, !opType !6, !opCode !26, !opID !27
49091824,87,32,  %tmp4 = add i32 %injection2, 7, !opType !6, !opCode !15, !opID !30
49091968,87,1,  %tmp5 = icmp sgt i32 %injection8, 25, !opType !6, !opCode !18, !opID !31
49092136,87,32,  %smax35 = select i1 %injection9, i32 %injection8, i32 25, !opType !6, !opCode !32, !opID !33
49092336,87,32,  %tmp6 = phi i32 [ %or.i.i.i, %83 ], [ %injection1, %76 ], !opType !6, !opCode !35, !opID !36
49092592,87,0,  %tmp7 = phi i8* [ %incdec.ptr.i.i.i, %90 ], [ %injection5, %76 ], !opType !6, !opCode !35, !opID !37
49092848,87,32,  %Incnt.0.i.i.i = phi i32 [ %add.i.i.i, %97 ], [ %injection3, %76 ], !opType !6, !opCode !35, !opID !38
49093152,87,0,  %incdec.ptr.i.i.i = getelementptr inbounds i8* %injection13, i32 1, !opType !6, !opCode !39, !opID !40
49093272,87,8,  %tmp8 = load i8* %injection13, align 1, !tbaa !41, !opType !6, !opCode !7, !opID !42
49093384,87,32,  %conv.i.i.i = zext i8 %injection17 to i32, !opType !6, !opCode !43, !opID !44
49093520,87,32,  %sub3.i.i.i = sub nsw i32 24, %injection14, !opType !45, !opCode !26, !opID !46
49093664,87,32,  %shl4.i.i.i = shl i32 %injection18, %injection19, !opType !45, !opCode !10, !opID !47
49093808,87,32,  %or.i.i.i = or i32 %injection20, %injection11, !opType !9, !opCode !48, !opID !49
49093952,87,32,  %add.i.i.i = add nsw i32 %injection14, 8, !opType !45, !opCode !15, !opID !50
49094096,87,1,  %cmp5.i.i.i = icmp slt i32 %injection22, 25, !opType !6, !opCode !18, !opID !51
49094352,0,32,  %or15.i.i.i26 = phi i32 [ %or15.i.i.i, %if.end.i.i.i ], [ %injection1, %do.body7.i.i.i.preheader ], !opType !6, !opCode !35, !opID !53
49094448,0,0,  %tmp9 = phi i8* [ %incdec.ptr11.i.i.i, %if.end.i.i.i ], [ %injection5, %do.body7.i.i.i.preheader ], !opType !6, !opCode !35, !opID !54
49094624,0,32,  %Incnt.1.i.i.i = phi i32 [ %add16.i.i.i, %if.end.i.i.i ], [ %injection3, %do.body7.i.i.i.preheader ], !opType !6, !opCode !35, !opID !55
49094928,0,1,  %cmp8.i.i.i = icmp ult i8* %injection26, getelementptr inbounds ([2048 x i8]* @ld_Rdbfr, i32 1, i32 0), !opType !6, !opCode !18, !opID !56
49095296,0,0,  %p2.07.i.i.i.i.i = phi i8* [ %incdec.ptr1.i.i.i.i.i, %188 ], [ getelementptr inbounds ([2048 x i8]* @inRdbfr, i32 0, i32 0), %while.body.i.i.i.i.i.preheader ], !opType !6, !opCode !35, !opID !59
49095552,0,0,  %p1.06.i.i.i.i.i = phi i8* [ %incdec.ptr.i.i.i.i.i, %195 ], [ getelementptr inbounds ([2048 x i8]* @ld_Rdbfr, i32 0, i32 0), %while.body.i.i.i.i.i.preheader ], !opType !6, !opCode !35, !opID !60
49095832,0,8,  %tmp10 = load i8* %injection30, align 1, !tbaa !41, !opType !6, !opCode !7, !opID !61
49096112,0,0,  %incdec.ptr.i.i.i.i.i = getelementptr inbounds i8* %injection32, i32 1, !opType !6, !opCode !39, !opID !63
49096256,0,0,  %incdec.ptr1.i.i.i.i.i = getelementptr inbounds i8* %injection30, i32 1, !opType !6, !opCode !39, !opID !64
49096400,0,1,  %exitcond.i.i.i.i = icmp eq i8* %injection37, getelementptr inbounds ([2048 x i8]* @inRdbfr, i32 1, i32 0), !opType !6, !opCode !18, !opID !65
49096768,0,0,  %tmp11 = phi i8* [ %injection26, %181 ], [ getelementptr inbounds ([2048 x i8]* @ld_Rdbfr, i32 0, i32 0), %if.end.i.i.i.loopexit ], !opType !6, !opCode !35, !opID !68
49096912,0,0,  %incdec.ptr11.i.i.i = getelementptr inbounds i8* %injection40, i32 1, !opType !6, !opCode !39, !opID !69
49097032,0,8,  %tmp12 = load i8* %injection40, align 1, !tbaa !41, !opType !6, !opCode !7, !opID !70
49097144,0,32,  %conv12.i.i.i = zext i8 %injection43 to i32, !opType !6, !opCode !43, !opID !71
49097280,0,32,  %sub13.i.i.i = sub nsw i32 24, %injection27, !opType !45, !opCode !26, !opID !72
49097424,0,32,  %shl14.i.i.i = shl i32 %injection44, %injection45, !opType !45, !opCode !10, !opID !73
49097568,0,32,  %or15.i.i.i = or i32 %injection46, %injection24, !opType !9, !opCode !48, !opID !74
49097712,0,32,  %add16.i.i.i = add nsw i32 %injection27, 8, !opType !45, !opCode !15, !opID !75
49097856,0,1,  %cmp18.i.i.i = icmp slt i32 %injection48, 25, !opType !6, !opCode !18, !opID !76
49098160,87,32,  %tmp13 = sub i32 %injection10, %injection2, !opType !6, !opCode !26, !opID !78
49098304,87,32,  %tmp14 = lshr i32 %injection50, 3, !opType !6, !opCode !79, !opID !80
49098448,87,32,  %tmp15 = add nuw nsw i32 %injection51, 1, !opType !6, !opCode !15, !opID !81
49098592,87,0,  %scevgep36 = getelementptr i8* %injection5, i32 %injection52, !opType !6, !opCode !39, !opID !82
49099024,87,32,  %tmp16 = and i32 %injection7, -8, !opType !6, !opCode !85, !opID !86
49099168,87,32,  %tmp17 = add i32 %injection8, %injection55, !opType !6, !opCode !15, !opID !87
49099712,0,32,  %tmp18 = and i32 %injection7, -8, !opType !6, !opCode !85, !opID !91
49099856,0,32,  %tmp19 = add i32 %injection2, 7, !opType !6, !opCode !15, !opID !92
49100000,0,32,  %tmp20 = add i32 %injection58, %injection57, !opType !6, !opCode !15, !opID !93
49100208,87,32,  %tmp21 = phi i32 [ %injection21, %328 ], [ %injection47, %349 ], !opType !6, !opCode !35, !opID !95
49100304,87,32,  %Incnt.2.i.i.i = phi i32 [ %injection56, %328 ], [ %injection59, %349 ], !opType !6, !opCode !35, !opID !96
49100656,672,32,  %tmp22 = phi i32 [ %injection3, %34 ], [ %injection61, %363 ], !opType !6, !opCode !35, !opID !99
49100752,672,32,  %tmp23 = phi i32 [ %injection1, %34 ], [ %injection60, %363 ], !opType !6, !opCode !35, !opID !100
49100896,672,1,  %tobool = icmp sgt i32 %injection, -1, !opType !6, !opCode !18, !opID !101
49101200,201,32,  %shr.i = lshr i32 %injection63, 23, !opType !9, !opCode !79, !opID !103
49101344,201,1,  %cmp = icmp ugt i32 %injection63, 536870911, !opType !6, !opCode !18, !opID !104
49101648,145,32,  %shr267 = lshr i32 %injection63, 29, !opType !6, !opCode !79, !opID !106
49101840,145,0,  %arrayidx3 = getelementptr inbounds [8 x [2 x i8]]* @MVtab0, i32 0, i32 %injection67, i32 1, !opType !6, !opCode !39, !opID !107
49101960,145,8,  %tmp24 = load i8* %injection69, align 1, !tbaa !41, !opType !6, !opCode !7, !opID !108
49102072,145,32,  %conv = sext i8 %injection70 to i32, !opType !6, !opCode !109, !opID !110
49102208,145,32,  %shl.i226 = shl i32 %injection63, %injection71, !opType !9, !opCode !10, !opID !111
49102496,145,32,  %sub.i227 = sub nsw i32 %injection62, %injection71, !opType !45, !opCode !26, !opID !113
49102784,145,1,  %cmp.i228 = icmp slt i32 %injection73, 25, !opType !6, !opCode !18, !opID !115
49103064,19,0,  %tmp25 = load i8** @ld_Rdptr, align 4, !tbaa !22, !opType !6, !opCode !7, !opID !117
49103200,19,1,  %cmp1.i229 = icmp ult i8* %injection76, getelementptr inbounds ([2048 x i8]* @ld_Rdbfr, i32 0, i32 2044), !opType !6, !opCode !18, !opID !118
49103344,19,32,  %tmp26 = add nsw i32 %injection71, 24, !opType !6, !opCode !15, !opID !119
49103488,19,32,  %tmp27 = sub i32 %injection78, %injection62, !opType !6, !opCode !26, !opID !120
49103968,19,32,  %tmp28 = phi i32 [ %or.i237, %482 ], [ %injection72, %do.body.i240.preheader ], !opType !6, !opCode !35, !opID !124
49104224,19,0,  %tmp29 = phi i8* [ %incdec.ptr.i233, %489 ], [ %injection76, %do.body.i240.preheader ], !opType !6, !opCode !35, !opID !125
49104480,19,32,  %Incnt.0.i232 = phi i32 [ %add.i238, %496 ], [ %injection73, %do.body.i240.preheader ], !opType !6, !opCode !35, !opID !126
49104784,19,0,  %incdec.ptr.i233 = getelementptr inbounds i8* %injection82, i32 1, !opType !6, !opCode !39, !opID !127
49104904,19,8,  %tmp30 = load i8* %injection82, align 1, !tbaa !41, !opType !6, !opCode !7, !opID !128
49105016,19,32,  %conv.i234 = zext i8 %injection86 to i32, !opType !6, !opCode !43, !opID !129
49105152,19,32,  %sub3.i235 = sub nsw i32 24, %injection83, !opType !45, !opCode !26, !opID !130
49105296,19,32,  %shl4.i236 = shl i32 %injection87, %injection88, !opType !45, !opCode !10, !opID !131
49105440,19,32,  %or.i237 = or i32 %injection89, %injection80, !opType !9, !opCode !48, !opID !132
49105584,19,32,  %add.i238 = add nsw i32 %injection83, 8, !opType !45, !opCode !15, !opID !133
49105728,19,1,  %cmp5.i239 = icmp slt i32 %injection91, 25, !opType !6, !opCode !18, !opID !134
49105984,0,32,  %or15.i2585 = phi i32 [ %or15.i258, %if.end.i261 ], [ %injection72, %do.body7.i243.preheader ], !opType !6, !opCode !35, !opID !136
49106080,0,0,  %tmp31 = phi i8* [ %incdec.ptr11.i254, %if.end.i261 ], [ %injection76, %do.body7.i243.preheader ], !opType !6, !opCode !35, !opID !137
49106256,0,32,  %Incnt.1.i241 = phi i32 [ %add16.i259, %if.end.i261 ], [ %injection73, %do.body7.i243.preheader ], !opType !6, !opCode !35, !opID !138
49106560,0,1,  %cmp8.i242 = icmp ult i8* %injection95, getelementptr inbounds ([2048 x i8]* @ld_Rdbfr, i32 1, i32 0), !opType !6, !opCode !18, !opID !139
49106928,0,0,  %p2.07.i.i.i244 = phi i8* [ %incdec.ptr1.i.i.i247, %587 ], [ getelementptr inbounds ([2048 x i8]* @inRdbfr, i32 0, i32 0), %while.body.i.i.i249.preheader ], !opType !6, !opCode !35, !opID !142
49107184,0,0,  %p1.06.i.i.i245 = phi i8* [ %incdec.ptr.i.i.i246, %594 ], [ getelementptr inbounds ([2048 x i8]* @ld_Rdbfr, i32 0, i32 0), %while.body.i.i.i249.preheader ], !opType !6, !opCode !35, !opID !143
49107464,0,8,  %tmp32 = load i8* %injection99, align 1, !tbaa !41, !opType !6, !opCode !7, !opID !144
49107744,0,0,  %incdec.ptr.i.i.i246 = getelementptr inbounds i8* %injection101, i32 1, !opType !6, !opCode !39, !opID !146
49107888,0,0,  %incdec.ptr1.i.i.i247 = getelementptr inbounds i8* %injection99, i32 1, !opType !6, !opCode !39, !opID !147
49108032,0,1,  %exitcond.i.i248 = icmp eq i8* %injection106, getelementptr inbounds ([2048 x i8]* @inRdbfr, i32 1, i32 0), !opType !6, !opCode !18, !opID !148
49108400,0,0,  %tmp33 = phi i8* [ %injection95, %580 ], [ getelementptr inbounds ([2048 x i8]* @ld_Rdbfr, i32 0, i32 0), %if.end.i261.loopexit ], !opType !6, !opCode !35, !opID !151
49108544,0,0,  %incdec.ptr11.i254 = getelementptr inbounds i8* %injection109, i32 1, !opType !6, !opCode !39, !opID !152
49108664,0,8,  %tmp34 = load i8* %injection109, align 1, !tbaa !41, !opType !6, !opCode !7, !opID !153
49108776,0,32,  %conv12.i255 = zext i8 %injection112 to i32, !opType !6, !opCode !43, !opID !154
49108912,0,32,  %sub13.i256 = sub nsw i32 24, %injection96, !opType !45, !opCode !26, !opID !155
49109056,0,32,  %shl14.i257 = shl i32 %injection113, %injection114, !opType !45, !opCode !10, !opID !156
49171328,0,32,  %or15.i258 = or i32 %injection115, %injection93, !opType !9, !opCode !48, !opID !157
49171472,0,32,  %add16.i259 = add nsw i32 %injection96, 8, !opType !45, !opCode !15, !opID !158
49171616,0,1,  %cmp18.i260 = icmp slt i32 %injection117, 25, !opType !6, !opCode !18, !opID !159
49171920,19,32,  %tmp35 = lshr i32 %injection79, 3, !opType !6, !opCode !79, !opID !161
49172064,19,32,  %tmp36 = add nuw nsw i32 %injection119, 1, !opType !6, !opCode !15, !opID !162
49172208,19,0,  %scevgep28 = getelementptr i8* %injection76, i32 %injection120, !opType !6, !opCode !39, !opID !163
49111568,19,32,  %tmp37 = and i32 %injection79, -8, !opType !6, !opCode !85, !opID !166
49111712,19,32,  %tmp38 = add i32 %injection62, 8, !opType !6, !opCode !15, !opID !167
49111856,19,32,  %tmp39 = sub i32 %injection124, %injection71, !opType !6, !opCode !26, !opID !168
49112000,19,32,  %tmp40 = add i32 %injection125, %injection123, !opType !6, !opCode !15, !opID !169
49112256,0,32,  %tmp41 = and i32 %injection79, -8, !opType !6, !opCode !85, !opID !171
49112400,0,32,  %tmp42 = add i32 %injection62, %injection127, !opType !6, !opCode !15, !opID !172
49112544,0,32,  %tmp43 = add i32 %injection128, 8, !opType !6, !opCode !15, !opID !173
49112976,0,32,  %tmp44 = sub i32 %injection129, %injection71, !opType !6, !opCode !26, !opID !176
49113184,19,32,  %tmp45 = phi i32 [ %injection90, %734 ], [ %injection116, %762 ], !opType !6, !opCode !35, !opID !178
49113280,19,32,  %Incnt.2.i263 = phi i32 [ %injection126, %734 ], [ %injection130, %762 ], !opType !6, !opCode !35, !opID !179
49113632,145,32,  %tmp46 = phi i32 [ %injection72, %447 ], [ %injection131, %776 ], !opType !6, !opCode !35, !opID !182
49113728,145,32,  %tmp47 = phi i32 [ %injection73, %447 ], [ %injection132, %776 ], !opType !6, !opCode !35, !opID !183
49113872,145,32,  %shl.i.i.i186 = shl i32 %injection133, 1, !opType !9, !opCode !10, !opID !184
49114160,145,32,  %sub.i2.i.i187 = add nsw i32 %injection134, -1, !opType !6, !opCode !15, !opID !186
49114448,145,1,  %cmp.i.i.i188 = icmp slt i32 %injection134, 26, !opType !6, !opCode !18, !opID !188
49114728,20,0,  %tmp48 = load i8** @ld_Rdptr, align 4, !tbaa !22, !opType !6, !opCode !7, !opID !190
49114864,20,1,  %cmp1.i.i.i189 = icmp ult i8* %injection139, getelementptr inbounds ([2048 x i8]* @ld_Rdbfr, i32 0, i32 2044), !opType !6, !opCode !18, !opID !191
49115008,20,32,  %tmp49 = sub i32 25, %injection134, !opType !6, !opCode !26, !opID !192
49115424,20,32,  %tmp50 = add i32 %injection134, 7, !opType !6, !opCode !15, !opID !195
49115568,20,1,  %tmp51 = icmp sgt i32 %injection142, 25, !opType !6, !opCode !18, !opID !196
49115736,20,32,  %smax = select i1 %injection143, i32 %injection142, i32 25, !opType !6, !opCode !32, !opID !197
49115936,20,32,  %tmp52 = phi i32 [ %or.i.i.i196, %860 ], [ %injection135, %853 ], !opType !6, !opCode !35, !opID !199
49116192,20,0,  %tmp53 = phi i8* [ %incdec.ptr.i.i.i192, %867 ], [ %injection139, %853 ], !opType !6, !opCode !35, !opID !200
49116448,20,32,  %Incnt.0.i.i.i191 = phi i32 [ %add.i.i.i197, %874 ], [ %injection136, %853 ], !opType !6, !opCode !35, !opID !201
49116752,20,0,  %incdec.ptr.i.i.i192 = getelementptr inbounds i8* %injection147, i32 1, !opType !6, !opCode !39, !opID !202
49116872,20,8,  %tmp54 = load i8* %injection147, align 1, !tbaa !41, !opType !6, !opCode !7, !opID !203
49116984,20,32,  %conv.i.i.i193 = zext i8 %injection151 to i32, !opType !6, !opCode !43, !opID !204
49117120,20,32,  %sub3.i.i.i194 = sub nsw i32 24, %injection148, !opType !45, !opCode !26, !opID !205
49117264,20,32,  %shl4.i.i.i195 = shl i32 %injection152, %injection153, !opType !45, !opCode !10, !opID !206
49117408,20,32,  %or.i.i.i196 = or i32 %injection154, %injection145, !opType !9, !opCode !48, !opID !207
49117552,20,32,  %add.i.i.i197 = add nsw i32 %injection148, 8, !opType !45, !opCode !15, !opID !208
49117696,20,1,  %cmp5.i.i.i198 = icmp slt i32 %injection156, 25, !opType !6, !opCode !18, !opID !209
49117952,0,32,  %or15.i.i.i2171 = phi i32 [ %or15.i.i.i217, %if.end.i.i.i220 ], [ %injection135, %do.body7.i.i.i202.preheader ], !opType !6, !opCode !35, !opID !211
49118048,0,0,  %tmp55 = phi i8* [ %incdec.ptr11.i.i.i213, %if.end.i.i.i220 ], [ %injection139, %do.body7.i.i.i202.preheader ], !opType !6, !opCode !35, !opID !212
49118224,0,32,  %Incnt.1.i.i.i200 = phi i32 [ %add16.i.i.i218, %if.end.i.i.i220 ], [ %injection136, %do.body7.i.i.i202.preheader ], !opType !6, !opCode !35, !opID !213
49118528,0,1,  %cmp8.i.i.i201 = icmp ult i8* %injection160, getelementptr inbounds ([2048 x i8]* @ld_Rdbfr, i32 1, i32 0), !opType !6, !opCode !18, !opID !214
49118896,0,0,  %p2.07.i.i.i.i.i203 = phi i8* [ %incdec.ptr1.i.i.i.i.i206, %965 ], [ getelementptr inbounds ([2048 x i8]* @inRdbfr, i32 0, i32 0), %while.body.i.i.i.i.i208.preheader ], !opType !6, !opCode !35, !opID !217
49119152,0,0,  %p1.06.i.i.i.i.i204 = phi i8* [ %incdec.ptr.i.i.i.i.i205, %972 ], [ getelementptr inbounds ([2048 x i8]* @ld_Rdbfr, i32 0, i32 0), %while.body.i.i.i.i.i208.preheader ], !opType !6, !opCode !35, !opID !218
49119432,0,8,  %tmp56 = load i8* %injection164, align 1, !tbaa !41, !opType !6, !opCode !7, !opID !219
49119712,0,0,  %incdec.ptr.i.i.i.i.i205 = getelementptr inbounds i8* %injection166, i32 1, !opType !6, !opCode !39, !opID !221
49119856,0,0,  %incdec.ptr1.i.i.i.i.i206 = getelementptr inbounds i8* %injection164, i32 1, !opType !6, !opCode !39, !opID !222
49120000,0,1,  %exitcond.i.i.i.i207 = icmp eq i8* %injection171, getelementptr inbounds ([2048 x i8]* @inRdbfr, i32 1, i32 0), !opType !6, !opCode !18, !opID !223
49120368,0,0,  %tmp57 = phi i8* [ %injection160, %958 ], [ getelementptr inbounds ([2048 x i8]* @ld_Rdbfr, i32 0, i32 0), %if.end.i.i.i220.loopexit ], !opType !6, !opCode !35, !opID !226
49120512,0,0,  %incdec.ptr11.i.i.i213 = getelementptr inbounds i8* %injection174, i32 1, !opType !6, !opCode !39, !opID !227
49120632,0,8,  %tmp58 = load i8* %injection174, align 1, !tbaa !41, !opType !6, !opCode !7, !opID !228
49120744,0,32,  %conv12.i.i.i214 = zext i8 %injection177 to i32, !opType !6, !opCode !43, !opID !229
49120880,0,32,  %sub13.i.i.i215 = sub nsw i32 24, %injection161, !opType !45, !opCode !26, !opID !230
49121024,0,32,  %shl14.i.i.i216 = shl i32 %injection178, %injection179, !opType !45, !opCode !10, !opID !231
49121168,0,32,  %or15.i.i.i217 = or i32 %injection180, %injection158, !opType !9, !opCode !48, !opID !232
49121312,0,32,  %add16.i.i.i218 = add nsw i32 %injection161, 8, !opType !45, !opCode !15, !opID !233
49121456,0,1,  %cmp18.i.i.i219 = icmp slt i32 %injection182, 25, !opType !6, !opCode !18, !opID !234
49121760,20,32,  %tmp59 = sub i32 %injection144, %injection134, !opType !6, !opCode !26, !opID !236
49121904,20,32,  %tmp60 = lshr i32 %injection184, 3, !opType !6, !opCode !79, !opID !237
49122048,20,32,  %tmp61 = add nuw nsw i32 %injection185, 1, !opType !6, !opCode !15, !opID !238
49122192,20,0,  %scevgep = getelementptr i8* %injection139, i32 %injection186, !opType !6, !opCode !39, !opID !239
49431216,20,32,  %tmp62 = and i32 %injection141, -8, !opType !6, !opCode !85, !opID !242
49431360,20,32,  %tmp63 = add i32 %injection142, %injection189, !opType !6, !opCode !15, !opID !243
49431904,0,32,  %tmp64 = and i32 %injection141, -8, !opType !6, !opCode !85, !opID !247
49432048,0,32,  %tmp65 = add i32 %injection134, 7, !opType !6, !opCode !15, !opID !248
49432192,0,32,  %tmp66 = add i32 %injection192, %injection191, !opType !6, !opCode !15, !opID !249
49432400,20,32,  %Incnt.2.i.i.i223 = phi i32 [ %injection190, %1105 ], [ %injection193, %1126 ], !opType !6, !opCode !35, !opID !251
49432800,145,1,  %tobool5 = icmp slt i32 %injection133, 0, !opType !6, !opCode !18, !opID !254
49432992,145,0,  %arrayidx7 = getelementptr inbounds [8 x [2 x i8]]* @MVtab0, i32 0, i32 %injection67, i32 0, !opType !6, !opCode !39, !opID !255
49433112,145,8,  %tmp67 = load i8* %injection197, align 1, !tbaa !41, !opType !6, !opCode !7, !opID !256
49433224,145,32,  %conv8 = sext i8 %injection198 to i32, !opType !6, !opCode !109, !opID !257
49433360,145,32,  %sub = sub nsw i32 0, %injection199, !opType !45, !opCode !26, !opID !258
49433528,145,32,  %cond = select i1 %injection195, i32 %injection200, i32 %injection199, !opType !6, !opCode !32, !opID !259
49433776,56,1,  %cmp13 = icmp ugt i32 %injection63, 201326591, !opType !6, !opCode !18, !opID !261
49434080,35,32,  %shr16266 = lshr i32 %injection63, 26, !opType !6, !opCode !79, !opID !263
49434272,35,0,  %arrayidx18 = getelementptr inbounds [8 x [2 x i8]]* @MVtab1, i32 0, i32 %injection203, i32 1, !opType !6, !opCode !39, !opID !264
49434392,35,8,  %tmp68 = load i8* %injection205, align 1, !tbaa !41, !opType !6, !opCode !7, !opID !265
49434504,35,32,  %conv19 = sext i8 %injection206 to i32, !opType !6, !opCode !109, !opID !266
49434640,35,32,  %shl.i145 = shl i32 %injection63, %injection207, !opType !9, !opCode !10, !opID !267
49434928,35,32,  %sub.i146 = sub nsw i32 %injection62, %injection207, !opType !45, !opCode !26, !opID !269
49435216,35,1,  %cmp.i147 = icmp slt i32 %injection209, 25, !opType !6, !opCode !18, !opID !271
49435496,23,0,  %tmp69 = load i8** @ld_Rdptr, align 4, !tbaa !22, !opType !6, !opCode !7, !opID !273
49435632,23,1,  %cmp1.i148 = icmp ult i8* %injection212, getelementptr inbounds ([2048 x i8]* @ld_Rdbfr, i32 0, i32 2044), !opType !6, !opCode !18, !opID !274
49435776,23,32,  %tmp70 = add nsw i32 %injection207, 24, !opType !6, !opCode !15, !opID !275
49435920,23,32,  %tmp71 = sub i32 %injection214, %injection62, !opType !6, !opCode !26, !opID !276
49436400,23,32,  %tmp72 = phi i32 [ %or.i156, %1266 ], [ %injection208, %do.body.i159.preheader ], !opType !6, !opCode !35, !opID !280
49436496,23,0,  %tmp73 = phi i8* [ %incdec.ptr.i152, %1273 ], [ %injection212, %do.body.i159.preheader ], !opType !6, !opCode !35, !opID !281
49436672,23,32,  %Incnt.0.i151 = phi i32 [ %add.i157, %1280 ], [ %injection209, %do.body.i159.preheader ], !opType !6, !opCode !35, !opID !282
49436976,23,0,  %incdec.ptr.i152 = getelementptr inbounds i8* %injection218, i32 1, !opType !6, !opCode !39, !opID !283
49437096,23,8,  %tmp74 = load i8* %injection218, align 1, !tbaa !41, !opType !6, !opCode !7, !opID !284
49437208,23,32,  %conv.i153 = zext i8 %injection222 to i32, !opType !6, !opCode !43, !opID !285
49437344,23,32,  %sub3.i154 = sub nsw i32 24, %injection219, !opType !45, !opCode !26, !opID !286
49109200,23,32,  %shl4.i155 = shl i32 %injection223, %injection224, !opType !45, !opCode !10, !opID !287
49109344,23,32,  %or.i156 = or i32 %injection225, %injection216, !opType !9, !opCode !48, !opID !288
49109488,23,32,  %add.i157 = add nsw i32 %injection219, 8, !opType !45, !opCode !15, !opID !289
49109632,23,1,  %cmp5.i158 = icmp slt i32 %injection227, 25, !opType !6, !opCode !18, !opID !290
49109888,0,32,  %or15.i17713 = phi i32 [ %or15.i177, %if.end.i180 ], [ %injection208, %do.body7.i162.preheader ], !opType !6, !opCode !35, !opID !292
49109984,0,0,  %tmp75 = phi i8* [ %incdec.ptr11.i173, %if.end.i180 ], [ %injection212, %do.body7.i162.preheader ], !opType !6, !opCode !35, !opID !293
49110160,0,32,  %Incnt.1.i160 = phi i32 [ %add16.i178, %if.end.i180 ], [ %injection209, %do.body7.i162.preheader ], !opType !6, !opCode !35, !opID !294
49110464,0,1,  %cmp8.i161 = icmp ult i8* %injection231, getelementptr inbounds ([2048 x i8]* @ld_Rdbfr, i32 1, i32 0), !opType !6, !opCode !18, !opID !295
49110832,0,0,  %p2.07.i.i.i163 = phi i8* [ %incdec.ptr1.i.i.i166, %1371 ], [ getelementptr inbounds ([2048 x i8]* @inRdbfr, i32 0, i32 0), %while.body.i.i.i168.preheader ], !opType !6, !opCode !35, !opID !298
49111088,0,0,  %p1.06.i.i.i164 = phi i8* [ %incdec.ptr.i.i.i165, %1378 ], [ getelementptr inbounds ([2048 x i8]* @ld_Rdbfr, i32 0, i32 0), %while.body.i.i.i168.preheader ], !opType !6, !opCode !35, !opID !299
49122616,0,8,  %tmp76 = load i8* %injection235, align 1, !tbaa !41, !opType !6, !opCode !7, !opID !300
49122896,0,0,  %incdec.ptr.i.i.i165 = getelementptr inbounds i8* %injection237, i32 1, !opType !6, !opCode !39, !opID !302
49123040,0,0,  %incdec.ptr1.i.i.i166 = getelementptr inbounds i8* %injection235, i32 1, !opType !6, !opCode !39, !opID !303
49123184,0,1,  %exitcond.i.i167 = icmp eq i8* %injection242, getelementptr inbounds ([2048 x i8]* @inRdbfr, i32 1, i32 0), !opType !6, !opCode !18, !opID !304
49123552,0,0,  %tmp77 = phi i8* [ %injection231, %1364 ], [ getelementptr inbounds ([2048 x i8]* @ld_Rdbfr, i32 0, i32 0), %if.end.i180.loopexit ], !opType !6, !opCode !35, !opID !307
49123696,0,0,  %incdec.ptr11.i173 = getelementptr inbounds i8* %injection245, i32 1, !opType !6, !opCode !39, !opID !308
49123816,0,8,  %tmp78 = load i8* %injection245, align 1, !tbaa !41, !opType !6, !opCode !7, !opID !309
49123928,0,32,  %conv12.i174 = zext i8 %injection248 to i32, !opType !6, !opCode !43, !opID !310
49124064,0,32,  %sub13.i175 = sub nsw i32 24, %injection232, !opType !45, !opCode !26, !opID !311
49124208,0,32,  %shl14.i176 = shl i32 %injection249, %injection250, !opType !45, !opCode !10, !opID !312
49124352,0,32,  %or15.i177 = or i32 %injection251, %injection229, !opType !9, !opCode !48, !opID !313
49124496,0,32,  %add16.i178 = add nsw i32 %injection232, 8, !opType !45, !opCode !15, !opID !314
49124640,0,1,  %cmp18.i179 = icmp slt i32 %injection253, 25, !opType !6, !opCode !18, !opID !315
49124944,23,32,  %tmp79 = lshr i32 %injection215, 3, !opType !6, !opCode !79, !opID !317
49125088,23,32,  %tmp80 = add nuw nsw i32 %injection255, 1, !opType !6, !opCode !15, !opID !318
49125232,23,0,  %scevgep31 = getelementptr i8* %injection212, i32 %injection256, !opType !6, !opCode !39, !opID !319
49125664,23,32,  %tmp81 = and i32 %injection215, -8, !opType !6, !opCode !85, !opID !322
49125808,23,32,  %tmp82 = add i32 %injection62, 8, !opType !6, !opCode !15, !opID !323
49125952,23,32,  %tmp83 = sub i32 %injection260, %injection207, !opType !6, !opCode !26, !opID !324
49126096,23,32,  %tmp84 = add i32 %injection261, %injection259, !opType !6, !opCode !15, !opID !325
49126352,0,32,  %tmp85 = and i32 %injection215, -8, !opType !6, !opCode !85, !opID !327
49126496,0,32,  %tmp86 = add i32 %injection62, %injection263, !opType !6, !opCode !15, !opID !328
49126640,0,32,  %tmp87 = add i32 %injection264, 8, !opType !6, !opCode !15, !opID !329
49127072,0,32,  %tmp88 = sub i32 %injection265, %injection207, !opType !6, !opCode !26, !opID !332
49127280,23,32,  %tmp89 = phi i32 [ %injection226, %1518 ], [ %injection252, %1546 ], !opType !6, !opCode !35, !opID !334
49127376,23,32,  %Incnt.2.i182 = phi i32 [ %injection262, %1518 ], [ %injection266, %1546 ], !opType !6, !opCode !35, !opID !335
49127728,35,32,  %tmp90 = phi i32 [ %injection208, %1231 ], [ %injection267, %1560 ], !opType !6, !opCode !35, !opID !338
49127824,35,32,  %tmp91 = phi i32 [ %injection209, %1231 ], [ %injection268, %1560 ], !opType !6, !opCode !35, !opID !339
49127968,35,32,  %shl.i.i.i105 = shl i32 %injection269, 1, !opType !9, !opCode !10, !opID !340
49128256,35,32,  %sub.i2.i.i106 = add nsw i32 %injection270, -1, !opType !6, !opCode !15, !opID !342
49128544,35,1,  %cmp.i.i.i107 = icmp slt i32 %injection270, 26, !opType !6, !opCode !18, !opID !344
49128824,5,0,  %tmp92 = load i8** @ld_Rdptr, align 4, !tbaa !22, !opType !6, !opCode !7, !opID !346
49128960,5,1,  %cmp1.i.i.i108 = icmp ult i8* %injection275, getelementptr inbounds ([2048 x i8]* @ld_Rdbfr, i32 0, i32 2044), !opType !6, !opCode !18, !opID !347
49129104,5,32,  %tmp93 = sub i32 25, %injection270, !opType !6, !opCode !26, !opID !348
49129520,5,32,  %tmp94 = add i32 %injection270, 7, !opType !6, !opCode !15, !opID !351
49129664,5,1,  %tmp95 = icmp sgt i32 %injection278, 25, !opType !6, !opCode !18, !opID !352
49129832,5,32,  %smax29 = select i1 %injection279, i32 %injection278, i32 25, !opType !6, !opCode !32, !opID !353
49130032,5,32,  %tmp96 = phi i32 [ %or.i.i.i115, %1644 ], [ %injection271, %1637 ], !opType !6, !opCode !35, !opID !355
49130288,5,0,  %tmp97 = phi i8* [ %incdec.ptr.i.i.i111, %1651 ], [ %injection275, %1637 ], !opType !6, !opCode !35, !opID !356
49130544,5,32,  %Incnt.0.i.i.i110 = phi i32 [ %add.i.i.i116, %1658 ], [ %injection272, %1637 ], !opType !6, !opCode !35, !opID !357
49130848,5,0,  %incdec.ptr.i.i.i111 = getelementptr inbounds i8* %injection283, i32 1, !opType !6, !opCode !39, !opID !358
49130968,5,8,  %tmp98 = load i8* %injection283, align 1, !tbaa !41, !opType !6, !opCode !7, !opID !359
49131080,5,32,  %conv.i.i.i112 = zext i8 %injection287 to i32, !opType !6, !opCode !43, !opID !360
49131216,5,32,  %sub3.i.i.i113 = sub nsw i32 24, %injection284, !opType !45, !opCode !26, !opID !361
49131360,5,32,  %shl4.i.i.i114 = shl i32 %injection288, %injection289, !opType !45, !opCode !10, !opID !362
49131504,5,32,  %or.i.i.i115 = or i32 %injection290, %injection281, !opType !9, !opCode !48, !opID !363
49131648,5,32,  %add.i.i.i116 = add nsw i32 %injection284, 8, !opType !45, !opCode !15, !opID !364
49131792,5,1,  %cmp5.i.i.i117 = icmp slt i32 %injection292, 25, !opType !6, !opCode !18, !opID !365
49132048,0,32,  %or15.i.i.i1369 = phi i32 [ %or15.i.i.i136, %if.end.i.i.i139 ], [ %injection271, %do.body7.i.i.i121.preheader ], !opType !6, !opCode !35, !opID !367
49132144,0,0,  %tmp99 = phi i8* [ %incdec.ptr11.i.i.i132, %if.end.i.i.i139 ], [ %injection275, %do.body7.i.i.i121.preheader ], !opType !6, !opCode !35, !opID !368
49132320,0,32,  %Incnt.1.i.i.i119 = phi i32 [ %add16.i.i.i137, %if.end.i.i.i139 ], [ %injection272, %do.body7.i.i.i121.preheader ], !opType !6, !opCode !35, !opID !369
49132624,0,1,  %cmp8.i.i.i120 = icmp ult i8* %injection296, getelementptr inbounds ([2048 x i8]* @ld_Rdbfr, i32 1, i32 0), !opType !6, !opCode !18, !opID !370
49132992,0,0,  %p2.07.i.i.i.i.i122 = phi i8* [ %incdec.ptr1.i.i.i.i.i125, %1749 ], [ getelementptr inbounds ([2048 x i8]* @inRdbfr, i32 0, i32 0), %while.body.i.i.i.i.i127.preheader ], !opType !6, !opCode !35, !opID !373
49133248,0,0,  %p1.06.i.i.i.i.i123 = phi i8* [ %incdec.ptr.i.i.i.i.i124, %1756 ], [ getelementptr inbounds ([2048 x i8]* @ld_Rdbfr, i32 0, i32 0), %while.body.i.i.i.i.i127.preheader ], !opType !6, !opCode !35, !opID !374
49133528,0,8,  %tmp100 = load i8* %injection300, align 1, !tbaa !41, !opType !6, !opCode !7, !opID !375
49133808,0,0,  %incdec.ptr.i.i.i.i.i124 = getelementptr inbounds i8* %injection302, i32 1, !opType !6, !opCode !39, !opID !377
49133952,0,0,  %incdec.ptr1.i.i.i.i.i125 = getelementptr inbounds i8* %injection300, i32 1, !opType !6, !opCode !39, !opID !378
49134096,0,1,  %exitcond.i.i.i.i126 = icmp eq i8* %injection307, getelementptr inbounds ([2048 x i8]* @inRdbfr, i32 1, i32 0), !opType !6, !opCode !18, !opID !379
49134464,0,0,  %tmp101 = phi i8* [ %injection296, %1742 ], [ getelementptr inbounds ([2048 x i8]* @ld_Rdbfr, i32 0, i32 0), %if.end.i.i.i139.loopexit ], !opType !6, !opCode !35, !opID !382
49134608,0,0,  %incdec.ptr11.i.i.i132 = getelementptr inbounds i8* %injection310, i32 1, !opType !6, !opCode !39, !opID !383
49134728,0,8,  %tmp102 = load i8* %injection310, align 1, !tbaa !41, !opType !6, !opCode !7, !opID !384
49134840,0,32,  %conv12.i.i.i133 = zext i8 %injection313 to i32, !opType !6, !opCode !43, !opID !385
49134976,0,32,  %sub13.i.i.i134 = sub nsw i32 24, %injection297, !opType !45, !opCode !26, !opID !386
49135120,0,32,  %shl14.i.i.i135 = shl i32 %injection314, %injection315, !opType !45, !opCode !10, !opID !387
49135264,0,32,  %or15.i.i.i136 = or i32 %injection316, %injection294, !opType !9, !opCode !48, !opID !388
49135408,0,32,  %add16.i.i.i137 = add nsw i32 %injection297, 8, !opType !45, !opCode !15, !opID !389
49135552,0,1,  %cmp18.i.i.i138 = icmp slt i32 %injection318, 25, !opType !6, !opCode !18, !opID !390
49135856,5,32,  %tmp103 = sub i32 %injection280, %injection270, !opType !6, !opCode !26, !opID !392
49136000,5,32,  %tmp104 = lshr i32 %injection320, 3, !opType !6, !opCode !79, !opID !393
49136144,5,32,  %tmp105 = add nuw nsw i32 %injection321, 1, !opType !6, !opCode !15, !opID !394
49136288,5,0,  %scevgep30 = getelementptr i8* %injection275, i32 %injection322, !opType !6, !opCode !39, !opID !395
49136720,5,32,  %tmp106 = and i32 %injection277, -8, !opType !6, !opCode !85, !opID !398
49136864,5,32,  %tmp107 = add i32 %injection278, %injection325, !opType !6, !opCode !15, !opID !399
49137408,0,32,  %tmp108 = and i32 %injection277, -8, !opType !6, !opCode !85, !opID !403
49137552,0,32,  %tmp109 = add i32 %injection270, 7, !opType !6, !opCode !15, !opID !404
49137696,0,32,  %tmp110 = add i32 %injection328, %injection327, !opType !6, !opCode !15, !opID !405
49137904,5,32,  %Incnt.2.i.i.i142 = phi i32 [ %injection326, %1889 ], [ %injection329, %1910 ], !opType !6, !opCode !35, !opID !407
49138304,35,1,  %tobool21 = icmp slt i32 %injection269, 0, !opType !6, !opCode !18, !opID !410
49138496,35,0,  %arrayidx24 = getelementptr inbounds [8 x [2 x i8]]* @MVtab1, i32 0, i32 %injection203, i32 0, !opType !6, !opCode !39, !opID !411
49138616,35,8,  %tmp111 = load i8* %injection333, align 1, !tbaa !41, !opType !6, !opCode !7, !opID !412
49138728,35,32,  %conv25 = sext i8 %injection334 to i32, !opType !6, !opCode !109, !opID !413
49138864,35,32,  %sub26 = sub nsw i32 0, %injection335, !opType !45, !opCode !26, !opID !414
49139032,35,32,  %cond32 = select i1 %injection331, i32 %injection336, i32 %injection335, !opType !6, !opCode !32, !opID !415
49139280,21,32,  %sub34 = add nsw i32 %injection65, -12, !opType !6, !opCode !15, !opID !417
49139424,21,1,  %cmp35 = icmp slt i32 %injection338, 0, !opType !6, !opCode !18, !opID !418
49139776,21,0,  %arrayidx40 = getelementptr inbounds [12 x [2 x i8]]* @MVtab2, i32 0, i32 %injection338, i32 1, !opType !6, !opCode !39, !opID !420
49139896,21,8,  %tmp112 = load i8* %injection341, align 1, !tbaa !41, !opType !6, !opCode !7, !opID !421
49140008,21,32,  %conv41 = sext i8 %injection342 to i32, !opType !6, !opCode !109, !opID !422
49140144,21,32,  %shl.i = shl i32 %injection63, %injection343, !opType !9, !opCode !10, !opID !423
49140432,21,32,  %sub.i = sub nsw i32 %injection62, %injection343, !opType !45, !opCode !26, !opID !425
49140720,21,1,  %cmp.i = icmp slt i32 %injection345, 25, !opType !6, !opCode !18, !opID !427
49141000,21,0,  %tmp113 = load i8** @ld_Rdptr, align 4, !tbaa !22, !opType !6, !opCode !7, !opID !429
49141136,21,1,  %cmp1.i = icmp ult i8* %injection348, getelementptr inbounds ([2048 x i8]* @ld_Rdbfr, i32 0, i32 2044), !opType !6, !opCode !18, !opID !430
49141280,21,32,  %tmp114 = add nsw i32 %injection343, 24, !opType !6, !opCode !15, !opID !431
49141424,21,32,  %tmp115 = sub i32 %injection350, %injection62, !opType !6, !opCode !26, !opID !432
49141904,24,32,  %tmp116 = phi i32 [ %or.i, %2050 ], [ %injection344, %do.body.i.preheader ], !opType !6, !opCode !35, !opID !436
49142000,24,0,  %tmp117 = phi i8* [ %incdec.ptr.i, %2057 ], [ %injection348, %do.body.i.preheader ], !opType !6, !opCode !35, !opID !437
49142176,24,32,  %Incnt.0.i = phi i32 [ %add.i, %2064 ], [ %injection345, %do.body.i.preheader ], !opType !6, !opCode !35, !opID !438
49142480,24,0,  %incdec.ptr.i = getelementptr inbounds i8* %injection354, i32 1, !opType !6, !opCode !39, !opID !439
49142600,24,8,  %tmp118 = load i8* %injection354, align 1, !tbaa !41, !opType !6, !opCode !7, !opID !440
49142712,24,32,  %conv.i = zext i8 %injection358 to i32, !opType !6, !opCode !43, !opID !441
49142848,24,32,  %sub3.i = sub nsw i32 24, %injection355, !opType !45, !opCode !26, !opID !442
49142992,24,32,  %shl4.i = shl i32 %injection359, %injection360, !opType !45, !opCode !10, !opID !443
49143136,24,32,  %or.i = or i32 %injection361, %injection352, !opType !9, !opCode !48, !opID !444
49143280,24,32,  %add.i = add nsw i32 %injection355, 8, !opType !45, !opCode !15, !opID !445
49143424,24,1,  %cmp5.i = icmp slt i32 %injection363, 25, !opType !6, !opCode !18, !opID !446
49143680,0,32,  %or15.i21 = phi i32 [ %or15.i, %if.end.i ], [ %injection344, %do.body7.i.preheader ], !opType !6, !opCode !35, !opID !448
49143776,0,0,  %tmp119 = phi i8* [ %incdec.ptr11.i, %if.end.i ], [ %injection348, %do.body7.i.preheader ], !opType !6, !opCode !35, !opID !449
49143952,0,32,  %Incnt.1.i = phi i32 [ %add16.i, %if.end.i ], [ %injection345, %do.body7.i.preheader ], !opType !6, !opCode !35, !opID !450
49144256,0,1,  %cmp8.i = icmp ult i8* %injection367, getelementptr inbounds ([2048 x i8]* @ld_Rdbfr, i32 1, i32 0), !opType !6, !opCode !18, !opID !451
49144624,0,0,  %p2.07.i.i.i = phi i8* [ %incdec.ptr1.i.i.i, %2155 ], [ getelementptr inbounds ([2048 x i8]* @inRdbfr, i32 0, i32 0), %while.body.i.i.i.preheader ], !opType !6, !opCode !35, !opID !454
49144880,0,0,  %p1.06.i.i.i = phi i8* [ %incdec.ptr.i.i.i103, %2162 ], [ getelementptr inbounds ([2048 x i8]* @ld_Rdbfr, i32 0, i32 0), %while.body.i.i.i.preheader ], !opType !6, !opCode !35, !opID !455
49145160,0,8,  %tmp120 = load i8* %injection371, align 1, !tbaa !41, !opType !6, !opCode !7, !opID !456
49145440,0,0,  %incdec.ptr.i.i.i103 = getelementptr inbounds i8* %injection373, i32 1, !opType !6, !opCode !39, !opID !458
49145584,0,0,  %incdec.ptr1.i.i.i = getelementptr inbounds i8* %injection371, i32 1, !opType !6, !opCode !39, !opID !459
49145728,0,1,  %exitcond.i.i = icmp eq i8* %injection378, getelementptr inbounds ([2048 x i8]* @inRdbfr, i32 1, i32 0), !opType !6, !opCode !18, !opID !460
49146096,0,0,  %tmp121 = phi i8* [ %injection367, %2148 ], [ getelementptr inbounds ([2048 x i8]* @ld_Rdbfr, i32 0, i32 0), %if.end.i.loopexit ], !opType !6, !opCode !35, !opID !463
49146240,0,0,  %incdec.ptr11.i = getelementptr inbounds i8* %injection381, i32 1, !opType !6, !opCode !39, !opID !464
49146360,0,8,  %tmp122 = load i8* %injection381, align 1, !tbaa !41, !opType !6, !opCode !7, !opID !465
49146472,0,32,  %conv12.i = zext i8 %injection384 to i32, !opType !6, !opCode !43, !opID !466
49146608,0,32,  %sub13.i = sub nsw i32 24, %injection368, !opType !45, !opCode !26, !opID !467
49146752,0,32,  %shl14.i = shl i32 %injection385, %injection386, !opType !45, !opCode !10, !opID !468
49146896,0,32,  %or15.i = or i32 %injection387, %injection365, !opType !9, !opCode !48, !opID !469
49490096,0,32,  %add16.i = add nsw i32 %injection368, 8, !opType !45, !opCode !15, !opID !470
49490240,0,1,  %cmp18.i = icmp slt i32 %injection389, 25, !opType !6, !opCode !18, !opID !471
49490544,21,32,  %tmp123 = lshr i32 %injection351, 3, !opType !6, !opCode !79, !opID !473
49490688,21,32,  %tmp124 = add nuw nsw i32 %injection391, 1, !opType !6, !opCode !15, !opID !474
49490832,21,0,  %scevgep34 = getelementptr i8* %injection348, i32 %injection392, !opType !6, !opCode !39, !opID !475
49491264,21,32,  %tmp125 = and i32 %injection351, -8, !opType !6, !opCode !85, !opID !478
49491408,21,32,  %tmp126 = add i32 %injection62, 8, !opType !6, !opCode !15, !opID !479
49491552,21,32,  %tmp127 = sub i32 %injection396, %injection343, !opType !6, !opCode !26, !opID !480
49491696,21,32,  %tmp128 = add i32 %injection397, %injection395, !opType !6, !opCode !15, !opID !481
49491952,0,32,  %tmp129 = and i32 %injection351, -8, !opType !6, !opCode !85, !opID !483
49492096,0,32,  %tmp130 = add i32 %injection62, %injection399, !opType !6, !opCode !15, !opID !484
49492240,0,32,  %tmp131 = add i32 %injection400, 8, !opType !6, !opCode !15, !opID !485
49492672,0,32,  %tmp132 = sub i32 %injection401, %injection343, !opType !6, !opCode !26, !opID !488
49492880,21,32,  %tmp133 = phi i32 [ %injection362, %2302 ], [ %injection388, %2330 ], !opType !6, !opCode !35, !opID !490
49492976,21,32,  %Incnt.2.i = phi i32 [ %injection398, %2302 ], [ %injection402, %2330 ], !opType !6, !opCode !35, !opID !491
49493328,21,32,  %tmp134 = phi i32 [ %injection344, %2015 ], [ %injection403, %2344 ], !opType !6, !opCode !35, !opID !494
49493424,21,32,  %tmp135 = phi i32 [ %injection345, %2015 ], [ %injection404, %2344 ], !opType !6, !opCode !35, !opID !495
49493568,21,32,  %shl.i.i.i63 = shl i32 %injection405, 1, !opType !9, !opCode !10, !opID !496
49493856,21,32,  %sub.i2.i.i64 = add nsw i32 %injection406, -1, !opType !6, !opCode !15, !opID !498
49494144,21,1,  %cmp.i.i.i65 = icmp slt i32 %injection406, 26, !opType !6, !opCode !18, !opID !500
49494424,2,0,  %tmp136 = load i8** @ld_Rdptr, align 4, !tbaa !22, !opType !6, !opCode !7, !opID !502
49494560,2,1,  %cmp1.i.i.i66 = icmp ult i8* %injection411, getelementptr inbounds ([2048 x i8]* @ld_Rdbfr, i32 0, i32 2044), !opType !6, !opCode !18, !opID !503
49494704,2,32,  %tmp137 = sub i32 25, %injection406, !opType !6, !opCode !26, !opID !504
49495120,2,32,  %tmp138 = add i32 %injection406, 7, !opType !6, !opCode !15, !opID !507
49495264,2,1,  %tmp139 = icmp sgt i32 %injection414, 25, !opType !6, !opCode !18, !opID !508
49495432,2,32,  %smax32 = select i1 %injection415, i32 %injection414, i32 25, !opType !6, !opCode !32, !opID !509
49495632,2,32,  %tmp140 = phi i32 [ %or.i.i.i73, %2428 ], [ %injection407, %2421 ], !opType !6, !opCode !35, !opID !511
49495808,2,0,  %tmp141 = phi i8* [ %incdec.ptr.i.i.i69, %2435 ], [ %injection411, %2421 ], !opType !6, !opCode !35, !opID !512
49496064,2,32,  %Incnt.0.i.i.i68 = phi i32 [ %add.i.i.i74, %2442 ], [ %injection408, %2421 ], !opType !6, !opCode !35, !opID !513
49496368,2,0,  %incdec.ptr.i.i.i69 = getelementptr inbounds i8* %injection419, i32 1, !opType !6, !opCode !39, !opID !514
49496488,2,8,  %tmp142 = load i8* %injection419, align 1, !tbaa !41, !opType !6, !opCode !7, !opID !515
49496600,2,32,  %conv.i.i.i70 = zext i8 %injection423 to i32, !opType !6, !opCode !43, !opID !516
49496736,2,32,  %sub3.i.i.i71 = sub nsw i32 24, %injection420, !opType !45, !opCode !26, !opID !517
49496880,2,32,  %shl4.i.i.i72 = shl i32 %injection424, %injection425, !opType !45, !opCode !10, !opID !518
49497024,2,32,  %or.i.i.i73 = or i32 %injection426, %injection417, !opType !9, !opCode !48, !opID !519
49497168,2,32,  %add.i.i.i74 = add nsw i32 %injection420, 8, !opType !45, !opCode !15, !opID !520
49497312,2,1,  %cmp5.i.i.i75 = icmp slt i32 %injection428, 25, !opType !6, !opCode !18, !opID !521
49497568,0,32,  %or15.i.i.i9417 = phi i32 [ %or15.i.i.i94, %if.end.i.i.i97 ], [ %injection407, %do.body7.i.i.i79.preheader ], !opType !6, !opCode !35, !opID !523
49497664,0,0,  %tmp143 = phi i8* [ %incdec.ptr11.i.i.i90, %if.end.i.i.i97 ], [ %injection411, %do.body7.i.i.i79.preheader ], !opType !6, !opCode !35, !opID !524
49497840,0,32,  %Incnt.1.i.i.i77 = phi i32 [ %add16.i.i.i95, %if.end.i.i.i97 ], [ %injection408, %do.body7.i.i.i79.preheader ], !opType !6, !opCode !35, !opID !525
49498144,0,1,  %cmp8.i.i.i78 = icmp ult i8* %injection432, getelementptr inbounds ([2048 x i8]* @ld_Rdbfr, i32 1, i32 0), !opType !6, !opCode !18, !opID !526
49498512,0,0,  %p2.07.i.i.i.i.i80 = phi i8* [ %incdec.ptr1.i.i.i.i.i83, %2533 ], [ getelementptr inbounds ([2048 x i8]* @inRdbfr, i32 0, i32 0), %while.body.i.i.i.i.i85.preheader ], !opType !6, !opCode !35, !opID !529
49498768,0,0,  %p1.06.i.i.i.i.i81 = phi i8* [ %incdec.ptr.i.i.i.i.i82, %2540 ], [ getelementptr inbounds ([2048 x i8]* @ld_Rdbfr, i32 0, i32 0), %while.body.i.i.i.i.i85.preheader ], !opType !6, !opCode !35, !opID !530
49499048,0,8,  %tmp144 = load i8* %injection436, align 1, !tbaa !41, !opType !6, !opCode !7, !opID !531
49499328,0,0,  %incdec.ptr.i.i.i.i.i82 = getelementptr inbounds i8* %injection438, i32 1, !opType !6, !opCode !39, !opID !533
49499472,0,0,  %incdec.ptr1.i.i.i.i.i83 = getelementptr inbounds i8* %injection436, i32 1, !opType !6, !opCode !39, !opID !534
49499616,0,1,  %exitcond.i.i.i.i84 = icmp eq i8* %injection443, getelementptr inbounds ([2048 x i8]* @inRdbfr, i32 1, i32 0), !opType !6, !opCode !18, !opID !535
49499984,0,0,  %tmp145 = phi i8* [ %injection432, %2526 ], [ getelementptr inbounds ([2048 x i8]* @ld_Rdbfr, i32 0, i32 0), %if.end.i.i.i97.loopexit ], !opType !6, !opCode !35, !opID !538
49500128,0,0,  %incdec.ptr11.i.i.i90 = getelementptr inbounds i8* %injection446, i32 1, !opType !6, !opCode !39, !opID !539
49500248,0,8,  %tmp146 = load i8* %injection446, align 1, !tbaa !41, !opType !6, !opCode !7, !opID !540
49500360,0,32,  %conv12.i.i.i91 = zext i8 %injection449 to i32, !opType !6, !opCode !43, !opID !541
49500496,0,32,  %sub13.i.i.i92 = sub nsw i32 24, %injection433, !opType !45, !opCode !26, !opID !542
49500640,0,32,  %shl14.i.i.i93 = shl i32 %injection450, %injection451, !opType !45, !opCode !10, !opID !543
49500784,0,32,  %or15.i.i.i94 = or i32 %injection452, %injection430, !opType !9, !opCode !48, !opID !544
49500928,0,32,  %add16.i.i.i95 = add nsw i32 %injection433, 8, !opType !45, !opCode !15, !opID !545
49501072,0,1,  %cmp18.i.i.i96 = icmp slt i32 %injection454, 25, !opType !6, !opCode !18, !opID !546
49437648,2,32,  %tmp147 = sub i32 %injection416, %injection406, !opType !6, !opCode !26, !opID !548
49437792,2,32,  %tmp148 = lshr i32 %injection456, 3, !opType !6, !opCode !79, !opID !549
49437936,2,32,  %tmp149 = add nuw nsw i32 %injection457, 1, !opType !6, !opCode !15, !opID !550
49438080,2,0,  %scevgep33 = getelementptr i8* %injection411, i32 %injection458, !opType !6, !opCode !39, !opID !551
49438512,2,32,  %tmp150 = and i32 %injection413, -8, !opType !6, !opCode !85, !opID !554
49438656,2,32,  %tmp151 = add i32 %injection414, %injection461, !opType !6, !opCode !15, !opID !555
49439200,0,32,  %tmp152 = and i32 %injection413, -8, !opType !6, !opCode !85, !opID !559
49439344,0,32,  %tmp153 = add i32 %injection406, 7, !opType !6, !opCode !15, !opID !560
49439488,0,32,  %tmp154 = add i32 %injection464, %injection463, !opType !6, !opCode !15, !opID !561
49439696,2,32,  %Incnt.2.i.i.i100 = phi i32 [ %injection462, %2673 ], [ %injection465, %2694 ], !opType !6, !opCode !35, !opID !563
49440096,21,1,  %tobool43 = icmp slt i32 %injection405, 0, !opType !6, !opCode !18, !opID !566
49440288,21,0,  %arrayidx46 = getelementptr inbounds [12 x [2 x i8]]* @MVtab2, i32 0, i32 %injection338, i32 0, !opType !6, !opCode !39, !opID !567
49440408,21,8,  %tmp155 = load i8* %injection469, align 1, !tbaa !41, !opType !6, !opCode !7, !opID !568
49440520,21,32,  %conv47 = sext i8 %injection470 to i32, !opType !6, !opCode !109, !opID !569
49440656,21,32,  %sub48 = sub nsw i32 0, %injection471, !opType !45, !opCode !26, !opID !570
49440824,21,32,  %cond54 = select i1 %injection467, i32 %injection472, i32 %injection471, !opType !6, !opCode !32, !opID !571
49441024,672,32,  %retval.0 = phi i32 [ %injection201, %1175 ], [ %injection337, %1959 ], [ %injection473, %2743 ], [ 0, %384 ], [ 0, %1973 ], !opType !6, !opCode !35, !opID !573
49782448,2048,0,  %p2.07.i.i.i.i = phi i8* [ %incdec.ptr1.i.i.i.i, %6 ], [ getelementptr inbounds ([2048 x i8]* @inRdbfr, i32 0, i32 0), %entry ], !opType !6, !opCode !15, !opID !16
49782704,2048,0,  %p1.06.i.i.i.i = phi i8* [ %incdec.ptr.i.i.i.i, %13 ], [ getelementptr inbounds ([2048 x i8]* @ld_Rdbfr, i32 0, i32 0), %entry ], !opType !6, !opCode !15, !opID !17
49782984,2048,8,  %tmp = load i8* %injection, align 1, !tbaa !18, !opType !6, !opCode !19, !opID !20
49783264,2048,0,  %incdec.ptr.i.i.i.i = getelementptr inbounds i8* %injection2, i32 1, !opType !6, !opCode !22, !opID !23
49783408,2048,0,  %incdec.ptr1.i.i.i.i = getelementptr inbounds i8* %injection, i32 1, !opType !6, !opCode !22, !opID !24
49783552,2048,1,  %exitcond.i.i.i = icmp eq i8* %injection7, getelementptr inbounds ([2048 x i8]* @inRdbfr, i32 1, i32 0), !opType !6, !opCode !25, !opID !26
49783832,1,8,  %tmp1 = load i8* getelementptr inbounds ([2048 x i8]* @ld_Rdbfr, i32 0, i32 0), align 1, !tbaa !18, !opType !6, !opCode !19, !opID !28
49783944,1,32,  %conv12.i.i = zext i8 %injection9 to i32, !opType !6, !opCode !29, !opID !30
49784080,1,32,  %shl14.i.i = shl nuw i32 %injection10, 24, !opType !31, !opCode !32, !opID !33
49784200,1,8,  %.pre.i = load i8* getelementptr inbounds ([2048 x i8]* @ld_Rdbfr, i32 0, i32 1), align 1, !tbaa !18, !opType !6, !opCode !19, !opID !34
49784312,1,32,  %phitmp.i = zext i8 %injection12 to i32, !opType !6, !opCode !29, !opID !35
49784448,1,32,  %phitmp3.i = shl nuw nsw i32 %injection13, 16, !opType !6, !opCode !32, !opID !36
49784592,1,32,  %or15.i.1.i = or i32 %injection11, %injection14, !opType !37, !opCode !38, !opID !39
49784712,1,8,  %.pre1.i = load i8* getelementptr inbounds ([2048 x i8]* @ld_Rdbfr, i32 0, i32 2), align 1, !tbaa !18, !opType !6, !opCode !19, !opID !40
49784824,1,32,  %phitmp4.i = zext i8 %injection16 to i32, !opType !6, !opCode !29, !opID !41
49784960,1,32,  %phitmp5.i = shl nuw nsw i32 %injection17, 8, !opType !6, !opCode !32, !opID !42
49785104,1,32,  %or15.i.2.i = or i32 %injection15, %injection18, !opType !37, !opCode !38, !opID !43
49785224,1,8,  %.pre2.i = load i8* getelementptr inbounds ([2048 x i8]* @ld_Rdbfr, i32 0, i32 3), align 1, !tbaa !18, !opType !6, !opCode !19, !opID !44
49785336,1,32,  %phitmp6.i = zext i8 %injection20 to i32, !opType !6, !opCode !29, !opID !45
49785616,1,32,  %or15.i.3.i = or i32 %injection19, %injection21, !opType !37, !opCode !38, !opID !47
49786048,1,0,  %arrayidx = getelementptr inbounds i8** %argv, i32 1, !opType !6, !opCode !22, !opID !50
49786168,1,0,  %tmp2 = load i8** %injection24, align 4, !tbaa !2, !opType !6, !opCode !19, !opID !51
49786520,1,32,  %tmp3 = load i32* @numVecs, align 4, !tbaa !9, !opType !6, !opCode !19, !opID !54
49786656,1,1,  %cmp12 = icmp sgt i32 %injection27, 0, !opType !6, !opCode !25, !opID !55
49787024,336,32,  %i.013 = phi i32 [ %inc, %motion_vector.exit ], [ 0, %for.body.preheader ], !opType !6, !opCode !15, !opID !58
49787192,336,0,  %arrayidx1 = getelementptr inbounds [380 x i32]* @bfr, i32 0, i32 %injection29, !opType !6, !opCode !22, !opID !59
49787304,336,32,  %tmp4 = load i32* %injection31, align 4, !tbaa !9, !opType !6, !opCode !19, !opID !60
49787680,336,0,  %arraydecay.i = getelementptr inbounds [380 x [2 x [2 x [2 x i32]]]]* @inPMV, i32 0, i32 %injection29, i32 0, i32 0, i32 0, !opType !6, !opCode !22, !opID !62
49787952,336,1,  %cmp1.i = icmp eq i32 %call.i, 0, !opType !6, !opCode !25, !opID !64
49788360,109,32,  %tmp5 = load i32* %injection34, align 4, !tbaa !9, !opType !6, !opCode !19, !opID !67
49788496,109,1,  %cmp.i.i = icmp sgt i32 %call.i, 0, !opType !6, !opCode !25, !opID !68
49788640,109,32,  %sub.i.i = shl i32 %call.i, 1, !opType !6, !opCode !32, !opID !69
49788944,44,32,  %add.i.i = add i32 %injection38, -1, !opType !31, !opCode !71, !opID !72
49789088,44,32,  %add2.i.i = add i32 %injection39, %call2.i, !opType !31, !opCode !71, !opID !73
49789232,44,32,  %add3.i.i = add i32 %injection40, %injection36, !opType !31, !opCode !71, !opID !74
49789376,44,1,  %cmp4.i.i = icmp slt i32 %injection41, 32, !opType !6, !opCode !25, !opID !75
49789520,44,32,  %sub7.i.i = add nsw i32 %injection41, -64, !opType !6, !opCode !71, !opID !76
49789688,44,32,  %add3.i.i.sub7.i.i = select i1 %injection42, i32 %injection41, i32 %injection43, !opType !6, !opCode !77, !opID !78
49789912,227,32,  %tmp6 = load i32* %injection34, align 4, !tbaa !9, !opType !6, !opCode !19, !opID !80
49790160,65,32,  %shl12.i.i = xor i32 %injection38, -2, !opType !6, !opCode !82, !opID !83
49790304,65,32,  %add13.neg.i.i = xor i32 %call2.i, -1, !opType !6, !opCode !82, !opID !84
49790448,65,32,  %add14.neg.i.i = sub i32 %injection47, %injection46, !opType !6, !opCode !85, !opID !86
49790592,65,32,  %sub15.i.i = add i32 %injection36, %injection48, !opType !6, !opCode !71, !opID !87
49790736,65,1,  %cmp17.i.i = icmp slt i32 %injection49, -32, !opType !6, !opCode !25, !opID !88
49790880,65,32,  %add20.i.i = add nsw i32 %injection49, 64, !opType !31, !opCode !71, !opID !89
49791048,65,32,  %add20.i.i.sub15.i.i = select i1 %injection50, i32 %injection51, i32 %injection49, !opType !6, !opCode !77, !opID !90
49791248,336,32,  %vec.0.i.i = phi i32 [ %injection45, %272 ], [ %injection44, %265 ], [ %injection52, %321 ], !opType !6, !opCode !15, !opID !92
49791776,336,1,  %cmp8.i = icmp eq i32 %call5.i, 0, !opType !6, !opCode !25, !opID !95
49792304,92,0,  %arrayidx16.i1 = getelementptr inbounds [380 x [2 x [2 x [2 x i32]]]]* @inPMV, i32 0, i32 %injection29, i32 0, i32 0, i32 1, !opType !6, !opCode !22, !opID !98
49792424,92,32,  %tmp7 = load i32* %injection56, align 4, !tbaa !9, !opType !6, !opCode !19, !opID !99
49792560,92,1,  %cmp.i48.i = icmp sgt i32 %call5.i, 0, !opType !6, !opCode !25, !opID !100
49792704,92,32,  %sub.i49.i = shl i32 %call5.i, 1, !opType !6, !opCode !32, !opID !101
49793008,30,32,  %add.i51.i = add i32 %injection59, -1, !opType !31, !opCode !71, !opID !103
49793152,30,32,  %add2.i52.i = add i32 %injection60, %call10.i, !opType !31, !opCode !71, !opID !104
49793296,30,32,  %add3.i53.i = add i32 %injection61, %injection57, !opType !31, !opCode !71, !opID !105
49793440,30,1,  %cmp4.i54.i = icmp slt i32 %injection62, 32, !opType !6, !opCode !25, !opID !106
49793584,30,32,  %sub7.i57.i = add nsw i32 %injection62, -64, !opType !6, !opCode !71, !opID !107
49793752,30,32,  %add3.i53.i.sub7.i57.i = select i1 %injection63, i32 %injection62, i32 %injection64, !opType !6, !opCode !77, !opID !108
49794096,244,0,  %arrayidx16.i16 = getelementptr inbounds [380 x [2 x [2 x [2 x i32]]]]* @inPMV, i32 0, i32 %injection29, i32 0, i32 0, i32 1, !opType !6, !opCode !22, !opID !110
49794216,244,32,  %tmp8 = load i32* %injection67, align 4, !tbaa !9, !opType !6, !opCode !19, !opID !111
49794464,62,32,  %shl12.i62.i = xor i32 %injection59, -2, !opType !6, !opCode !82, !opID !113
49794608,62,32,  %add13.neg.i63.i = xor i32 %call10.i, -1, !opType !6, !opCode !82, !opID !114
49794752,62,32,  %add14.neg.i64.i = sub i32 %injection70, %injection69, !opType !6, !opCode !85, !opID !115
49794896,62,32,  %sub15.i65.i = add i32 %injection57, %injection71, !opType !6, !opCode !71, !opID !116
49795040,62,1,  %cmp17.i67.i = icmp slt i32 %injection72, -32, !opType !6, !opCode !25, !opID !117
49795184,62,32,  %add20.i70.i = add nsw i32 %injection72, 64, !opType !31, !opCode !71, !opID !118
49795352,62,32,  %add20.i70.i.sub15.i65.i = select i1 %injection73, i32 %injection74, i32 %injection72, !opType !6, !opCode !77, !opID !119
49795552,336,0,  %arrayidx18.i10 = phi i32* [ %injection67, %419 ], [ %injection56, %405 ], [ %injection56, %468 ], !opType !6, !opCode !15, !opID !121
49795760,336,32,  %vec.0.i72.i = phi i32 [ %injection68, %419 ], [ %injection65, %405 ], [ %injection75, %468 ], !opType !6, !opCode !15, !opID !122
49796136,336,32,  %tmp9 = load i32* %injection34, align 4, !tbaa !9, !opType !6, !opCode !19, !opID !124
49796368,336,0,  %arrayidx13.i = getelementptr inbounds [380 x [2 x [2 x [2 x i32]]]]* @inPMV, i32 0, i32 %injection29, i32 1, i32 0, i32 0, !opType !6, !opCode !22, !opID !125
49796752,336,0,  %arrayidx16.i = getelementptr inbounds [380 x [2 x [2 x [2 x i32]]]]* @inPMV, i32 0, i32 %injection29, i32 0, i32 0, i32 1, !opType !6, !opCode !22, !opID !127
49796872,336,32,  %tmp10 = load i32* %injection83, align 4, !tbaa !9, !opType !6, !opCode !19, !opID !128
49797104,336,0,  %arrayidx19.i = getelementptr inbounds [380 x [2 x [2 x [2 x i32]]]]* @inPMV, i32 0, i32 %injection29, i32 1, i32 0, i32 1, !opType !6, !opCode !22, !opID !129
49797392,336,32,  %inc = add nsw i32 %injection29, 1, !opType !31, !opCode !71, !opID !131
49797512,336,32,  %tmp11 = load i32* @numVecs, align 4, !tbaa !9, !opType !6, !opCode !19, !opID !132
49797648,336,1,  %cmp = icmp slt i32 %injection87, %injection88, !opType !6, !opCode !25, !opID !133
49798016,1,32,  %.lcssa = phi i32 [ %injection27, %167 ], [ %injection88, %for.end.loopexit ], !opType !6, !opCode !15, !opID !136
49798160,1,0,  %arrayidx6 = getelementptr inbounds i8** %argv, i32 2, !opType !6, !opCode !22, !opID !137
49798280,1,0,  %tmp12 = load i8** %injection92, align 4, !tbaa !2, !opType !6, !opCode !19, !opID !138
