30926592,1,  %cmp = icmp eq i32 %dlt, 0, !opType !2, !opCode !3, !opID !4, !ufrgs.lse.id !5
30927008,32,  %mul7 = mul nsw i32 %tmp, %dlt, !opType !16, !opCode !17, !opID !18, !ufrgs.lse.id !19
30927152,32,  %tmp1 = ashr i32 %injection1, 31, !opType !2, !opCode !20, !opID !21, !ufrgs.lse.id !22
30927296,32,  %tmp2 = and i32 %injection2, -256, !opType !2, !opCode !23, !opID !24, !ufrgs.lse.id !25
30927440,32,  %tmp3 = or i32 %injection3, 128, !opType !2, !opCode !26, !opID !27, !ufrgs.lse.id !28
30927696,32,  %mul12 = mul nsw i32 %tmp4, 255, !opType !16, !opCode !17, !opID !31, !ufrgs.lse.id !32
30927840,32,  %shr13 = ashr i32 %injection5, 8, !opType !16, !opCode !20, !opID !33, !ufrgs.lse.id !34
30927984,32,  %add = add nsw i32 %injection4, %injection6, !opType !16, !opCode !35, !opID !36, !ufrgs.lse.id !37
30928272,0,  %arrayidx6.1 = getelementptr inbounds i32* %dlti, i32 1, !opType !2, !opCode !41, !opID !42, !ufrgs.lse.id !43
30928528,32,  %mul7.1 = mul nsw i32 %tmp5, %dlt, !opType !16, !opCode !17, !opID !46, !ufrgs.lse.id !47
30928672,32,  %tmp6 = ashr i32 %injection9, 31, !opType !2, !opCode !20, !opID !48, !ufrgs.lse.id !49
30928816,32,  %tmp7 = and i32 %injection10, -256, !opType !2, !opCode !23, !opID !50, !ufrgs.lse.id !51
30928960,32,  %tmp8 = or i32 %injection11, 128, !opType !2, !opCode !26, !opID !52, !ufrgs.lse.id !53
30929104,0,  %arrayidx11.1 = getelementptr inbounds i32* %bli, i32 1, !opType !2, !opCode !41, !opID !54, !ufrgs.lse.id !55
30929360,32,  %mul12.1 = mul nsw i32 %tmp9, 255, !opType !16, !opCode !17, !opID !58, !ufrgs.lse.id !59
30929504,32,  %shr13.1 = ashr i32 %injection15, 8, !opType !16, !opCode !20, !opID !60, !ufrgs.lse.id !61
30929648,32,  %add.1 = add nsw i32 %injection12, %injection16, !opType !16, !opCode !35, !opID !62, !ufrgs.lse.id !63
30929936,0,  %arrayidx6.2 = getelementptr inbounds i32* %dlti, i32 2, !opType !2, !opCode !41, !opID !66, !ufrgs.lse.id !67
30930192,32,  %mul7.2 = mul nsw i32 %tmp10, %dlt, !opType !16, !opCode !17, !opID !70, !ufrgs.lse.id !71
30930336,32,  %tmp11 = ashr i32 %injection20, 31, !opType !2, !opCode !20, !opID !72, !ufrgs.lse.id !73
30930480,32,  %tmp12 = and i32 %injection21, -256, !opType !2, !opCode !23, !opID !74, !ufrgs.lse.id !75
30930624,32,  %tmp13 = or i32 %injection22, 128, !opType !2, !opCode !26, !opID !76, !ufrgs.lse.id !77
30930768,0,  %arrayidx11.2 = getelementptr inbounds i32* %bli, i32 2, !opType !2, !opCode !41, !opID !78, !ufrgs.lse.id !79
30937232,32,  %mul12.2 = mul nsw i32 %tmp14, 255, !opType !16, !opCode !17, !opID !82, !ufrgs.lse.id !83
30937376,32,  %shr13.2 = ashr i32 %injection26, 8, !opType !16, !opCode !20, !opID !84, !ufrgs.lse.id !85
30937520,32,  %add.2 = add nsw i32 %injection23, %injection27, !opType !16, !opCode !35, !opID !86, !ufrgs.lse.id !87
30937808,0,  %arrayidx6.3 = getelementptr inbounds i32* %dlti, i32 3, !opType !2, !opCode !41, !opID !90, !ufrgs.lse.id !91
30938064,32,  %mul7.3 = mul nsw i32 %tmp15, %dlt, !opType !16, !opCode !17, !opID !94, !ufrgs.lse.id !95
30938208,32,  %tmp16 = ashr i32 %injection31, 31, !opType !2, !opCode !20, !opID !96, !ufrgs.lse.id !97
30938352,32,  %tmp17 = and i32 %injection32, -256, !opType !2, !opCode !23, !opID !98, !ufrgs.lse.id !99
30938496,32,  %tmp18 = or i32 %injection33, 128, !opType !2, !opCode !26, !opID !100, !ufrgs.lse.id !101
30938640,0,  %arrayidx11.3 = getelementptr inbounds i32* %bli, i32 3, !opType !2, !opCode !41, !opID !102, !ufrgs.lse.id !103
30938896,32,  %mul12.3 = mul nsw i32 %tmp19, 255, !opType !16, !opCode !17, !opID !106, !ufrgs.lse.id !107
30939040,32,  %shr13.3 = ashr i32 %injection37, 8, !opType !16, !opCode !20, !opID !108, !ufrgs.lse.id !109
30939184,32,  %add.3 = add nsw i32 %injection34, %injection38, !opType !16, !opCode !35, !opID !110, !ufrgs.lse.id !111
30939472,0,  %arrayidx6.4 = getelementptr inbounds i32* %dlti, i32 4, !opType !2, !opCode !41, !opID !114, !ufrgs.lse.id !115
30939728,32,  %mul7.4 = mul nsw i32 %tmp20, %dlt, !opType !16, !opCode !17, !opID !118, !ufrgs.lse.id !119
30939872,32,  %tmp21 = ashr i32 %injection42, 31, !opType !2, !opCode !20, !opID !120, !ufrgs.lse.id !121
30940016,32,  %tmp22 = and i32 %injection43, -256, !opType !2, !opCode !23, !opID !122, !ufrgs.lse.id !123
30940160,32,  %tmp23 = or i32 %injection44, 128, !opType !2, !opCode !26, !opID !124, !ufrgs.lse.id !125
30940304,0,  %arrayidx11.4 = getelementptr inbounds i32* %bli, i32 4, !opType !2, !opCode !41, !opID !126, !ufrgs.lse.id !127
30940560,32,  %mul12.4 = mul nsw i32 %tmp24, 255, !opType !16, !opCode !17, !opID !130, !ufrgs.lse.id !131
30940704,32,  %shr13.4 = ashr i32 %injection48, 8, !opType !16, !opCode !20, !opID !132, !ufrgs.lse.id !133
30940848,32,  %add.4 = add nsw i32 %injection45, %injection49, !opType !16, !opCode !35, !opID !134, !ufrgs.lse.id !135
30941136,0,  %arrayidx6.5 = getelementptr inbounds i32* %dlti, i32 5, !opType !2, !opCode !41, !opID !138, !ufrgs.lse.id !139
30941392,32,  %mul7.5 = mul nsw i32 %tmp25, %dlt, !opType !16, !opCode !17, !opID !142, !ufrgs.lse.id !143
30941536,32,  %tmp26 = ashr i32 %injection53, 31, !opType !2, !opCode !20, !opID !144, !ufrgs.lse.id !145
30941680,32,  %tmp27 = and i32 %injection54, -256, !opType !2, !opCode !23, !opID !146, !ufrgs.lse.id !147
30942864,32,  %tmp28 = or i32 %injection55, 128, !opType !2, !opCode !26, !opID !148, !ufrgs.lse.id !149
30943008,0,  %arrayidx11.5 = getelementptr inbounds i32* %bli, i32 5, !opType !2, !opCode !41, !opID !150, !ufrgs.lse.id !151
30943264,32,  %mul12.5 = mul nsw i32 %tmp29, 255, !opType !16, !opCode !17, !opID !154, !ufrgs.lse.id !155
30943408,32,  %shr13.5 = ashr i32 %injection59, 8, !opType !16, !opCode !20, !opID !156, !ufrgs.lse.id !157
30943552,32,  %add.5 = add nsw i32 %injection56, %injection60, !opType !16, !opCode !35, !opID !158, !ufrgs.lse.id !159
30944064,32,  %mul = mul nsw i32 %tmp30, 255, !opType !16, !opCode !17, !opID !166, !ufrgs.lse.id !167
30944208,32,  %shr = ashr i32 %injection62, 8, !opType !16, !opCode !20, !opID !168, !ufrgs.lse.id !169
30944496,0,  %arrayidx.1 = getelementptr inbounds i32* %bli, i32 1, !opType !2, !opCode !41, !opID !172, !ufrgs.lse.id !173
30944752,32,  %mul.1 = mul nsw i32 %tmp31, 255, !opType !16, !opCode !17, !opID !176, !ufrgs.lse.id !177
30944896,32,  %shr.1 = ashr i32 %injection66, 8, !opType !16, !opCode !20, !opID !178, !ufrgs.lse.id !179
30945184,0,  %arrayidx.2 = getelementptr inbounds i32* %bli, i32 2, !opType !2, !opCode !41, !opID !182, !ufrgs.lse.id !183
30945440,32,  %mul.2 = mul nsw i32 %tmp32, 255, !opType !16, !opCode !17, !opID !186, !ufrgs.lse.id !187
30945584,32,  %shr.2 = ashr i32 %injection70, 8, !opType !16, !opCode !20, !opID !188, !ufrgs.lse.id !189
30945872,0,  %arrayidx.3 = getelementptr inbounds i32* %bli, i32 3, !opType !2, !opCode !41, !opID !192, !ufrgs.lse.id !193
30946128,32,  %mul.3 = mul nsw i32 %tmp33, 255, !opType !16, !opCode !17, !opID !196, !ufrgs.lse.id !197
30946272,32,  %shr.3 = ashr i32 %injection74, 8, !opType !16, !opCode !20, !opID !198, !ufrgs.lse.id !199
30946560,0,  %arrayidx.4 = getelementptr inbounds i32* %bli, i32 4, !opType !2, !opCode !41, !opID !202, !ufrgs.lse.id !203
30946816,32,  %mul.4 = mul nsw i32 %tmp34, 255, !opType !16, !opCode !17, !opID !206, !ufrgs.lse.id !207
30946960,32,  %shr.4 = ashr i32 %injection78, 8, !opType !16, !opCode !20, !opID !208, !ufrgs.lse.id !209
30947248,0,  %arrayidx.5 = getelementptr inbounds i32* %bli, i32 5, !opType !2, !opCode !41, !opID !212, !ufrgs.lse.id !213
30947504,32,  %mul.5 = mul nsw i32 %tmp35, 255, !opType !16, !opCode !17, !opID !216, !ufrgs.lse.id !217
30947648,32,  %shr.5 = ashr i32 %injection82, 8, !opType !16, !opCode !20, !opID !218, !ufrgs.lse.id !219
30947936,0,  %arrayidx19.pre = getelementptr inbounds i32* %dlti, i32 4, !opType !2, !opCode !41, !opID !222, !ufrgs.lse.id !223
30948080,0,  %arrayidx20.pre = getelementptr inbounds i32* %dlti, i32 5, !opType !2, !opCode !41, !opID !224, !ufrgs.lse.id !225
30948224,0,  %arrayidx21.pre = getelementptr inbounds i32* %dlti, i32 3, !opType !2, !opCode !41, !opID !226, !ufrgs.lse.id !227
30948368,0,  %arrayidx23.pre = getelementptr inbounds i32* %dlti, i32 2, !opType !2, !opCode !41, !opID !228, !ufrgs.lse.id !229
30948512,0,  %arrayidx26.pre = getelementptr inbounds i32* %dlti, i32 1, !opType !2, !opCode !41, !opID !230, !ufrgs.lse.id !231
30948720,0,  %arrayidx26.pre-phi = phi i32* [ %injection8, %370 ], [ %injection93, %524 ], !opType !2, !opCode !234, !opID !235, !ufrgs.lse.id !236
30948896,0,  %arrayidx23.pre-phi = phi i32* [ %injection19, %370 ], [ %injection91, %524 ], !opType !2, !opCode !234, !opID !237, !ufrgs.lse.id !238
30949072,0,  %arrayidx21.pre-phi = phi i32* [ %injection30, %370 ], [ %injection89, %524 ], !opType !2, !opCode !234, !opID !239, !ufrgs.lse.id !240
30949248,0,  %arrayidx20.pre-phi = phi i32* [ %injection52, %370 ], [ %injection87, %524 ], !opType !2, !opCode !234, !opID !241, !ufrgs.lse.id !242
30949424,0,  %arrayidx19.pre-phi = phi i32* [ %injection41, %370 ], [ %injection85, %524 ], !opType !2, !opCode !234, !opID !243, !ufrgs.lse.id !244
31040736,0,  %arrayidx = getelementptr inbounds i8** %argv, i32 1, !opType !2, !opCode !3, !opID !4, !ufrgs.lse.id !5
31044704,0,  %s.i.0 = phi i32* [ getelementptr inbounds ([24 x i32]* @tqmf, i32 0, i32 0), %6 ], [ %tmp5, %bb3 ], !opType !2, !opCode !70, !opID !71, !ufrgs.lse.id !72
31044960,64,  %tmp1 = phi i64 [ 24, %6 ], [ %tmp4, %bb3 ], !opType !2, !opCode !70, !opID !73, !ufrgs.lse.id !74
31045264,1,  %tmp2 = icmp eq i64 %injection3, 0, !opType !2, !opCode !75, !opID !76, !ufrgs.lse.id !77
31045680,64,  %tmp4 = add i64 %injection3, -1, !opType !2, !opCode !82, !opID !83, !ufrgs.lse.id !84
31045824,0,  %tmp5 = getelementptr inbounds i32* %injection2, i32 1, !opType !2, !opCode !3, !opID !85, !ufrgs.lse.id !86
31046176,32,  %tmp6 = phi i32 [ %phitmp, %encode.exit.i.for.body.i_crit_edge ], [ 0, %for.body.i.preheader ], !opType !2, !opCode !70, !opID !91, !ufrgs.lse.id !92
30809648,32,  %tmp7 = phi i32 [ %.pre28, %encode.exit.i.for.body.i_crit_edge ], [ 0, %for.body.i.preheader ], !opType !2, !opCode !70, !opID !93, !ufrgs.lse.id !94
30809904,32,  %tmp8 = phi i32 [ %.pre27, %encode.exit.i.for.body.i_crit_edge ], [ 0, %for.body.i.preheader ], !opType !2, !opCode !70, !opID !95, !ufrgs.lse.id !96
30810160,32,  %tmp9 = phi i32 [ %.pre26, %encode.exit.i.for.body.i_crit_edge ], [ 0, %for.body.i.preheader ], !opType !2, !opCode !70, !opID !97, !ufrgs.lse.id !98
30810416,32,  %tmp10 = phi i32 [ %.pre25, %encode.exit.i.for.body.i_crit_edge ], [ 0, %for.body.i.preheader ], !opType !2, !opCode !70, !opID !99, !ufrgs.lse.id !100
30810672,32,  %tmp11 = phi i32 [ %.pre24, %encode.exit.i.for.body.i_crit_edge ], [ 0, %for.body.i.preheader ], !opType !2, !opCode !70, !opID !101, !ufrgs.lse.id !102
30810928,32,  %tmp12 = phi i32 [ %.pre23, %encode.exit.i.for.body.i_crit_edge ], [ 0, %for.body.i.preheader ], !opType !2, !opCode !70, !opID !103, !ufrgs.lse.id !104
30811184,32,  %tmp13 = phi i32 [ %.pre22, %encode.exit.i.for.body.i_crit_edge ], [ 0, %for.body.i.preheader ], !opType !2, !opCode !70, !opID !105, !ufrgs.lse.id !106
30811440,32,  %tmp14 = phi i32 [ %.pre21, %encode.exit.i.for.body.i_crit_edge ], [ 0, %for.body.i.preheader ], !opType !2, !opCode !70, !opID !107, !ufrgs.lse.id !108
30811696,32,  %tmp15 = phi i32 [ %.pre20, %encode.exit.i.for.body.i_crit_edge ], [ 0, %for.body.i.preheader ], !opType !2, !opCode !70, !opID !109, !ufrgs.lse.id !110
30811952,32,  %tmp16 = phi i32 [ %.pre19, %encode.exit.i.for.body.i_crit_edge ], [ 0, %for.body.i.preheader ], !opType !2, !opCode !70, !opID !111, !ufrgs.lse.id !112
30812208,32,  %tmp17 = phi i32 [ %.pre18, %encode.exit.i.for.body.i_crit_edge ], [ 0, %for.body.i.preheader ], !opType !2, !opCode !70, !opID !113, !ufrgs.lse.id !114
30812464,32,  %tmp18 = phi i32 [ %.pre17, %encode.exit.i.for.body.i_crit_edge ], [ 0, %for.body.i.preheader ], !opType !2, !opCode !70, !opID !115, !ufrgs.lse.id !116
30812720,32,  %tmp19 = phi i32 [ %.pre16, %encode.exit.i.for.body.i_crit_edge ], [ 0, %for.body.i.preheader ], !opType !2, !opCode !70, !opID !117, !ufrgs.lse.id !118
30812976,32,  %tmp20 = phi i32 [ %.pre15, %encode.exit.i.for.body.i_crit_edge ], [ 0, %for.body.i.preheader ], !opType !2, !opCode !70, !opID !119, !ufrgs.lse.id !120
30813232,32,  %tmp21 = phi i32 [ %.pre14, %encode.exit.i.for.body.i_crit_edge ], [ 0, %for.body.i.preheader ], !opType !2, !opCode !70, !opID !121, !ufrgs.lse.id !122
30813488,32,  %tmp22 = phi i32 [ %.pre13, %encode.exit.i.for.body.i_crit_edge ], [ 0, %for.body.i.preheader ], !opType !2, !opCode !70, !opID !123, !ufrgs.lse.id !124
30813744,32,  %tmp23 = phi i32 [ %.pre12, %encode.exit.i.for.body.i_crit_edge ], [ 0, %for.body.i.preheader ], !opType !2, !opCode !70, !opID !125, !ufrgs.lse.id !126
30814000,32,  %tmp24 = phi i32 [ %.pre11, %encode.exit.i.for.body.i_crit_edge ], [ 0, %for.body.i.preheader ], !opType !2, !opCode !70, !opID !127, !ufrgs.lse.id !128
30814256,32,  %tmp25 = phi i32 [ %.pre10, %encode.exit.i.for.body.i_crit_edge ], [ 0, %for.body.i.preheader ], !opType !2, !opCode !70, !opID !129, !ufrgs.lse.id !130
30814512,32,  %tmp26 = phi i32 [ %.pre9, %encode.exit.i.for.body.i_crit_edge ], [ 0, %for.body.i.preheader ], !opType !2, !opCode !70, !opID !131, !ufrgs.lse.id !132
30814768,32,  %tmp27 = phi i32 [ %.pre8, %encode.exit.i.for.body.i_crit_edge ], [ 0, %for.body.i.preheader ], !opType !2, !opCode !70, !opID !133, !ufrgs.lse.id !134
30815024,32,  %tmp28 = phi i32 [ %.pre7, %encode.exit.i.for.body.i_crit_edge ], [ 0, %for.body.i.preheader ], !opType !2, !opCode !70, !opID !135, !ufrgs.lse.id !136
30815280,32,  %tmp29 = phi i32 [ %.pre, %encode.exit.i.for.body.i_crit_edge ], [ 0, %for.body.i.preheader ], !opType !2, !opCode !70, !opID !137, !ufrgs.lse.id !138
30815536,32,  %ph2.0 = phi i32 [ %ph1.0, %encode.exit.i.for.body.i_crit_edge ], [ 0, %for.body.i.preheader ], !opType !2, !opCode !70, !opID !139, !ufrgs.lse.id !140
30815792,32,  %ph1.0 = phi i32 [ %add59.i.i, %encode.exit.i.for.body.i_crit_edge ], [ 0, %for.body.i.preheader ], !opType !2, !opCode !70, !opID !141, !ufrgs.lse.id !142
30816048,32,  %nbh.0 = phi i32 [ %phitmp4, %encode.exit.i.for.body.i_crit_edge ], [ 0, %for.body.i.preheader ], !opType !2, !opCode !70, !opID !143, !ufrgs.lse.id !144
30816224,32,  %deth.0 = phi i32 [ %shl.i.i.i, %encode.exit.i.for.body.i_crit_edge ], [ 8, %for.body.i.preheader ], !opType !2, !opCode !70, !opID !145, !ufrgs.lse.id !146
30816480,32,  %ah2.0 = phi i32 [ %..add9.i.i.i, %encode.exit.i.for.body.i_crit_edge ], [ 0, %for.body.i.preheader ], !opType !2, !opCode !70, !opID !147, !ufrgs.lse.id !148
30816736,32,  %rh2.0 = phi i32 [ %rh1.0, %encode.exit.i.for.body.i_crit_edge ], [ 0, %for.body.i.preheader ], !opType !2, !opCode !70, !opID !149, !ufrgs.lse.id !150
30816992,32,  %ah1.0 = phi i32 [ %apl1.2.i.i.i, %encode.exit.i.for.body.i_crit_edge ], [ 0, %for.body.i.preheader ], !opType !2, !opCode !70, !opID !151, !ufrgs.lse.id !152
30817248,32,  %rh1.0 = phi i32 [ %add62.i.i, %encode.exit.i.for.body.i_crit_edge ], [ 0, %for.body.i.preheader ], !opType !2, !opCode !70, !opID !153, !ufrgs.lse.id !154
30817504,32,  %plt2.0 = phi i32 [ %plt1.0, %encode.exit.i.for.body.i_crit_edge ], [ 0, %for.body.i.preheader ], !opType !2, !opCode !70, !opID !155, !ufrgs.lse.id !156
30817680,32,  %plt1.0 = phi i32 [ %add39.i.i, %encode.exit.i.for.body.i_crit_edge ], [ 0, %for.body.i.preheader ], !opType !2, !opCode !70, !opID !157, !ufrgs.lse.id !158
30817936,32,  %nbl.0 = phi i32 [ %phitmp2, %encode.exit.i.for.body.i_crit_edge ], [ 0, %for.body.i.preheader ], !opType !2, !opCode !70, !opID !159, !ufrgs.lse.id !160
30818112,32,  %detl.0 = phi i32 [ %shl.i150.i.i, %encode.exit.i.for.body.i_crit_edge ], [ 32, %for.body.i.preheader ], !opType !2, !opCode !70, !opID !161, !ufrgs.lse.id !162
30818368,32,  %al2.0 = phi i32 [ %..add9.i138.i.i, %encode.exit.i.for.body.i_crit_edge ], [ 0, %for.body.i.preheader ], !opType !2, !opCode !70, !opID !163, !ufrgs.lse.id !164
30818624,32,  %rlt2.0 = phi i32 [ %rlt1.0, %encode.exit.i.for.body.i_crit_edge ], [ 0, %for.body.i.preheader ], !opType !2, !opCode !70, !opID !165, !ufrgs.lse.id !166
30818880,32,  %al1.0 = phi i32 [ %apl1.2.i123.i.i, %encode.exit.i.for.body.i_crit_edge ], [ 0, %for.body.i.preheader ], !opType !2, !opCode !70, !opID !167, !ufrgs.lse.id !168
30819136,32,  %rlt1.0 = phi i32 [ %add42.i.i, %encode.exit.i.for.body.i_crit_edge ], [ 0, %for.body.i.preheader ], !opType !2, !opCode !70, !opID !169, !ufrgs.lse.id !170
30819392,32,  %i.012.i = phi i32 [ %add3.i, %encode.exit.i.for.body.i_crit_edge ], [ 0, %for.body.i.preheader ], !opType !2, !opCode !70, !opID !171, !ufrgs.lse.id !172
30819640,0,  %arrayidx.i = getelementptr inbounds [8000 x i32]* @test_data, i32 0, i32 %injection48, !opType !2, !opCode !3, !opID !173, !ufrgs.lse.id !174
30819888,32,  %add8.i = or i32 %injection48, 1, !opType !2, !opCode !177, !opID !178, !ufrgs.lse.id !179
30820056,0,  %arrayidx1.i = getelementptr inbounds [8000 x i32]* @test_data, i32 0, i32 %injection51, !opType !2, !opCode !3, !opID !180, !ufrgs.lse.id !181
30820304,32,  %mul.i.i = mul nsw i32 %injection31, 12, !opType !184, !opCode !185, !opID !186, !ufrgs.lse.id !187
30820448,32,  %mul10.i.i = mul nsw i32 %injection28, 212, !opType !184, !opCode !185, !opID !188, !ufrgs.lse.id !189
30820592,32,  %mul7.i.i = mul nsw i32 %injection27, 48, !opType !184, !opCode !185, !opID !190, !ufrgs.lse.id !191
30820736,32,  %mul10.1.i.i = mul nsw i32 %injection26, -624, !opType !184, !opCode !185, !opID !192, !ufrgs.lse.id !193
30820880,32,  %mul7.1.i.i = shl i32 %injection25, 7, !opType !2, !opCode !194, !opID !195, !ufrgs.lse.id !196
30821024,32,  %mul10.2.i.i = mul nsw i32 %injection24, 1448, !opType !184, !opCode !185, !opID !197, !ufrgs.lse.id !198
30821168,32,  %mul7.2.i.i = mul nsw i32 %injection23, -840, !opType !184, !opCode !185, !opID !199, !ufrgs.lse.id !200
30821312,32,  %mul10.3.i.i = mul nsw i32 %injection22, -3220, !opType !184, !opCode !185, !opID !201, !ufrgs.lse.id !202
30821456,32,  %mul7.3.i.i = mul nsw i32 %injection21, 3804, !opType !184, !opCode !185, !opID !203, !ufrgs.lse.id !204
30821600,32,  %mul10.4.i.i = mul nsw i32 %injection20, 15504, !opType !184, !opCode !185, !opID !205, !ufrgs.lse.id !206
30821744,32,  %mul7.4.i.i = mul nsw i32 %injection19, 15504, !opType !184, !opCode !185, !opID !207, !ufrgs.lse.id !208
30821888,32,  %mul10.5.i.i = mul nsw i32 %injection18, 3804, !opType !184, !opCode !185, !opID !209, !ufrgs.lse.id !210
30822032,32,  %mul7.5.i.i = mul nsw i32 %injection17, -3220, !opType !184, !opCode !185, !opID !211, !ufrgs.lse.id !212
30822176,32,  %mul10.6.i.i = mul nsw i32 %injection16, -840, !opType !184, !opCode !185, !opID !213, !ufrgs.lse.id !214
30822320,32,  %mul7.6.i.i = mul nsw i32 %injection15, 1448, !opType !184, !opCode !185, !opID !215, !ufrgs.lse.id !216
30822464,32,  %mul10.7.i.i = shl i32 %injection14, 7, !opType !2, !opCode !194, !opID !217, !ufrgs.lse.id !218
30822608,32,  %mul7.7.i.i = mul nsw i32 %injection13, -624, !opType !184, !opCode !185, !opID !219, !ufrgs.lse.id !220
30822752,32,  %mul10.8.i.i = mul nsw i32 %injection12, 48, !opType !184, !opCode !185, !opID !221, !ufrgs.lse.id !222
30822896,32,  %mul7.8.i.i = mul nsw i32 %injection11, 212, !opType !184, !opCode !185, !opID !223, !ufrgs.lse.id !224
30823040,32,  %tmp.i = add i32 %injection9, %injection29, !opType !2, !opCode !82, !opID !225, !ufrgs.lse.id !226
30823184,32,  %tmp9.i = mul i32 %injection73, -44, !opType !2, !opCode !185, !opID !227, !ufrgs.lse.id !228
30823328,32,  %add.i.i = add i32 %injection56, %injection54, !opType !184, !opCode !82, !opID !229, !ufrgs.lse.id !230
30823472,32,  %add.1.i.i = add i32 %injection75, %injection58, !opType !184, !opCode !82, !opID !231, !ufrgs.lse.id !232
30823616,32,  %add.2.i.i = add i32 %injection76, %injection60, !opType !184, !opCode !82, !opID !233, !ufrgs.lse.id !234
30823760,32,  %add.3.i.i = add i32 %injection77, %injection62, !opType !184, !opCode !82, !opID !235, !ufrgs.lse.id !236
30823904,32,  %add.4.i.i = add i32 %injection78, %injection64, !opType !184, !opCode !82, !opID !237, !ufrgs.lse.id !238
30824048,32,  %add.5.i.i = add i32 %injection79, %injection66, !opType !184, !opCode !82, !opID !239, !ufrgs.lse.id !240
30824192,32,  %add.6.i.i = add i32 %injection80, %injection68, !opType !184, !opCode !82, !opID !241, !ufrgs.lse.id !242
30824336,32,  %add.7.i.i = add i32 %injection81, %injection70, !opType !184, !opCode !82, !opID !243, !ufrgs.lse.id !244
30824480,32,  %add.8.i.i = add i32 %injection82, %injection72, !opType !184, !opCode !82, !opID !245, !ufrgs.lse.id !246
30824624,32,  %add.9.i.i = add i32 %injection83, %injection74, !opType !184, !opCode !82, !opID !247, !ufrgs.lse.id !248
30942688,32,  %tmp10.i = add i32 %injection10, %injection30, !opType !2, !opCode !82, !opID !293, !ufrgs.lse.id !294
30829152,32,  %tmp11.i = mul i32 %injection85, -44, !opType !2, !opCode !185, !opID !295, !ufrgs.lse.id !296
30829296,32,  %add11.1.i.i = add i32 %injection57, %injection55, !opType !184, !opCode !82, !opID !297, !ufrgs.lse.id !298
30829440,32,  %add11.2.i.i = add i32 %injection87, %injection59, !opType !184, !opCode !82, !opID !299, !ufrgs.lse.id !300
30829584,32,  %add11.3.i.i = add i32 %injection88, %injection61, !opType !184, !opCode !82, !opID !301, !ufrgs.lse.id !302
30829728,32,  %add11.4.i.i = add i32 %injection89, %injection63, !opType !184, !opCode !82, !opID !303, !ufrgs.lse.id !304
30829872,32,  %add11.5.i.i = add i32 %injection90, %injection65, !opType !184, !opCode !82, !opID !305, !ufrgs.lse.id !306
30830016,32,  %add11.6.i.i = add i32 %injection91, %injection67, !opType !184, !opCode !82, !opID !307, !ufrgs.lse.id !308
30830160,32,  %add11.7.i.i = add i32 %injection92, %injection69, !opType !184, !opCode !82, !opID !309, !ufrgs.lse.id !310
30830304,32,  %add11.8.i.i = add i32 %injection93, %injection71, !opType !184, !opCode !82, !opID !311, !ufrgs.lse.id !312
30830448,32,  %add11.9.i.i = add i32 %injection94, %injection8, !opType !184, !opCode !82, !opID !313, !ufrgs.lse.id !314
30830592,32,  %add18.i.i = add i32 %injection95, %injection86, !opType !184, !opCode !82, !opID !315, !ufrgs.lse.id !316
30831024,32,  %add28.i.i = add nsw i32 %injection96, %injection84, !opType !184, !opCode !82, !opID !321, !ufrgs.lse.id !322
30831168,32,  %shr.i.i = ashr i32 %injection97, 15, !opType !184, !opCode !323, !opID !324, !ufrgs.lse.id !325
30831312,32,  %sub.i.i = sub nsw i32 %injection84, %injection96, !opType !184, !opCode !326, !opID !327, !ufrgs.lse.id !328
30831456,32,  %shr29.i.i = ashr i32 %injection99, 15, !opType !184, !opCode !323, !opID !329, !ufrgs.lse.id !330
30831824,32,  %mul.i.i.i = mul nsw i32 %tmp33, %tmp32, !opType !184, !opCode !185, !opID !335, !ufrgs.lse.id !336
30832192,32,  %mul4.i.i.i = mul nsw i32 %tmp35, %tmp34, !opType !184, !opCode !185, !opID !341, !ufrgs.lse.id !342
30832336,32,  %add.i.i.i = add nsw i32 %injection102, %injection101, !opType !184, !opCode !82, !opID !343, !ufrgs.lse.id !344
30832704,32,  %mul4.1.i.i.i = mul nsw i32 %tmp37, %tmp36, !opType !184, !opCode !185, !opID !349, !ufrgs.lse.id !350
30832848,32,  %add.1.i.i.i = add nsw i32 %injection103, %injection104, !opType !184, !opCode !82, !opID !351, !ufrgs.lse.id !352
30833216,32,  %mul4.2.i.i.i = mul nsw i32 %tmp39, %tmp38, !opType !184, !opCode !185, !opID !357, !ufrgs.lse.id !358
30833360,32,  %add.2.i.i.i = add nsw i32 %injection105, %injection106, !opType !184, !opCode !82, !opID !359, !ufrgs.lse.id !360
30833728,32,  %mul4.3.i.i.i = mul nsw i32 %tmp41, %tmp40, !opType !184, !opCode !185, !opID !365, !ufrgs.lse.id !366
30833872,32,  %add.3.i.i.i = add nsw i32 %injection107, %injection108, !opType !184, !opCode !82, !opID !367, !ufrgs.lse.id !368
30834240,32,  %mul4.4.i.i.i = mul nsw i32 %tmp43, %tmp42, !opType !184, !opCode !185, !opID !373, !ufrgs.lse.id !374
30834384,32,  %add.4.i.i.i = add nsw i32 %injection109, %injection110, !opType !184, !opCode !82, !opID !375, !ufrgs.lse.id !376
30834528,32,  %shr.i.i.i = ashr i32 %injection111, 14, !opType !184, !opCode !323, !opID !377, !ufrgs.lse.id !378
30834672,32,  %mul1.i87.i.i = mul i32 %injection46, %injection47, !opType !184, !opCode !185, !opID !379, !ufrgs.lse.id !380
30834816,32,  %mul3.i.i.i = mul i32 %injection44, %injection45, !opType !184, !opCode !185, !opID !381, !ufrgs.lse.id !382
30834960,32,  %tmp.i.i.i = add i32 %injection114, %injection113, !opType !2, !opCode !82, !opID !383, !ufrgs.lse.id !384
30835104,32,  %tmp6.i.i.i = shl i32 %injection115, 1, !opType !2, !opCode !194, !opID !385, !ufrgs.lse.id !386
30835248,32,  %shr.i88.i.i = ashr i32 %injection116, 15, !opType !184, !opCode !323, !opID !387, !ufrgs.lse.id !388
30835392,32,  %add31.i.i = add nsw i32 %injection117, %injection112, !opType !184, !opCode !82, !opID !389, !ufrgs.lse.id !390
30835536,32,  %sub32.i.i = sub nsw i32 %injection98, %injection118, !opType !184, !opCode !326, !opID !391, !ufrgs.lse.id !392
30835680,1,  %cmp.i.i.i.i = icmp sgt i32 %injection119, -1, !opType !2, !opCode !75, !opID !393, !ufrgs.lse.id !394
30835824,32,  %sub.i.i.i.i = sub nsw i32 0, %injection119, !opType !184, !opCode !326, !opID !395, !ufrgs.lse.id !396
30835992,32,  %m.0.i.i.i.i = select i1 %injection120, i32 %injection119, i32 %injection121, !opType !2, !opCode !397, !opID !398, !ufrgs.lse.id !399
30836128,32,  %mul.i141.i.i = mul nsw i32 %injection43, 280, !opType !184, !opCode !185, !opID !400, !ufrgs.lse.id !401
30836272,32,  %shr.i142.i.i = ashr i32 %injection123, 15, !opType !184, !opCode !323, !opID !402, !ufrgs.lse.id !403
30836416,1,  %cmp1.i143.i.i = icmp sgt i32 %injection122, %injection124, !opType !2, !opCode !75, !opID !404, !ufrgs.lse.id !405
30836720,32,  %mul.i141.i.1.i = mul nsw i32 %injection43, 576, !opType !184, !opCode !185, !opID !408, !ufrgs.lse.id !409
30836864,32,  %shr.i142.i.1.i = ashr i32 %injection126, 15, !opType !184, !opCode !323, !opID !410, !ufrgs.lse.id !411
30837008,1,  %cmp1.i143.i.1.i = icmp sgt i32 %injection122, %injection127, !opType !2, !opCode !75, !opID !412, !ufrgs.lse.id !413
30837264,32,  %mil.0.lcssa.i.i.i = phi i32 [ 0, %851 ], [ 1, %872 ], [ 2, %for.cond.i.i.1.i ], [ 3, %for.cond.i.i.2.i ], [ 4, %for.cond.i.i.3.i ], [ 5, %for.cond.i.i.4.i ], [ 6, %for.cond.i.i.5.i ], [ 7, %for.cond.i.i.6.i ], [ 8, %for.cond.i.i.7.i ], [ 9, %for.cond.i.i.8.i ], [ 10, %for.cond.i.i.9.i ], [ 11, %for.cond.i.i.10.i ], [ 12, %for.cond.i.i.11.i ], [ 13, %for.cond.i.i.12.i ], [ 14, %for.cond.i.i.13.i ], [ 15, %for.cond.i.i.14.i ], [ 16, %for.cond.i.i.15.i ], [ 17, %for.cond.i.i.16.i ], [ 18, %for.cond.i.i.17.i ], [ 19, %for.cond.i.i.18.i ], [ 20, %for.cond.i.i.19.i ], [ 21, %for.cond.i.i.20.i ], [ 22, %for.cond.i.i.21.i ], [ 23, %for.cond.i.i.22.i ], [ 24, %for.cond.i.i.23.i ], [ 25, %for.cond.i.i.24.i ], [ 26, %for.cond.i.i.25.i ], [ 27, %for.cond.i.i.26.i ], [ 28, %for.cond.i.i.27.i ], [ %., %for.cond.i.i.28.i ], !opType !2, !opCode !70, !opID !416, !ufrgs.lse.id !417
30838488,0,  %quant26bt_pos.quant26bt_neg.i.i.i = select i1 %injection120, [31 x i32]* @quant26bt_pos, [31 x i32]* @quant26bt_neg, !opType !2, !opCode !397, !opID !418, !ufrgs.lse.id !419
30838648,0,  %ril.0.in.i.i.i = getelementptr inbounds [31 x i32]* %injection131, i32 0, i32 %injection129, !opType !2, !opCode !3, !opID !420, !ufrgs.lse.id !421
30838896,32,  %shr34.i.i = ashr i32 %ril.0.i.i.i, 2, !opType !2, !opCode !323, !opID !424, !ufrgs.lse.id !425
30839064,0,  %arrayidx.i.i = getelementptr inbounds [16 x i32]* @qq4_code4_table, i32 0, i32 %injection134, !opType !2, !opCode !3, !opID !426, !ufrgs.lse.id !427
30839312,32,  %mul35.i.i = mul nsw i32 %tmp44, %injection43, !opType !184, !opCode !185, !opID !430, !ufrgs.lse.id !431
30839456,32,  %shr36.i.i = ashr i32 %injection137, 15, !opType !184, !opCode !323, !opID !432, !ufrgs.lse.id !433
30839624,0,  %arrayidx.i154.i.i = getelementptr inbounds [16 x i32]* @wl_code_table, i32 0, i32 %injection134, !opType !2, !opCode !3, !opID !434, !ufrgs.lse.id !435
30839872,32,  %add.i155.i.i = add nsw i32 %injection42, %tmp45, !opType !184, !opCode !82, !opID !438, !ufrgs.lse.id !439
30840016,1,  %cmp.i156.i.i = icmp slt i32 %injection141, 0, !opType !2, !opCode !75, !opID !440, !ufrgs.lse.id !441
30840184,32,  %.add.i157.i.i = select i1 %injection142, i32 0, i32 %injection141, !opType !2, !opCode !397, !opID !442, !ufrgs.lse.id !443
30840320,1,  %cmp2.i.i.i = icmp sgt i32 %injection143, 18432, !opType !2, !opCode !75, !opID !444, !ufrgs.lse.id !445
30840488,32,  %..add.i158.i.i = select i1 %injection144, i32 18432, i32 %injection143, !opType !2, !opCode !397, !opID !446, !ufrgs.lse.id !447
30840624,32,  %shr4.i144.i.i = lshr i32 %injection145, 6, !opType !2, !opCode !448, !opID !449, !ufrgs.lse.id !450
30840768,32,  %and.i145.i.i = and i32 %injection146, 31, !opType !184, !opCode !451, !opID !452, !ufrgs.lse.id !453
30840936,0,  %arrayidx.i147.i.i = getelementptr inbounds [32 x i32]* @ilb_table, i32 0, i32 %injection147, !opType !2, !opCode !3, !opID !454, !ufrgs.lse.id !455
30841184,32,  %add39.i.i = add nsw i32 %injection138, %injection112, !opType !184, !opCode !82, !opID !458, !ufrgs.lse.id !459
30841520,32,  %mul.i124.i.i = shl nsw i32 %injection46, 2, !opType !2, !opCode !194, !opID !462, !ufrgs.lse.id !463
30841664,32,  %mul1.i125.i.i = mul nsw i32 %injection41, %injection150, !opType !2, !opCode !185, !opID !464, !ufrgs.lse.id !465
30841808,1,  %cmp.i126.i.i = icmp sgt i32 %injection152, -1, !opType !2, !opCode !75, !opID !466, !ufrgs.lse.id !467
30841952,32,  %sub.i127.i.i = sub nsw i32 0, %injection151, !opType !184, !opCode !326, !opID !468, !ufrgs.lse.id !469
30842120,32,  %sub.mul.i128.i.i = select i1 %injection153, i32 %injection154, i32 %injection151, !opType !2, !opCode !397, !opID !470, !ufrgs.lse.id !471
30842256,32,  %shr.i129.i.i = ashr i32 %injection155, 7, !opType !184, !opCode !323, !opID !472, !ufrgs.lse.id !473
30842400,32,  %mul2.i130.i.i = mul nsw i32 %injection40, %injection150, !opType !184, !opCode !185, !opID !474, !ufrgs.lse.id !475
30842544,32,  %tmp47 = ashr i32 %injection157, 31, !opType !2, !opCode !323, !opID !476, !ufrgs.lse.id !477
30842688,32,  %tmp48 = and i32 %injection158, -256, !opType !2, !opCode !451, !opID !478, !ufrgs.lse.id !479
30842832,32,  %tmp49 = or i32 %injection159, 128, !opType !2, !opCode !177, !opID !480, !ufrgs.lse.id !481
30842976,32,  %mul7.i131.i.i = mul nsw i32 %injection44, 127, !opType !184, !opCode !185, !opID !482, !ufrgs.lse.id !483
30843120,32,  %shr8.i132.i.i = ashr i32 %injection161, 7, !opType !184, !opCode !323, !opID !484, !ufrgs.lse.id !485
30843264,32,  %wd4.0.i133.i.i = add nsw i32 %injection156, %injection162, !opType !2, !opCode !82, !opID !486, !ufrgs.lse.id !487
30843408,32,  %add9.i134.i.i = add nsw i32 %injection163, %injection160, !opType !184, !opCode !82, !opID !488, !ufrgs.lse.id !489
30843552,1,  %cmp10.i135.i.i = icmp sgt i32 %injection164, 12288, !opType !2, !opCode !75, !opID !490, !ufrgs.lse.id !491
30843720,32,  %.add9.i136.i.i = select i1 %injection165, i32 12288, i32 %injection164, !opType !2, !opCode !397, !opID !492, !ufrgs.lse.id !493
30843856,1,  %cmp13.i137.i.i = icmp slt i32 %injection166, -12288, !opType !2, !opCode !75, !opID !494, !ufrgs.lse.id !495
30844024,32,  %..add9.i138.i.i = select i1 %injection167, i32 -12288, i32 %injection166, !opType !2, !opCode !397, !opID !496, !ufrgs.lse.id !497
30844160,32,  %mul.i114.i.i = mul nsw i32 %injection46, 255, !opType !184, !opCode !185, !opID !498, !ufrgs.lse.id !499
30844304,32,  %shr.i115.i.i = ashr i32 %injection169, 8, !opType !184, !opCode !323, !opID !500, !ufrgs.lse.id !501
30844448,32,  %tmp50 = ashr i32 %injection152, 31, !opType !2, !opCode !323, !opID !502, !ufrgs.lse.id !503
30844592,32,  %tmp51 = and i32 %injection171, -384, !opType !2, !opCode !451, !opID !504, !ufrgs.lse.id !505
30844736,32,  %tmp52 = add nsw i32 %injection170, 192, !opType !2, !opCode !82, !opID !506, !ufrgs.lse.id !507
30844880,32,  %apl1.0.i117.i.i = add nsw i32 %injection173, %injection172, !opType !2, !opCode !82, !opID !508, !ufrgs.lse.id !509
30845024,32,  %sub2.i118.i.i = sub nsw i32 15360, %injection168, !opType !184, !opCode !326, !opID !510, !ufrgs.lse.id !511
30845168,1,  %cmp3.i119.i.i = icmp sgt i32 %injection174, %injection175, !opType !2, !opCode !75, !opID !512, !ufrgs.lse.id !513
30845336,32,  %sub2.apl1.0.i120.i.i = select i1 %injection176, i32 %injection175, i32 %injection174, !opType !2, !opCode !397, !opID !514, !ufrgs.lse.id !515
30845472,32,  %sub6.i121.i.i = sub nsw i32 0, %injection175, !opType !184, !opCode !326, !opID !516, !ufrgs.lse.id !517
30845840,32,  %mul.i102.i.i = mul nsw i32 %tmp54, %tmp53, !opType !184, !opCode !185, !opID !522, !ufrgs.lse.id !523
30846208,32,  %mul4.i103.i.i = mul nsw i32 %tmp56, %tmp55, !opType !184, !opCode !185, !opID !528, !ufrgs.lse.id !529
30846352,32,  %add.i104.i.i = add nsw i32 %injection180, %injection179, !opType !184, !opCode !82, !opID !530, !ufrgs.lse.id !531
30846720,32,  %mul4.1.i105.i.i = mul nsw i32 %tmp58, %tmp57, !opType !184, !opCode !185, !opID !536, !ufrgs.lse.id !537
30846864,32,  %add.1.i106.i.i = add nsw i32 %injection181, %injection182, !opType !184, !opCode !82, !opID !538, !ufrgs.lse.id !539
30847232,32,  %mul4.2.i107.i.i = mul nsw i32 %tmp60, %tmp59, !opType !184, !opCode !185, !opID !544, !ufrgs.lse.id !545
30827072,32,  %add.2.i108.i.i = add nsw i32 %injection183, %injection184, !opType !184, !opCode !82, !opID !546, !ufrgs.lse.id !547
30827440,32,  %mul4.3.i109.i.i = mul nsw i32 %tmp62, %tmp61, !opType !184, !opCode !185, !opID !552, !ufrgs.lse.id !553
30827584,32,  %add.3.i110.i.i = add nsw i32 %injection185, %injection186, !opType !184, !opCode !82, !opID !554, !ufrgs.lse.id !555
30827952,32,  %mul4.4.i111.i.i = mul nsw i32 %tmp64, %tmp63, !opType !184, !opCode !185, !opID !560, !ufrgs.lse.id !561
30828096,32,  %add.4.i112.i.i = add nsw i32 %injection187, %injection188, !opType !184, !opCode !82, !opID !562, !ufrgs.lse.id !563
30828240,32,  %shr.i113.i.i = ashr i32 %injection189, 14, !opType !184, !opCode !323, !opID !564, !ufrgs.lse.id !565
30828384,32,  %mul1.i97.i.i = mul i32 %injection38, %injection39, !opType !184, !opCode !185, !opID !566, !ufrgs.lse.id !567
30828528,32,  %mul3.i98.i.i = mul i32 %injection36, %injection37, !opType !184, !opCode !185, !opID !568, !ufrgs.lse.id !569
30828672,32,  %tmp.i99.i.i = add i32 %injection192, %injection191, !opType !2, !opCode !82, !opID !570, !ufrgs.lse.id !571
30828816,32,  %tmp6.i100.i.i = shl i32 %injection193, 1, !opType !2, !opCode !194, !opID !572, !ufrgs.lse.id !573
30828960,32,  %shr.i101.i.i = ashr i32 %injection194, 15, !opType !184, !opCode !323, !opID !574, !ufrgs.lse.id !575
30851536,32,  %add45.i.i = add nsw i32 %injection195, %injection190, !opType !184, !opCode !82, !opID !576, !ufrgs.lse.id !577
30851680,32,  %sub46.i.i = sub nsw i32 %injection100, %injection196, !opType !184, !opCode !326, !opID !578, !ufrgs.lse.id !579
30851824,32,  %tmp65 = ashr i32 %injection197, 31, !opType !2, !opCode !323, !opID !580, !ufrgs.lse.id !581
30851968,32,  %tmp66 = and i32 %injection198, -2, !opType !2, !opCode !451, !opID !582, !ufrgs.lse.id !583
30852112,32,  %mul48.i.i = mul nsw i32 %injection35, 564, !opType !184, !opCode !185, !opID !584, !ufrgs.lse.id !585
30852256,32,  %shr49.i.i = ashr i32 %injection200, 12, !opType !184, !opCode !323, !opID !586, !ufrgs.lse.id !587
30852400,1,  %cmp.i95.i.i = icmp sgt i32 %injection197, -1, !opType !2, !opCode !75, !opID !588, !ufrgs.lse.id !589
30852544,32,  %sub.i96.i.i = sub nsw i32 0, %injection197, !opType !184, !opCode !326, !opID !590, !ufrgs.lse.id !591
30852712,32,  %m.0.i.i.i = select i1 %injection202, i32 %injection197, i32 %injection203, !opType !2, !opCode !397, !opID !592, !ufrgs.lse.id !593
30852848,1,  %cmp51.i.i = icmp sgt i32 %injection204, %injection201, !opType !2, !opCode !75, !opID !594, !ufrgs.lse.id !595
30853016,32,  %dec.i.i..v = select i1 %injection205, i32 2, i32 3, !opType !2, !opCode !397, !opID !596, !ufrgs.lse.id !597
30853152,32,  %dec.i.i. = add nsw i32 %injection199, %injection206, !opType !2, !opCode !82, !opID !598, !ufrgs.lse.id !599
30853320,0,  %arrayidx54.i.i = getelementptr inbounds [4 x i32]* @qq2_code2_table, i32 0, i32 %injection207, !opType !2, !opCode !3, !opID !600, !ufrgs.lse.id !601
30853568,32,  %mul55.i.i = mul nsw i32 %tmp67, %injection35, !opType !184, !opCode !185, !opID !604, !ufrgs.lse.id !605
30853712,32,  %shr56.i.i = ashr i32 %injection210, 15, !opType !184, !opCode !323, !opID !606, !ufrgs.lse.id !607
30853880,0,  %arrayidx.i92.i.i = getelementptr inbounds [4 x i32]* @wh_code_table, i32 0, i32 %injection207, !opType !2, !opCode !3, !opID !608, !ufrgs.lse.id !609
30854128,32,  %add.i93.i.i = add nsw i32 %injection34, %tmp68, !opType !184, !opCode !82, !opID !612, !ufrgs.lse.id !613
30854272,1,  %cmp.i94.i.i = icmp slt i32 %injection214, 0, !opType !2, !opCode !75, !opID !614, !ufrgs.lse.id !615
30854440,32,  %.add.i.i.i = select i1 %injection215, i32 0, i32 %injection214, !opType !2, !opCode !397, !opID !616, !ufrgs.lse.id !617
30854576,1,  %cmp1.i.i.i = icmp sgt i32 %injection216, 22528, !opType !2, !opCode !75, !opID !618, !ufrgs.lse.id !619
30854744,32,  %..add.i.i.i = select i1 %injection217, i32 22528, i32 %injection216, !opType !2, !opCode !397, !opID !620, !ufrgs.lse.id !621
30854880,32,  %shr4.i.i.i = lshr i32 %injection218, 6, !opType !2, !opCode !448, !opID !622, !ufrgs.lse.id !623
30855024,32,  %and.i.i.i = and i32 %injection219, 31, !opType !184, !opCode !451, !opID !624, !ufrgs.lse.id !625
30855192,0,  %arrayidx.i.i.i = getelementptr inbounds [32 x i32]* @ilb_table, i32 0, i32 %injection220, !opType !2, !opCode !3, !opID !626, !ufrgs.lse.id !627
30855440,32,  %add59.i.i = add nsw i32 %injection211, %injection190, !opType !184, !opCode !82, !opID !630, !ufrgs.lse.id !631
30855776,32,  %mul.i84.i.i = shl nsw i32 %injection38, 2, !opType !2, !opCode !194, !opID !634, !ufrgs.lse.id !635
30855920,32,  %mul1.i85.i.i = mul nsw i32 %injection33, %injection223, !opType !2, !opCode !185, !opID !636, !ufrgs.lse.id !637
30856064,1,  %cmp.i.i.i = icmp sgt i32 %injection225, -1, !opType !2, !opCode !75, !opID !638, !ufrgs.lse.id !639
30856208,32,  %sub.i.i.i = sub nsw i32 0, %injection224, !opType !184, !opCode !326, !opID !640, !ufrgs.lse.id !641
30856376,32,  %sub.mul.i.i.i = select i1 %injection226, i32 %injection227, i32 %injection224, !opType !2, !opCode !397, !opID !642, !ufrgs.lse.id !643
30856512,32,  %shr.i86.i.i = ashr i32 %injection228, 7, !opType !184, !opCode !323, !opID !644, !ufrgs.lse.id !645
30856656,32,  %mul2.i.i.i = mul nsw i32 %injection32, %injection223, !opType !184, !opCode !185, !opID !646, !ufrgs.lse.id !647
30856800,32,  %tmp70 = ashr i32 %injection230, 31, !opType !2, !opCode !323, !opID !648, !ufrgs.lse.id !649
30856944,32,  %tmp71 = and i32 %injection231, -256, !opType !2, !opCode !451, !opID !650, !ufrgs.lse.id !651
30857088,32,  %tmp72 = or i32 %injection232, 128, !opType !2, !opCode !177, !opID !652, !ufrgs.lse.id !653
30857232,32,  %mul7.i.i.i = mul nsw i32 %injection36, 127, !opType !184, !opCode !185, !opID !654, !ufrgs.lse.id !655
30857376,32,  %shr8.i.i.i = ashr i32 %injection234, 7, !opType !184, !opCode !323, !opID !656, !ufrgs.lse.id !657
30857520,32,  %wd4.0.i.i.i = add nsw i32 %injection229, %injection235, !opType !2, !opCode !82, !opID !658, !ufrgs.lse.id !659
30857664,32,  %add9.i.i.i = add nsw i32 %injection236, %injection233, !opType !184, !opCode !82, !opID !660, !ufrgs.lse.id !661
30857808,1,  %cmp10.i.i.i = icmp sgt i32 %injection237, 12288, !opType !2, !opCode !75, !opID !662, !ufrgs.lse.id !663
30857976,32,  %.add9.i.i.i = select i1 %injection238, i32 12288, i32 %injection237, !opType !2, !opCode !397, !opID !664, !ufrgs.lse.id !665
30858112,1,  %cmp13.i.i.i = icmp slt i32 %injection239, -12288, !opType !2, !opCode !75, !opID !666, !ufrgs.lse.id !667
30858280,32,  %..add9.i.i.i = select i1 %injection240, i32 -12288, i32 %injection239, !opType !2, !opCode !397, !opID !668, !ufrgs.lse.id !669
30858416,32,  %mul.i82.i.i = mul nsw i32 %injection38, 255, !opType !184, !opCode !185, !opID !670, !ufrgs.lse.id !671
30858560,32,  %shr.i83.i.i = ashr i32 %injection242, 8, !opType !184, !opCode !323, !opID !672, !ufrgs.lse.id !673
30858704,32,  %tmp73 = ashr i32 %injection225, 31, !opType !2, !opCode !323, !opID !674, !ufrgs.lse.id !675
30858848,32,  %tmp74 = and i32 %injection244, -384, !opType !2, !opCode !451, !opID !676, !ufrgs.lse.id !677
30858992,32,  %tmp75 = add nsw i32 %injection243, 192, !opType !2, !opCode !82, !opID !678, !ufrgs.lse.id !679
30859136,32,  %apl1.0.i.i.i = add nsw i32 %injection246, %injection245, !opType !2, !opCode !82, !opID !680, !ufrgs.lse.id !681
30859280,32,  %sub2.i.i.i = sub nsw i32 15360, %injection241, !opType !184, !opCode !326, !opID !682, !ufrgs.lse.id !683
30859424,1,  %cmp3.i.i.i = icmp sgt i32 %injection247, %injection248, !opType !2, !opCode !75, !opID !684, !ufrgs.lse.id !685
30859592,32,  %sub2.apl1.0.i.i.i = select i1 %injection249, i32 %injection248, i32 %injection247, !opType !2, !opCode !397, !opID !686, !ufrgs.lse.id !687
30859728,32,  %sub6.i.i.i = sub nsw i32 0, %injection248, !opType !184, !opCode !326, !opID !688, !ufrgs.lse.id !689
30859872,32,  %shl.i.i = shl nsw i32 %injection207, 6, !opType !184, !opCode !194, !opID !690, !ufrgs.lse.id !691
30860016,32,  %or.i.i = or i32 %injection252, %ril.0.i.i.i, !opType !184, !opCode !177, !opID !692, !ufrgs.lse.id !693
30860160,32,  %div.i = sdiv i32 %injection48, 2, !opType !184, !opCode !694, !opID !695, !ufrgs.lse.id !696
30860328,0,  %arrayidx2.i = getelementptr inbounds [4000 x i32]* @compressed, i32 0, i32 %injection254, !opType !2, !opCode !3, !opID !697, !ufrgs.lse.id !698
30860608,32,  %add3.i = add nsw i32 %injection48, 2, !opType !184, !opCode !82, !opID !701, !ufrgs.lse.id !702
30860752,1,  %cmp.i = icmp slt i32 %injection257, 8000, !opType !2, !opCode !75, !opID !703, !ufrgs.lse.id !704
30861056,32,  %add62.i.i = add nsw i32 %injection211, %injection196, !opType !184, !opCode !82, !opID !707, !ufrgs.lse.id !708
30861200,1,  %cmp7.i.i.i = icmp slt i32 %injection250, %injection251, !opType !2, !opCode !75, !opID !709, !ufrgs.lse.id !710
30861368,32,  %apl1.2.i.i.i = select i1 %injection260, i32 %injection251, i32 %injection250, !opType !2, !opCode !397, !opID !711, !ufrgs.lse.id !712
30861504,32,  %shr1.i.i.i = ashr i32 %injection218, 11, !opType !184, !opCode !323, !opID !713, !ufrgs.lse.id !714
30861648,32,  %sub.i89.i.i = sub i32 11, %injection262, !opType !2, !opCode !326, !opID !715, !ufrgs.lse.id !716
30861792,32,  %shr2.i.i.i = ashr i32 %tmp69, %injection263, !opType !184, !opCode !323, !opID !717, !ufrgs.lse.id !718
30861936,32,  %shl.i.i.i = shl i32 %injection264, 3, !opType !184, !opCode !194, !opID !719, !ufrgs.lse.id !720
30862080,32,  %add42.i.i = add nsw i32 %injection138, %injection118, !opType !184, !opCode !82, !opID !721, !ufrgs.lse.id !722
30862224,1,  %cmp7.i122.i.i = icmp slt i32 %injection177, %injection178, !opType !2, !opCode !75, !opID !723, !ufrgs.lse.id !724
30862392,32,  %apl1.2.i123.i.i = select i1 %injection267, i32 %injection178, i32 %injection177, !opType !2, !opCode !397, !opID !725, !ufrgs.lse.id !726
30862528,32,  %shr1.i146.i.i = ashr i32 %injection145, 11, !opType !184, !opCode !323, !opID !727, !ufrgs.lse.id !728
30862672,32,  %sub.i148.i.i = sub i32 9, %injection269, !opType !2, !opCode !326, !opID !729, !ufrgs.lse.id !730
30862816,32,  %shr2.i149.i.i = ashr i32 %tmp46, %injection270, !opType !184, !opCode !323, !opID !731, !ufrgs.lse.id !732
30862960,32,  %shl.i150.i.i = shl i32 %injection271, 3, !opType !184, !opCode !194, !opID !733, !ufrgs.lse.id !734
30865792,32,  %phitmp = mul i32 %.pre29, 12, !opType !2, !opCode !185, !opID !783, !ufrgs.lse.id !784
30865936,32,  %phitmp1 = mul i32 %injection145, 127, !opType !2, !opCode !185, !opID !785, !ufrgs.lse.id !786
30866080,32,  %phitmp2 = ashr i32 %injection274, 7, !opType !2, !opCode !323, !opID !787, !ufrgs.lse.id !788
30866224,32,  %phitmp3 = mul i32 %injection218, 127, !opType !2, !opCode !185, !opID !789, !ufrgs.lse.id !790
30866368,32,  %phitmp4 = ashr i32 %injection276, 7, !opType !2, !opCode !323, !opID !791, !ufrgs.lse.id !792
30866624,32,  %mul.i141.i.2.i = mul nsw i32 %injection43, 880, !opType !184, !opCode !185, !opID !795, !ufrgs.lse.id !796
30866768,32,  %shr.i142.i.2.i = ashr i32 %injection278, 15, !opType !184, !opCode !323, !opID !797, !ufrgs.lse.id !798
30866912,1,  %cmp1.i143.i.2.i = icmp sgt i32 %injection122, %injection279, !opType !2, !opCode !75, !opID !799, !ufrgs.lse.id !800
31151456,32,  %mul.i141.i.3.i = mul nsw i32 %injection43, 1200, !opType !184, !opCode !185, !opID !803, !ufrgs.lse.id !804
31151600,32,  %shr.i142.i.3.i = ashr i32 %injection281, 15, !opType !184, !opCode !323, !opID !805, !ufrgs.lse.id !806
31151744,1,  %cmp1.i143.i.3.i = icmp sgt i32 %injection122, %injection282, !opType !2, !opCode !75, !opID !807, !ufrgs.lse.id !808
31152048,32,  %mul.i141.i.4.i = mul nsw i32 %injection43, 1520, !opType !184, !opCode !185, !opID !811, !ufrgs.lse.id !812
31152192,32,  %shr.i142.i.4.i = ashr i32 %injection284, 15, !opType !184, !opCode !323, !opID !813, !ufrgs.lse.id !814
31152336,1,  %cmp1.i143.i.4.i = icmp sgt i32 %injection122, %injection285, !opType !2, !opCode !75, !opID !815, !ufrgs.lse.id !816
31152640,32,  %mul.i141.i.5.i = mul nsw i32 %injection43, 1864, !opType !184, !opCode !185, !opID !819, !ufrgs.lse.id !820
31152784,32,  %shr.i142.i.5.i = ashr i32 %injection287, 15, !opType !184, !opCode !323, !opID !821, !ufrgs.lse.id !822
31152928,1,  %cmp1.i143.i.5.i = icmp sgt i32 %injection122, %injection288, !opType !2, !opCode !75, !opID !823, !ufrgs.lse.id !824
31153232,32,  %mul.i141.i.6.i = mul nsw i32 %injection43, 2208, !opType !184, !opCode !185, !opID !827, !ufrgs.lse.id !828
31153376,32,  %shr.i142.i.6.i = ashr i32 %injection290, 15, !opType !184, !opCode !323, !opID !829, !ufrgs.lse.id !830
31153520,1,  %cmp1.i143.i.6.i = icmp sgt i32 %injection122, %injection291, !opType !2, !opCode !75, !opID !831, !ufrgs.lse.id !832
31153824,32,  %mul.i141.i.7.i = mul nsw i32 %injection43, 2584, !opType !184, !opCode !185, !opID !835, !ufrgs.lse.id !836
31153968,32,  %shr.i142.i.7.i = ashr i32 %injection293, 15, !opType !184, !opCode !323, !opID !837, !ufrgs.lse.id !838
31154112,1,  %cmp1.i143.i.7.i = icmp sgt i32 %injection122, %injection294, !opType !2, !opCode !75, !opID !839, !ufrgs.lse.id !840
31154416,32,  %mul.i141.i.8.i = mul nsw i32 %injection43, 2960, !opType !184, !opCode !185, !opID !843, !ufrgs.lse.id !844
31154560,32,  %shr.i142.i.8.i = ashr i32 %injection296, 15, !opType !184, !opCode !323, !opID !845, !ufrgs.lse.id !846
31154704,1,  %cmp1.i143.i.8.i = icmp sgt i32 %injection122, %injection297, !opType !2, !opCode !75, !opID !847, !ufrgs.lse.id !848
31155008,32,  %mul.i141.i.9.i = mul nsw i32 %injection43, 3376, !opType !184, !opCode !185, !opID !851, !ufrgs.lse.id !852
31155152,32,  %shr.i142.i.9.i = ashr i32 %injection299, 15, !opType !184, !opCode !323, !opID !853, !ufrgs.lse.id !854
31155296,1,  %cmp1.i143.i.9.i = icmp sgt i32 %injection122, %injection300, !opType !2, !opCode !75, !opID !855, !ufrgs.lse.id !856
31155600,32,  %mul.i141.i.10.i = mul nsw i32 %injection43, 3784, !opType !184, !opCode !185, !opID !859, !ufrgs.lse.id !860
31155744,32,  %shr.i142.i.10.i = ashr i32 %injection302, 15, !opType !184, !opCode !323, !opID !861, !ufrgs.lse.id !862
31155888,1,  %cmp1.i143.i.10.i = icmp sgt i32 %injection122, %injection303, !opType !2, !opCode !75, !opID !863, !ufrgs.lse.id !864
31156192,32,  %mul.i141.i.11.i = mul nsw i32 %injection43, 4240, !opType !184, !opCode !185, !opID !867, !ufrgs.lse.id !868
31156336,32,  %shr.i142.i.11.i = ashr i32 %injection305, 15, !opType !184, !opCode !323, !opID !869, !ufrgs.lse.id !870
31156480,1,  %cmp1.i143.i.11.i = icmp sgt i32 %injection122, %injection306, !opType !2, !opCode !75, !opID !871, !ufrgs.lse.id !872
31156784,32,  %mul.i141.i.12.i = mul nsw i32 %injection43, 4696, !opType !184, !opCode !185, !opID !875, !ufrgs.lse.id !876
31156928,32,  %shr.i142.i.12.i = ashr i32 %injection308, 15, !opType !184, !opCode !323, !opID !877, !ufrgs.lse.id !878
31157072,1,  %cmp1.i143.i.12.i = icmp sgt i32 %injection122, %injection309, !opType !2, !opCode !75, !opID !879, !ufrgs.lse.id !880
31157376,32,  %mul.i141.i.13.i = mul nsw i32 %injection43, 5200, !opType !184, !opCode !185, !opID !883, !ufrgs.lse.id !884
31157520,32,  %shr.i142.i.13.i = ashr i32 %injection311, 15, !opType !184, !opCode !323, !opID !885, !ufrgs.lse.id !886
31157664,1,  %cmp1.i143.i.13.i = icmp sgt i32 %injection122, %injection312, !opType !2, !opCode !75, !opID !887, !ufrgs.lse.id !888
31157968,32,  %mul.i141.i.14.i = mul nsw i32 %injection43, 5712, !opType !184, !opCode !185, !opID !891, !ufrgs.lse.id !892
31158112,32,  %shr.i142.i.14.i = ashr i32 %injection314, 15, !opType !184, !opCode !323, !opID !893, !ufrgs.lse.id !894
31158256,1,  %cmp1.i143.i.14.i = icmp sgt i32 %injection122, %injection315, !opType !2, !opCode !75, !opID !895, !ufrgs.lse.id !896
31158560,32,  %mul.i141.i.15.i = mul nsw i32 %injection43, 6288, !opType !184, !opCode !185, !opID !899, !ufrgs.lse.id !900
31158704,32,  %shr.i142.i.15.i = ashr i32 %injection317, 15, !opType !184, !opCode !323, !opID !901, !ufrgs.lse.id !902
31158848,1,  %cmp1.i143.i.15.i = icmp sgt i32 %injection122, %injection318, !opType !2, !opCode !75, !opID !903, !ufrgs.lse.id !904
31159152,32,  %mul.i141.i.16.i = mul nsw i32 %injection43, 6864, !opType !184, !opCode !185, !opID !907, !ufrgs.lse.id !908
31159296,32,  %shr.i142.i.16.i = ashr i32 %injection320, 15, !opType !184, !opCode !323, !opID !909, !ufrgs.lse.id !910
31159440,1,  %cmp1.i143.i.16.i = icmp sgt i32 %injection122, %injection321, !opType !2, !opCode !75, !opID !911, !ufrgs.lse.id !912
31159744,32,  %mul.i141.i.17.i = mul nsw i32 %injection43, 7520, !opType !184, !opCode !185, !opID !915, !ufrgs.lse.id !916
31159888,32,  %shr.i142.i.17.i = ashr i32 %injection323, 15, !opType !184, !opCode !323, !opID !917, !ufrgs.lse.id !918
31160032,1,  %cmp1.i143.i.17.i = icmp sgt i32 %injection122, %injection324, !opType !2, !opCode !75, !opID !919, !ufrgs.lse.id !920
31160336,32,  %mul.i141.i.18.i = mul nsw i32 %injection43, 8184, !opType !184, !opCode !185, !opID !923, !ufrgs.lse.id !924
31160480,32,  %shr.i142.i.18.i = ashr i32 %injection326, 15, !opType !184, !opCode !323, !opID !925, !ufrgs.lse.id !926
31160624,1,  %cmp1.i143.i.18.i = icmp sgt i32 %injection122, %injection327, !opType !2, !opCode !75, !opID !927, !ufrgs.lse.id !928
31160928,32,  %mul.i141.i.19.i = mul nsw i32 %injection43, 8968, !opType !184, !opCode !185, !opID !931, !ufrgs.lse.id !932
31161072,32,  %shr.i142.i.19.i = ashr i32 %injection329, 15, !opType !184, !opCode !323, !opID !933, !ufrgs.lse.id !934
31161216,1,  %cmp1.i143.i.19.i = icmp sgt i32 %injection122, %injection330, !opType !2, !opCode !75, !opID !935, !ufrgs.lse.id !936
31161520,32,  %mul.i141.i.20.i = mul nsw i32 %injection43, 9752, !opType !184, !opCode !185, !opID !939, !ufrgs.lse.id !940
31161664,32,  %shr.i142.i.20.i = ashr i32 %injection332, 15, !opType !184, !opCode !323, !opID !941, !ufrgs.lse.id !942
31161808,1,  %cmp1.i143.i.20.i = icmp sgt i32 %injection122, %injection333, !opType !2, !opCode !75, !opID !943, !ufrgs.lse.id !944
31162112,32,  %mul.i141.i.21.i = mul nsw i32 %injection43, 10712, !opType !184, !opCode !185, !opID !947, !ufrgs.lse.id !948
31162256,32,  %shr.i142.i.21.i = ashr i32 %injection335, 15, !opType !184, !opCode !323, !opID !949, !ufrgs.lse.id !950
31162400,1,  %cmp1.i143.i.21.i = icmp sgt i32 %injection122, %injection336, !opType !2, !opCode !75, !opID !951, !ufrgs.lse.id !952
31162704,32,  %mul.i141.i.22.i = mul nsw i32 %injection43, 11664, !opType !184, !opCode !185, !opID !955, !ufrgs.lse.id !956
31162848,32,  %shr.i142.i.22.i = ashr i32 %injection338, 15, !opType !184, !opCode !323, !opID !957, !ufrgs.lse.id !958
31162992,1,  %cmp1.i143.i.22.i = icmp sgt i32 %injection122, %injection339, !opType !2, !opCode !75, !opID !959, !ufrgs.lse.id !960
31163296,32,  %mul.i141.i.23.i = mul nsw i32 %injection43, 12896, !opType !184, !opCode !185, !opID !963, !ufrgs.lse.id !964
31163440,32,  %shr.i142.i.23.i = ashr i32 %injection341, 15, !opType !184, !opCode !323, !opID !965, !ufrgs.lse.id !966
31163584,1,  %cmp1.i143.i.23.i = icmp sgt i32 %injection122, %injection342, !opType !2, !opCode !75, !opID !967, !ufrgs.lse.id !968
31163888,32,  %mul.i141.i.24.i = mul nsw i32 %injection43, 14120, !opType !184, !opCode !185, !opID !971, !ufrgs.lse.id !972
31164032,32,  %shr.i142.i.24.i = ashr i32 %injection344, 15, !opType !184, !opCode !323, !opID !973, !ufrgs.lse.id !974
31164176,1,  %cmp1.i143.i.24.i = icmp sgt i32 %injection122, %injection345, !opType !2, !opCode !75, !opID !975, !ufrgs.lse.id !976
31164480,32,  %mul.i141.i.25.i = mul nsw i32 %injection43, 15840, !opType !184, !opCode !185, !opID !979, !ufrgs.lse.id !980
31164624,32,  %shr.i142.i.25.i = ashr i32 %injection347, 15, !opType !184, !opCode !323, !opID !981, !ufrgs.lse.id !982
31164768,1,  %cmp1.i143.i.25.i = icmp sgt i32 %injection122, %injection348, !opType !2, !opCode !75, !opID !983, !ufrgs.lse.id !984
31165072,32,  %mul.i141.i.26.i = mul nsw i32 %injection43, 17560, !opType !184, !opCode !185, !opID !987, !ufrgs.lse.id !988
31165216,32,  %shr.i142.i.26.i = ashr i32 %injection350, 15, !opType !184, !opCode !323, !opID !989, !ufrgs.lse.id !990
31165360,1,  %cmp1.i143.i.26.i = icmp sgt i32 %injection122, %injection351, !opType !2, !opCode !75, !opID !991, !ufrgs.lse.id !992
31165664,32,  %mul.i141.i.27.i = mul nsw i32 %injection43, 20456, !opType !184, !opCode !185, !opID !995, !ufrgs.lse.id !996
31165808,32,  %shr.i142.i.27.i = ashr i32 %injection353, 15, !opType !184, !opCode !323, !opID !997, !ufrgs.lse.id !998
31165952,1,  %cmp1.i143.i.27.i = icmp sgt i32 %injection122, %injection354, !opType !2, !opCode !75, !opID !999, !ufrgs.lse.id !1000
31166256,32,  %mul.i141.i.28.i = mul nsw i32 %injection43, 23352, !opType !184, !opCode !185, !opID !1003, !ufrgs.lse.id !1004
31166400,32,  %shr.i142.i.28.i = ashr i32 %injection356, 15, !opType !184, !opCode !323, !opID !1005, !ufrgs.lse.id !1006
31166544,1,  %cmp1.i143.i.28.i = icmp sgt i32 %injection122, %injection357, !opType !2, !opCode !75, !opID !1007, !ufrgs.lse.id !1008
31166848,32,  %mul.i141.i.29.i = mul nsw i32 %injection43, 32767, !opType !184, !opCode !185, !opID !1011, !ufrgs.lse.id !1012
31166992,32,  %shr.i142.i.29.i = ashr i32 %injection359, 15, !opType !184, !opCode !323, !opID !1013, !ufrgs.lse.id !1014
31167136,1,  %cmp1.i143.i.29.i = icmp sgt i32 %injection122, %injection360, !opType !2, !opCode !75, !opID !1015, !ufrgs.lse.id !1016
31167304,32,  %. = select i1 %injection361, i32 30, i32 29, !opType !2, !opCode !397, !opID !1017, !ufrgs.lse.id !1018
31167552,0,  %arrayidx1 = getelementptr inbounds i8** %argv, i32 2, !opType !2, !opCode !3, !opID !1021, !ufrgs.lse.id !1022
